/home/colin/dockerfile_playground/install/polar/lib/python3.10/site-packages/polar/target_pose_estimator.py
/home/colin/dockerfile_playground/install/polar/lib/python3.10/site-packages/polar/position.py
/home/colin/dockerfile_playground/install/polar/lib/python3.10/site-packages/polar/teleop.py
/home/colin/dockerfile_playground/install/polar/lib/python3.10/site-packages/polar/__init__.py
/home/colin/dockerfile_playground/install/polar/lib/python3.10/site-packages/polar/look_target.py
/home/colin/dockerfile_playground/install/polar/lib/python3.10/site-packages/polar/__pycache__/target_pose_estimator.cpython-310.pyc
/home/colin/dockerfile_playground/install/polar/lib/python3.10/site-packages/polar/__pycache__/position.cpython-310.pyc
/home/colin/dockerfile_playground/install/polar/lib/python3.10/site-packages/polar/__pycache__/teleop.cpython-310.pyc
/home/colin/dockerfile_playground/install/polar/lib/python3.10/site-packages/polar/__pycache__/__init__.cpython-310.pyc
/home/colin/dockerfile_playground/install/polar/lib/python3.10/site-packages/polar/__pycache__/look_target.cpython-310.pyc
/home/colin/dockerfile_playground/install/polar/share/ament_index/resource_index/packages/polar
/home/colin/dockerfile_playground/install/polar/share/polar/package.xml
/home/colin/dockerfile_playground/install/polar/lib/python3.10/site-packages/polar-0.0.0-py3.10.egg-info/zip-safe
/home/colin/dockerfile_playground/install/polar/lib/python3.10/site-packages/polar-0.0.0-py3.10.egg-info/PKG-INFO
/home/colin/dockerfile_playground/install/polar/lib/python3.10/site-packages/polar-0.0.0-py3.10.egg-info/SOURCES.txt
/home/colin/dockerfile_playground/install/polar/lib/python3.10/site-packages/polar-0.0.0-py3.10.egg-info/requires.txt
/home/colin/dockerfile_playground/install/polar/lib/python3.10/site-packages/polar-0.0.0-py3.10.egg-info/dependency_links.txt
/home/colin/dockerfile_playground/install/polar/lib/python3.10/site-packages/polar-0.0.0-py3.10.egg-info/top_level.txt
/home/colin/dockerfile_playground/install/polar/lib/python3.10/site-packages/polar-0.0.0-py3.10.egg-info/entry_points.txt
/home/colin/dockerfile_playground/install/polar/lib/polar/look_inwards
/home/colin/dockerfile_playground/install/polar/lib/polar/position
/home/colin/dockerfile_playground/install/polar/lib/polar/teleop
