[0.020s] Invoking command in '/home/colin/dockerfile_playground/build/custom_interfaces': CMAKE_PREFIX_PATH=/opt/ros/humble /usr/bin/cmake --build /home/colin/dockerfile_playground/build/custom_interfaces -- -j12 -l12
[0.080s] [35m[1mConsolidate compiler generated dependencies of target custom_interfaces__rosidl_generator_c[0m
[0.096s] [  3%] Built target custom_interfaces__cpp
[0.097s] [ 12%] Built target custom_interfaces__rosidl_generator_c
[0.108s] [ 12%] Built target ament_cmake_python_copy_custom_interfaces
[0.114s] [35m[1mConsolidate compiler generated dependencies of target custom_interfaces__rosidl_typesupport_cpp[0m
[0.114s] [35m[1mConsolidate compiler generated dependencies of target custom_interfaces__rosidl_typesupport_fastrtps_cpp[0m
[0.116s] [35m[1mConsolidate compiler generated dependencies of target custom_interfaces__rosidl_typesupport_fastrtps_c[0m
[0.117s] [35m[1mConsolidate compiler generated dependencies of target custom_interfaces__rosidl_typesupport_introspection_cpp[0m
[0.117s] [35m[1mConsolidate compiler generated dependencies of target custom_interfaces__rosidl_typesupport_introspection_c[0m
[0.118s] [35m[1mConsolidate compiler generated dependencies of target custom_interfaces__rosidl_typesupport_c[0m
[0.138s] [ 19%] [32mBuilding C object CMakeFiles/custom_interfaces__rosidl_typesupport_introspection_c.dir/rosidl_typesupport_introspection_c/custom_interfaces/msg/detail/target_pose_polar__type_support.c.o[0m
[0.138s] [ 19%] [32mBuilding CXX object CMakeFiles/custom_interfaces__rosidl_typesupport_cpp.dir/rosidl_typesupport_cpp/custom_interfaces/msg/target_pose_polar__type_support.cpp.o[0m
[0.138s] [ 22%] [32mBuilding CXX object CMakeFiles/custom_interfaces__rosidl_typesupport_fastrtps_cpp.dir/rosidl_typesupport_fastrtps_cpp/custom_interfaces/msg/detail/dds_fastrtps/target_pose_polar__type_support.cpp.o[0m
[0.139s] [ 25%] [32mBuilding CXX object CMakeFiles/custom_interfaces__rosidl_typesupport_c.dir/rosidl_typesupport_c/custom_interfaces/msg/target_pose_polar__type_support.cpp.o[0m
[0.139s] [ 38%] Built target custom_interfaces__rosidl_typesupport_fastrtps_c
[0.139s] [ 38%] [32mBuilding CXX object CMakeFiles/custom_interfaces__rosidl_typesupport_introspection_cpp.dir/rosidl_typesupport_introspection_cpp/custom_interfaces/msg/detail/target_pose_polar__type_support.cpp.o[0m
[0.192s] [ 41%] [32m[1mLinking CXX shared library libcustom_interfaces__rosidl_typesupport_c.so[0m
[0.193s] [ 45%] [32m[1mLinking C shared library libcustom_interfaces__rosidl_typesupport_introspection_c.so[0m
[0.277s] [ 48%] [32m[1mLinking CXX shared library libcustom_interfaces__rosidl_typesupport_cpp.so[0m
[0.306s] [ 51%] [32m[1mLinking CXX shared library libcustom_interfaces__rosidl_typesupport_introspection_cpp.so[0m
[0.322s] [ 54%] [32m[1mLinking CXX shared library libcustom_interfaces__rosidl_typesupport_fastrtps_cpp.so[0m
[0.398s] [ 58%] Built target custom_interfaces__rosidl_typesupport_introspection_c
[0.421s] [ 61%] Built target custom_interfaces__rosidl_typesupport_c
[0.466s] running egg_info
[0.497s] writing custom_interfaces.egg-info/PKG-INFO
[0.498s] writing dependency_links to custom_interfaces.egg-info/dependency_links.txt
[0.498s] writing top-level names to custom_interfaces.egg-info/top_level.txt
[0.574s] [ 64%] Built target custom_interfaces__rosidl_typesupport_cpp
[0.621s] reading manifest file 'custom_interfaces.egg-info/SOURCES.txt'
[0.623s] writing manifest file 'custom_interfaces.egg-info/SOURCES.txt'
[0.647s] [ 67%] Built target custom_interfaces__rosidl_typesupport_introspection_cpp
[0.672s] [ 67%] Built target ament_cmake_python_build_custom_interfaces_egg
[0.684s] [ 70%] Built target custom_interfaces__rosidl_typesupport_fastrtps_cpp
[0.713s] [ 70%] Built target custom_interfaces
[0.745s] [ 74%] Built target custom_interfaces__py
[0.759s] [35m[1mConsolidate compiler generated dependencies of target custom_interfaces__rosidl_generator_py[0m
[0.780s] [ 77%] [32m[1mLinking C shared library rosidl_generator_py/custom_interfaces/libcustom_interfaces__rosidl_generator_py.so[0m
[1.010s] [ 80%] Built target custom_interfaces__rosidl_generator_py
[1.024s] [35m[1mConsolidate compiler generated dependencies of target custom_interfaces__rosidl_typesupport_introspection_c__pyext[0m
[1.024s] [35m[1mConsolidate compiler generated dependencies of target custom_interfaces__rosidl_typesupport_fastrtps_c__pyext[0m
[1.027s] [35m[1mConsolidate compiler generated dependencies of target custom_interfaces__rosidl_typesupport_c__pyext[0m
[1.046s] [ 83%] [32m[1mLinking C shared library rosidl_generator_py/custom_interfaces/custom_interfaces_s__rosidl_typesupport_introspection_c.cpython-310-x86_64-linux-gnu.so[0m
[1.046s] [ 87%] [32m[1mLinking C shared library rosidl_generator_py/custom_interfaces/custom_interfaces_s__rosidl_typesupport_fastrtps_c.cpython-310-x86_64-linux-gnu.so[0m
[1.048s] [ 90%] [32m[1mLinking C shared library rosidl_generator_py/custom_interfaces/custom_interfaces_s__rosidl_typesupport_c.cpython-310-x86_64-linux-gnu.so[0m
[1.211s] [ 93%] Built target custom_interfaces__rosidl_typesupport_c__pyext
[1.224s] [ 96%] Built target custom_interfaces__rosidl_typesupport_introspection_c__pyext
[1.249s] [100%] Built target custom_interfaces__rosidl_typesupport_fastrtps_c__pyext
[1.267s] Invoked command in '/home/colin/dockerfile_playground/build/custom_interfaces' returned '0': CMAKE_PREFIX_PATH=/opt/ros/humble /usr/bin/cmake --build /home/colin/dockerfile_playground/build/custom_interfaces -- -j12 -l12
[1.270s] Invoking command in '/home/colin/dockerfile_playground/build/custom_interfaces': CMAKE_PREFIX_PATH=/opt/ros/humble /usr/bin/cmake --install /home/colin/dockerfile_playground/build/custom_interfaces
[1.280s] -- Install configuration: ""
[1.280s] -- Up-to-date: /home/colin/dockerfile_playground/install/custom_interfaces/share/ament_index/resource_index/rosidl_interfaces/custom_interfaces
[1.280s] -- Up-to-date: /home/colin/dockerfile_playground/install/custom_interfaces/include/custom_interfaces/custom_interfaces
[1.281s] -- Up-to-date: /home/colin/dockerfile_playground/install/custom_interfaces/include/custom_interfaces/custom_interfaces/msg
[1.281s] -- Up-to-date: /home/colin/dockerfile_playground/install/custom_interfaces/include/custom_interfaces/custom_interfaces/msg/target_pose_polar.h
[1.281s] -- Up-to-date: /home/colin/dockerfile_playground/install/custom_interfaces/include/custom_interfaces/custom_interfaces/msg/detail
[1.281s] -- Up-to-date: /home/colin/dockerfile_playground/install/custom_interfaces/include/custom_interfaces/custom_interfaces/msg/detail/target_pose_polar__type_support.h
[1.281s] -- Up-to-date: /home/colin/dockerfile_playground/install/custom_interfaces/include/custom_interfaces/custom_interfaces/msg/detail/target_pose_polar__functions.c
[1.281s] -- Up-to-date: /home/colin/dockerfile_playground/install/custom_interfaces/include/custom_interfaces/custom_interfaces/msg/detail/target_pose_polar__functions.h
[1.282s] -- Up-to-date: /home/colin/dockerfile_playground/install/custom_interfaces/include/custom_interfaces/custom_interfaces/msg/detail/target_pose_polar__struct.h
[1.282s] -- Up-to-date: /home/colin/dockerfile_playground/install/custom_interfaces/include/custom_interfaces/custom_interfaces/msg/rosidl_generator_c__visibility_control.h
[1.282s] -- Up-to-date: /home/colin/dockerfile_playground/install/custom_interfaces/share/custom_interfaces/environment/library_path.sh
[1.282s] -- Up-to-date: /home/colin/dockerfile_playground/install/custom_interfaces/share/custom_interfaces/environment/library_path.dsv
[1.282s] -- Up-to-date: /home/colin/dockerfile_playground/install/custom_interfaces/lib/libcustom_interfaces__rosidl_generator_c.so
[1.283s] -- Up-to-date: /home/colin/dockerfile_playground/install/custom_interfaces/include/custom_interfaces/custom_interfaces
[1.283s] -- Up-to-date: /home/colin/dockerfile_playground/install/custom_interfaces/include/custom_interfaces/custom_interfaces/msg
[1.283s] -- Up-to-date: /home/colin/dockerfile_playground/install/custom_interfaces/include/custom_interfaces/custom_interfaces/msg/rosidl_typesupport_fastrtps_c__visibility_control.h
[1.283s] -- Up-to-date: /home/colin/dockerfile_playground/install/custom_interfaces/include/custom_interfaces/custom_interfaces/msg/detail
[1.284s] -- Up-to-date: /home/colin/dockerfile_playground/install/custom_interfaces/include/custom_interfaces/custom_interfaces/msg/detail/target_pose_polar__rosidl_typesupport_fastrtps_c.h
[1.284s] -- Up-to-date: /home/colin/dockerfile_playground/install/custom_interfaces/lib/libcustom_interfaces__rosidl_typesupport_fastrtps_c.so
[1.284s] -- Up-to-date: /home/colin/dockerfile_playground/install/custom_interfaces/include/custom_interfaces/custom_interfaces
[1.285s] -- Up-to-date: /home/colin/dockerfile_playground/install/custom_interfaces/include/custom_interfaces/custom_interfaces/msg
[1.285s] -- Up-to-date: /home/colin/dockerfile_playground/install/custom_interfaces/include/custom_interfaces/custom_interfaces/msg/rosidl_typesupport_introspection_c__visibility_control.h
[1.285s] -- Up-to-date: /home/colin/dockerfile_playground/install/custom_interfaces/include/custom_interfaces/custom_interfaces/msg/detail
[1.285s] -- Up-to-date: /home/colin/dockerfile_playground/install/custom_interfaces/include/custom_interfaces/custom_interfaces/msg/detail/target_pose_polar__rosidl_typesupport_introspection_c.h
[1.285s] -- Up-to-date: /home/colin/dockerfile_playground/install/custom_interfaces/include/custom_interfaces/custom_interfaces/msg/detail/target_pose_polar__type_support.c
[1.285s] -- Installing: /home/colin/dockerfile_playground/install/custom_interfaces/lib/libcustom_interfaces__rosidl_typesupport_introspection_c.so
[1.285s] -- Set runtime path of "/home/colin/dockerfile_playground/install/custom_interfaces/lib/libcustom_interfaces__rosidl_typesupport_introspection_c.so" to ""
[1.286s] -- Installing: /home/colin/dockerfile_playground/install/custom_interfaces/lib/libcustom_interfaces__rosidl_typesupport_c.so
[1.286s] -- Set runtime path of "/home/colin/dockerfile_playground/install/custom_interfaces/lib/libcustom_interfaces__rosidl_typesupport_c.so" to ""
[1.286s] -- Up-to-date: /home/colin/dockerfile_playground/install/custom_interfaces/include/custom_interfaces/custom_interfaces
[1.287s] -- Up-to-date: /home/colin/dockerfile_playground/install/custom_interfaces/include/custom_interfaces/custom_interfaces/msg
[1.287s] -- Up-to-date: /home/colin/dockerfile_playground/install/custom_interfaces/include/custom_interfaces/custom_interfaces/msg/rosidl_generator_cpp__visibility_control.hpp
[1.287s] -- Up-to-date: /home/colin/dockerfile_playground/install/custom_interfaces/include/custom_interfaces/custom_interfaces/msg/detail
[1.288s] -- Up-to-date: /home/colin/dockerfile_playground/install/custom_interfaces/include/custom_interfaces/custom_interfaces/msg/detail/target_pose_polar__traits.hpp
[1.288s] -- Up-to-date: /home/colin/dockerfile_playground/install/custom_interfaces/include/custom_interfaces/custom_interfaces/msg/detail/target_pose_polar__builder.hpp
[1.288s] -- Up-to-date: /home/colin/dockerfile_playground/install/custom_interfaces/include/custom_interfaces/custom_interfaces/msg/detail/target_pose_polar__struct.hpp
[1.288s] -- Up-to-date: /home/colin/dockerfile_playground/install/custom_interfaces/include/custom_interfaces/custom_interfaces/msg/detail/target_pose_polar__type_support.hpp
[1.288s] -- Up-to-date: /home/colin/dockerfile_playground/install/custom_interfaces/include/custom_interfaces/custom_interfaces/msg/target_pose_polar.hpp
[1.288s] -- Up-to-date: /home/colin/dockerfile_playground/install/custom_interfaces/include/custom_interfaces/custom_interfaces
[1.288s] -- Up-to-date: /home/colin/dockerfile_playground/install/custom_interfaces/include/custom_interfaces/custom_interfaces/msg
[1.288s] -- Up-to-date: /home/colin/dockerfile_playground/install/custom_interfaces/include/custom_interfaces/custom_interfaces/msg/rosidl_typesupport_fastrtps_cpp__visibility_control.h
[1.288s] -- Up-to-date: /home/colin/dockerfile_playground/install/custom_interfaces/include/custom_interfaces/custom_interfaces/msg/detail
[1.289s] -- Up-to-date: /home/colin/dockerfile_playground/install/custom_interfaces/include/custom_interfaces/custom_interfaces/msg/detail/dds_fastrtps
[1.289s] -- Up-to-date: /home/colin/dockerfile_playground/install/custom_interfaces/include/custom_interfaces/custom_interfaces/msg/detail/target_pose_polar__rosidl_typesupport_fastrtps_cpp.hpp
[1.289s] -- Installing: /home/colin/dockerfile_playground/install/custom_interfaces/lib/libcustom_interfaces__rosidl_typesupport_fastrtps_cpp.so
[1.289s] -- Set runtime path of "/home/colin/dockerfile_playground/install/custom_interfaces/lib/libcustom_interfaces__rosidl_typesupport_fastrtps_cpp.so" to ""
[1.290s] -- Up-to-date: /home/colin/dockerfile_playground/install/custom_interfaces/include/custom_interfaces/custom_interfaces
[1.290s] -- Up-to-date: /home/colin/dockerfile_playground/install/custom_interfaces/include/custom_interfaces/custom_interfaces/msg
[1.290s] -- Up-to-date: /home/colin/dockerfile_playground/install/custom_interfaces/include/custom_interfaces/custom_interfaces/msg/detail
[1.290s] -- Up-to-date: /home/colin/dockerfile_playground/install/custom_interfaces/include/custom_interfaces/custom_interfaces/msg/detail/target_pose_polar__rosidl_typesupport_introspection_cpp.hpp
[1.290s] -- Up-to-date: /home/colin/dockerfile_playground/install/custom_interfaces/include/custom_interfaces/custom_interfaces/msg/detail/target_pose_polar__type_support.cpp
[1.290s] -- Installing: /home/colin/dockerfile_playground/install/custom_interfaces/lib/libcustom_interfaces__rosidl_typesupport_introspection_cpp.so
[1.290s] -- Set runtime path of "/home/colin/dockerfile_playground/install/custom_interfaces/lib/libcustom_interfaces__rosidl_typesupport_introspection_cpp.so" to ""
[1.291s] -- Installing: /home/colin/dockerfile_playground/install/custom_interfaces/lib/libcustom_interfaces__rosidl_typesupport_cpp.so
[1.291s] -- Set runtime path of "/home/colin/dockerfile_playground/install/custom_interfaces/lib/libcustom_interfaces__rosidl_typesupport_cpp.so" to ""
[1.291s] -- Up-to-date: /home/colin/dockerfile_playground/install/custom_interfaces/share/custom_interfaces/environment/pythonpath.sh
[1.291s] -- Up-to-date: /home/colin/dockerfile_playground/install/custom_interfaces/share/custom_interfaces/environment/pythonpath.dsv
[1.292s] -- Up-to-date: /home/colin/dockerfile_playground/install/custom_interfaces/local/lib/python3.10/dist-packages/custom_interfaces-0.0.0-py3.10.egg-info
[1.292s] -- Installing: /home/colin/dockerfile_playground/install/custom_interfaces/local/lib/python3.10/dist-packages/custom_interfaces-0.0.0-py3.10.egg-info/PKG-INFO
[1.292s] -- Installing: /home/colin/dockerfile_playground/install/custom_interfaces/local/lib/python3.10/dist-packages/custom_interfaces-0.0.0-py3.10.egg-info/SOURCES.txt
[1.293s] -- Installing: /home/colin/dockerfile_playground/install/custom_interfaces/local/lib/python3.10/dist-packages/custom_interfaces-0.0.0-py3.10.egg-info/dependency_links.txt
[1.293s] -- Installing: /home/colin/dockerfile_playground/install/custom_interfaces/local/lib/python3.10/dist-packages/custom_interfaces-0.0.0-py3.10.egg-info/top_level.txt
[1.293s] -- Up-to-date: /home/colin/dockerfile_playground/install/custom_interfaces/local/lib/python3.10/dist-packages/custom_interfaces
[1.293s] -- Up-to-date: /home/colin/dockerfile_playground/install/custom_interfaces/local/lib/python3.10/dist-packages/custom_interfaces/msg
[1.294s] -- Up-to-date: /home/colin/dockerfile_playground/install/custom_interfaces/local/lib/python3.10/dist-packages/custom_interfaces/msg/_target_pose_polar_s.c
[1.294s] -- Up-to-date: /home/colin/dockerfile_playground/install/custom_interfaces/local/lib/python3.10/dist-packages/custom_interfaces/msg/__init__.py
[1.294s] -- Up-to-date: /home/colin/dockerfile_playground/install/custom_interfaces/local/lib/python3.10/dist-packages/custom_interfaces/msg/_target_pose_polar.py
[1.294s] -- Installing: /home/colin/dockerfile_playground/install/custom_interfaces/local/lib/python3.10/dist-packages/custom_interfaces/custom_interfaces_s__rosidl_typesupport_fastrtps_c.cpython-310-x86_64-linux-gnu.so
[1.294s] -- Up-to-date: /home/colin/dockerfile_playground/install/custom_interfaces/local/lib/python3.10/dist-packages/custom_interfaces/_custom_interfaces_s.ep.rosidl_typesupport_introspection_c.c
[1.295s] -- Up-to-date: /home/colin/dockerfile_playground/install/custom_interfaces/local/lib/python3.10/dist-packages/custom_interfaces/_custom_interfaces_s.ep.rosidl_typesupport_fastrtps_c.c
[1.295s] -- Up-to-date: /home/colin/dockerfile_playground/install/custom_interfaces/local/lib/python3.10/dist-packages/custom_interfaces/_custom_interfaces_s.ep.rosidl_typesupport_c.c
[1.295s] -- Installing: /home/colin/dockerfile_playground/install/custom_interfaces/local/lib/python3.10/dist-packages/custom_interfaces/libcustom_interfaces__rosidl_generator_py.so
[1.295s] -- Up-to-date: /home/colin/dockerfile_playground/install/custom_interfaces/local/lib/python3.10/dist-packages/custom_interfaces/__init__.py
[1.295s] -- Installing: /home/colin/dockerfile_playground/install/custom_interfaces/local/lib/python3.10/dist-packages/custom_interfaces/custom_interfaces_s__rosidl_typesupport_c.cpython-310-x86_64-linux-gnu.so
[1.295s] -- Installing: /home/colin/dockerfile_playground/install/custom_interfaces/local/lib/python3.10/dist-packages/custom_interfaces/custom_interfaces_s__rosidl_typesupport_introspection_c.cpython-310-x86_64-linux-gnu.so
[1.334s] Listing '/home/colin/dockerfile_playground/install/custom_interfaces/local/lib/python3.10/dist-packages/custom_interfaces'...
[1.334s] Listing '/home/colin/dockerfile_playground/install/custom_interfaces/local/lib/python3.10/dist-packages/custom_interfaces/msg'...
[1.339s] -- Installing: /home/colin/dockerfile_playground/install/custom_interfaces/local/lib/python3.10/dist-packages/custom_interfaces/custom_interfaces_s__rosidl_typesupport_fastrtps_c.cpython-310-x86_64-linux-gnu.so
[1.340s] -- Set runtime path of "/home/colin/dockerfile_playground/install/custom_interfaces/local/lib/python3.10/dist-packages/custom_interfaces/custom_interfaces_s__rosidl_typesupport_fastrtps_c.cpython-310-x86_64-linux-gnu.so" to ""
[1.340s] -- Installing: /home/colin/dockerfile_playground/install/custom_interfaces/local/lib/python3.10/dist-packages/custom_interfaces/custom_interfaces_s__rosidl_typesupport_introspection_c.cpython-310-x86_64-linux-gnu.so
[1.341s] -- Set runtime path of "/home/colin/dockerfile_playground/install/custom_interfaces/local/lib/python3.10/dist-packages/custom_interfaces/custom_interfaces_s__rosidl_typesupport_introspection_c.cpython-310-x86_64-linux-gnu.so" to ""
[1.341s] -- Installing: /home/colin/dockerfile_playground/install/custom_interfaces/local/lib/python3.10/dist-packages/custom_interfaces/custom_interfaces_s__rosidl_typesupport_c.cpython-310-x86_64-linux-gnu.so
[1.341s] -- Set runtime path of "/home/colin/dockerfile_playground/install/custom_interfaces/local/lib/python3.10/dist-packages/custom_interfaces/custom_interfaces_s__rosidl_typesupport_c.cpython-310-x86_64-linux-gnu.so" to ""
[1.342s] -- Installing: /home/colin/dockerfile_playground/install/custom_interfaces/lib/libcustom_interfaces__rosidl_generator_py.so
[1.342s] -- Set runtime path of "/home/colin/dockerfile_playground/install/custom_interfaces/lib/libcustom_interfaces__rosidl_generator_py.so" to ""
[1.343s] -- Up-to-date: /home/colin/dockerfile_playground/install/custom_interfaces/share/custom_interfaces/msg/TargetPosePolar.idl
[1.343s] -- Up-to-date: /home/colin/dockerfile_playground/install/custom_interfaces/share/custom_interfaces/msg/TargetPosePolar.msg
[1.343s] -- Up-to-date: /home/colin/dockerfile_playground/install/custom_interfaces/share/ament_index/resource_index/package_run_dependencies/custom_interfaces
[1.343s] -- Up-to-date: /home/colin/dockerfile_playground/install/custom_interfaces/share/ament_index/resource_index/parent_prefix_path/custom_interfaces
[1.344s] -- Up-to-date: /home/colin/dockerfile_playground/install/custom_interfaces/share/custom_interfaces/environment/ament_prefix_path.sh
[1.344s] -- Up-to-date: /home/colin/dockerfile_playground/install/custom_interfaces/share/custom_interfaces/environment/ament_prefix_path.dsv
[1.344s] -- Up-to-date: /home/colin/dockerfile_playground/install/custom_interfaces/share/custom_interfaces/environment/path.sh
[1.344s] -- Up-to-date: /home/colin/dockerfile_playground/install/custom_interfaces/share/custom_interfaces/environment/path.dsv
[1.345s] -- Up-to-date: /home/colin/dockerfile_playground/install/custom_interfaces/share/custom_interfaces/local_setup.bash
[1.345s] -- Up-to-date: /home/colin/dockerfile_playground/install/custom_interfaces/share/custom_interfaces/local_setup.sh
[1.345s] -- Up-to-date: /home/colin/dockerfile_playground/install/custom_interfaces/share/custom_interfaces/local_setup.zsh
[1.345s] -- Up-to-date: /home/colin/dockerfile_playground/install/custom_interfaces/share/custom_interfaces/local_setup.dsv
[1.346s] -- Installing: /home/colin/dockerfile_playground/install/custom_interfaces/share/custom_interfaces/package.dsv
[1.346s] -- Up-to-date: /home/colin/dockerfile_playground/install/custom_interfaces/share/ament_index/resource_index/packages/custom_interfaces
[1.346s] -- Up-to-date: /home/colin/dockerfile_playground/install/custom_interfaces/share/custom_interfaces/cmake/export_custom_interfaces__rosidl_generator_cExport.cmake
[1.346s] -- Up-to-date: /home/colin/dockerfile_playground/install/custom_interfaces/share/custom_interfaces/cmake/export_custom_interfaces__rosidl_generator_cExport-noconfig.cmake
[1.347s] -- Up-to-date: /home/colin/dockerfile_playground/install/custom_interfaces/share/custom_interfaces/cmake/export_custom_interfaces__rosidl_typesupport_fastrtps_cExport.cmake
[1.347s] -- Up-to-date: /home/colin/dockerfile_playground/install/custom_interfaces/share/custom_interfaces/cmake/export_custom_interfaces__rosidl_typesupport_fastrtps_cExport-noconfig.cmake
[1.347s] -- Up-to-date: /home/colin/dockerfile_playground/install/custom_interfaces/share/custom_interfaces/cmake/custom_interfaces__rosidl_typesupport_introspection_cExport.cmake
[1.348s] -- Up-to-date: /home/colin/dockerfile_playground/install/custom_interfaces/share/custom_interfaces/cmake/custom_interfaces__rosidl_typesupport_introspection_cExport-noconfig.cmake
[1.348s] -- Up-to-date: /home/colin/dockerfile_playground/install/custom_interfaces/share/custom_interfaces/cmake/custom_interfaces__rosidl_typesupport_cExport.cmake
[1.348s] -- Up-to-date: /home/colin/dockerfile_playground/install/custom_interfaces/share/custom_interfaces/cmake/custom_interfaces__rosidl_typesupport_cExport-noconfig.cmake
[1.348s] -- Up-to-date: /home/colin/dockerfile_playground/install/custom_interfaces/share/custom_interfaces/cmake/export_custom_interfaces__rosidl_generator_cppExport.cmake
[1.348s] -- Up-to-date: /home/colin/dockerfile_playground/install/custom_interfaces/share/custom_interfaces/cmake/export_custom_interfaces__rosidl_typesupport_fastrtps_cppExport.cmake
[1.348s] -- Up-to-date: /home/colin/dockerfile_playground/install/custom_interfaces/share/custom_interfaces/cmake/export_custom_interfaces__rosidl_typesupport_fastrtps_cppExport-noconfig.cmake
[1.348s] -- Up-to-date: /home/colin/dockerfile_playground/install/custom_interfaces/share/custom_interfaces/cmake/custom_interfaces__rosidl_typesupport_introspection_cppExport.cmake
[1.348s] -- Up-to-date: /home/colin/dockerfile_playground/install/custom_interfaces/share/custom_interfaces/cmake/custom_interfaces__rosidl_typesupport_introspection_cppExport-noconfig.cmake
[1.348s] -- Up-to-date: /home/colin/dockerfile_playground/install/custom_interfaces/share/custom_interfaces/cmake/custom_interfaces__rosidl_typesupport_cppExport.cmake
[1.348s] -- Up-to-date: /home/colin/dockerfile_playground/install/custom_interfaces/share/custom_interfaces/cmake/custom_interfaces__rosidl_typesupport_cppExport-noconfig.cmake
[1.348s] -- Up-to-date: /home/colin/dockerfile_playground/install/custom_interfaces/share/custom_interfaces/cmake/export_custom_interfaces__rosidl_generator_pyExport.cmake
[1.348s] -- Up-to-date: /home/colin/dockerfile_playground/install/custom_interfaces/share/custom_interfaces/cmake/export_custom_interfaces__rosidl_generator_pyExport-noconfig.cmake
[1.348s] -- Up-to-date: /home/colin/dockerfile_playground/install/custom_interfaces/share/custom_interfaces/cmake/rosidl_cmake-extras.cmake
[1.348s] -- Up-to-date: /home/colin/dockerfile_playground/install/custom_interfaces/share/custom_interfaces/cmake/ament_cmake_export_dependencies-extras.cmake
[1.349s] -- Up-to-date: /home/colin/dockerfile_playground/install/custom_interfaces/share/custom_interfaces/cmake/ament_cmake_export_include_directories-extras.cmake
[1.349s] -- Up-to-date: /home/colin/dockerfile_playground/install/custom_interfaces/share/custom_interfaces/cmake/ament_cmake_export_libraries-extras.cmake
[1.349s] -- Up-to-date: /home/colin/dockerfile_playground/install/custom_interfaces/share/custom_interfaces/cmake/ament_cmake_export_targets-extras.cmake
[1.349s] -- Up-to-date: /home/colin/dockerfile_playground/install/custom_interfaces/share/custom_interfaces/cmake/rosidl_cmake_export_typesupport_targets-extras.cmake
[1.349s] -- Up-to-date: /home/colin/dockerfile_playground/install/custom_interfaces/share/custom_interfaces/cmake/rosidl_cmake_export_typesupport_libraries-extras.cmake
[1.349s] -- Up-to-date: /home/colin/dockerfile_playground/install/custom_interfaces/share/custom_interfaces/cmake/custom_interfacesConfig.cmake
[1.349s] -- Up-to-date: /home/colin/dockerfile_playground/install/custom_interfaces/share/custom_interfaces/cmake/custom_interfacesConfig-version.cmake
[1.349s] -- Up-to-date: /home/colin/dockerfile_playground/install/custom_interfaces/share/custom_interfaces/package.xml
[1.352s] Invoked command in '/home/colin/dockerfile_playground/build/custom_interfaces' returned '0': CMAKE_PREFIX_PATH=/opt/ros/humble /usr/bin/cmake --install /home/colin/dockerfile_playground/build/custom_interfaces
