[0.019s] Invoking command in '/home/colin/dockerfile_playground/build/start_mission': CMAKE_PREFIX_PATH=/opt/ros/humble /usr/bin/cmake --build /home/colin/dockerfile_playground/build/start_mission -- -j12 -l12
[0.075s] Invoked command in '/home/colin/dockerfile_playground/build/start_mission' returned '0': CMAKE_PREFIX_PATH=/opt/ros/humble /usr/bin/cmake --build /home/colin/dockerfile_playground/build/start_mission -- -j12 -l12
[0.088s] Invoking command in '/home/colin/dockerfile_playground/build/start_mission': CMAKE_PREFIX_PATH=/opt/ros/humble /usr/bin/cmake --install /home/colin/dockerfile_playground/build/start_mission
[0.100s] -- Install configuration: ""
[0.100s] -- Up-to-date: /home/colin/dockerfile_playground/install/start_mission/share/start_mission/launch
[0.101s] -- Up-to-date: /home/colin/dockerfile_playground/install/start_mission/share/start_mission/launch/start.approach.lauch.py
[0.101s] -- Up-to-date: /home/colin/dockerfile_playground/install/start_mission/share/ament_index/resource_index/package_run_dependencies/start_mission
[0.101s] -- Up-to-date: /home/colin/dockerfile_playground/install/start_mission/share/ament_index/resource_index/parent_prefix_path/start_mission
[0.101s] -- Up-to-date: /home/colin/dockerfile_playground/install/start_mission/share/start_mission/environment/ament_prefix_path.sh
[0.101s] -- Up-to-date: /home/colin/dockerfile_playground/install/start_mission/share/start_mission/environment/ament_prefix_path.dsv
[0.102s] -- Up-to-date: /home/colin/dockerfile_playground/install/start_mission/share/start_mission/environment/path.sh
[0.102s] -- Up-to-date: /home/colin/dockerfile_playground/install/start_mission/share/start_mission/environment/path.dsv
[0.102s] -- Up-to-date: /home/colin/dockerfile_playground/install/start_mission/share/start_mission/local_setup.bash
[0.102s] -- Up-to-date: /home/colin/dockerfile_playground/install/start_mission/share/start_mission/local_setup.sh
[0.102s] -- Up-to-date: /home/colin/dockerfile_playground/install/start_mission/share/start_mission/local_setup.zsh
[0.102s] -- Up-to-date: /home/colin/dockerfile_playground/install/start_mission/share/start_mission/local_setup.dsv
[0.102s] -- Up-to-date: /home/colin/dockerfile_playground/install/start_mission/share/start_mission/package.dsv
[0.103s] -- Up-to-date: /home/colin/dockerfile_playground/install/start_mission/share/ament_index/resource_index/packages/start_mission
[0.103s] -- Up-to-date: /home/colin/dockerfile_playground/install/start_mission/share/start_mission/cmake/start_missionConfig.cmake
[0.103s] -- Up-to-date: /home/colin/dockerfile_playground/install/start_mission/share/start_mission/cmake/start_missionConfig-version.cmake
[0.103s] -- Up-to-date: /home/colin/dockerfile_playground/install/start_mission/share/start_mission/package.xml
[0.106s] Invoked command in '/home/colin/dockerfile_playground/build/start_mission' returned '0': CMAKE_PREFIX_PATH=/opt/ros/humble /usr/bin/cmake --install /home/colin/dockerfile_playground/build/start_mission
