[0.028s] Invoking command in '/home/colin/dockerfile_playground/build/start_mission': CMAKE_PREFIX_PATH=/opt/ros/humble /usr/bin/cmake /home/colin/dockerfile_playground/ros2_ws/src/start_mission -DCMAKE_INSTALL_PREFIX=/home/colin/dockerfile_playground/install/start_mission
[0.416s] -- The C compiler identification is GNU 11.4.0
[0.998s] -- The CXX compiler identification is GNU 11.4.0
[1.307s] -- Detecting C compiler ABI info
[1.537s] -- Detecting C compiler ABI info - done
[1.545s] -- Check for working C compiler: /usr/lib/ccache/cc - skipped
[1.545s] -- Detecting C compile features
[1.545s] -- Detecting C compile features - done
[1.549s] -- Detecting CXX compiler ABI info
[1.771s] -- Detecting CXX compiler ABI info - done
[1.779s] -- Check for working CXX compiler: /usr/lib/ccache/c++ - skipped
[1.779s] -- Detecting CXX compile features
[1.779s] -- Detecting CXX compile features - done
[1.804s] -- Found ament_cmake: 1.3.11 (/opt/ros/humble/share/ament_cmake/cmake)
[2.231s] -- Found Python3: /usr/bin/python3 (found version "3.10.12") found components: Interpreter 
[2.340s] -- Found ament_lint_auto: 0.12.11 (/opt/ros/humble/share/ament_lint_auto/cmake)
[2.445s] -- Added test 'flake8' to check Python code syntax and style conventions
[2.446s] -- Added test 'lint_cmake' to check CMake code style
[2.448s] -- Added test 'pep257' to check Python code against some of the docstring style conventions in PEP 257
[2.450s] -- Added test 'xmllint' to check XML markup files
[2.454s] -- Configuring done
[2.464s] -- Generating done
[2.467s] -- Build files have been written to: /home/colin/dockerfile_playground/build/start_mission
[2.473s] Invoked command in '/home/colin/dockerfile_playground/build/start_mission' returned '0': CMAKE_PREFIX_PATH=/opt/ros/humble /usr/bin/cmake /home/colin/dockerfile_playground/ros2_ws/src/start_mission -DCMAKE_INSTALL_PREFIX=/home/colin/dockerfile_playground/install/start_mission
[2.476s] Invoking command in '/home/colin/dockerfile_playground/build/start_mission': CMAKE_PREFIX_PATH=/opt/ros/humble /usr/bin/cmake --build /home/colin/dockerfile_playground/build/start_mission -- -j12 -l12
[2.532s] Invoked command in '/home/colin/dockerfile_playground/build/start_mission' returned '0': CMAKE_PREFIX_PATH=/opt/ros/humble /usr/bin/cmake --build /home/colin/dockerfile_playground/build/start_mission -- -j12 -l12
[2.547s] Invoking command in '/home/colin/dockerfile_playground/build/start_mission': CMAKE_PREFIX_PATH=/opt/ros/humble /usr/bin/cmake --install /home/colin/dockerfile_playground/build/start_mission
[2.556s] -- Install configuration: ""
[2.556s] -- Installing: /home/colin/dockerfile_playground/install/start_mission/share/start_mission/launch
[2.558s] -- Installing: /home/colin/dockerfile_playground/install/start_mission/share/start_mission/launch/start.approach.lauch.py
[2.561s] -- Installing: /home/colin/dockerfile_playground/install/start_mission/share/ament_index/resource_index/package_run_dependencies/start_mission
[2.562s] -- Installing: /home/colin/dockerfile_playground/install/start_mission/share/ament_index/resource_index/parent_prefix_path/start_mission
[2.562s] -- Installing: /home/colin/dockerfile_playground/install/start_mission/share/start_mission/environment/ament_prefix_path.sh
[2.563s] -- Installing: /home/colin/dockerfile_playground/install/start_mission/share/start_mission/environment/ament_prefix_path.dsv
[2.563s] -- Installing: /home/colin/dockerfile_playground/install/start_mission/share/start_mission/environment/path.sh
[2.563s] -- Installing: /home/colin/dockerfile_playground/install/start_mission/share/start_mission/environment/path.dsv
[2.564s] -- Installing: /home/colin/dockerfile_playground/install/start_mission/share/start_mission/local_setup.bash
[2.564s] -- Installing: /home/colin/dockerfile_playground/install/start_mission/share/start_mission/local_setup.sh
[2.564s] -- Installing: /home/colin/dockerfile_playground/install/start_mission/share/start_mission/local_setup.zsh
[2.564s] -- Installing: /home/colin/dockerfile_playground/install/start_mission/share/start_mission/local_setup.dsv
[2.565s] -- Installing: /home/colin/dockerfile_playground/install/start_mission/share/start_mission/package.dsv
[2.566s] -- Installing: /home/colin/dockerfile_playground/install/start_mission/share/ament_index/resource_index/packages/start_mission
[2.566s] -- Installing: /home/colin/dockerfile_playground/install/start_mission/share/start_mission/cmake/start_missionConfig.cmake
[2.567s] -- Installing: /home/colin/dockerfile_playground/install/start_mission/share/start_mission/cmake/start_missionConfig-version.cmake
[2.567s] -- Installing: /home/colin/dockerfile_playground/install/start_mission/share/start_mission/package.xml
[2.571s] Invoked command in '/home/colin/dockerfile_playground/build/start_mission' returned '0': CMAKE_PREFIX_PATH=/opt/ros/humble /usr/bin/cmake --install /home/colin/dockerfile_playground/build/start_mission
