running egg_info
writing ../../../build/mission/mission.egg-info/PKG-INFO
writing dependency_links to ../../../build/mission/mission.egg-info/dependency_links.txt
writing entry points to ../../../build/mission/mission.egg-info/entry_points.txt
writing requirements to ../../../build/mission/mission.egg-info/requires.txt
writing top-level names to ../../../build/mission/mission.egg-info/top_level.txt
reading manifest file '../../../build/mission/mission.egg-info/SOURCES.txt'
writing manifest file '../../../build/mission/mission.egg-info/SOURCES.txt'
running build
running build_py
[DEBUG] Generating interface from: /home/colin/dockerfile_playground/ros2_ws/src/mission/mission/control_interface/control_config.json
[DEBUG] Successfully generated: /home/colin/dockerfile_playground/ros2_ws/src/mission/mission/control_interface/index.html
copying mission/abort_brake_node.py -> /home/colin/dockerfile_playground/build/mission/build/lib/mission
copying mission/web_manual_control_node.py -> /home/colin/dockerfile_playground/build/mission/build/lib/mission
copying mission/drop.py -> /home/colin/dockerfile_playground/build/mission/build/lib/mission
copying mission/machine_vision.py -> /home/colin/dockerfile_playground/build/mission/build/lib/mission
copying mission/state_node_advanced.py -> /home/colin/dockerfile_playground/build/mission/build/lib/mission
copying mission/approach_node_raw.py -> /home/colin/dockerfile_playground/build/mission/build/lib/mission
copying mission/other_machine_vision.py -> /home/colin/dockerfile_playground/build/mission/build/lib/mission
copying mission/__init__.py -> /home/colin/dockerfile_playground/build/mission/build/lib/mission
copying mission/cam2.py -> /home/colin/dockerfile_playground/build/mission/build/lib/mission
copying mission/graph_node.py -> /home/colin/dockerfile_playground/build/mission/build/lib/mission
copying mission/approach_node.py -> /home/colin/dockerfile_playground/build/mission/build/lib/mission
copying mission/valve_control.py -> /home/colin/dockerfile_playground/build/mission/build/lib/mission
copying mission/target_publisher_node.py -> /home/colin/dockerfile_playground/build/mission/build/lib/mission
copying mission/cam_pub.py -> /home/colin/dockerfile_playground/build/mission/build/lib/mission
copying mission/control_interface/index.html -> /home/colin/dockerfile_playground/build/mission/build/lib/mission/control_interface
copying mission/control_interface/control_config.json -> /home/colin/dockerfile_playground/build/mission/build/lib/mission/control_interface
copying mission/control_interface/static/style.css -> /home/colin/dockerfile_playground/build/mission/build/lib/mission/control_interface/static
copying mission/control_interface/static/index.js -> /home/colin/dockerfile_playground/build/mission/build/lib/mission/control_interface/static
running install
running install_lib
copying /home/colin/dockerfile_playground/build/mission/build/lib/mission/control_interface/index.html -> /home/colin/dockerfile_playground/install/mission/lib/python3.10/site-packages/mission/control_interface
running install_data
copying resource/mission -> /home/colin/dockerfile_playground/install/mission/share/ament_index/resource_index/packages
copying package.xml -> /home/colin/dockerfile_playground/install/mission/share/mission
copying mission/control_interface/index.html -> /home/colin/dockerfile_playground/install/mission/share/mission/control_interface
copying mission/control_interface/static/style.css -> /home/colin/dockerfile_playground/install/mission/share/mission/control_interface/static
copying mission/control_interface/static/index.js -> /home/colin/dockerfile_playground/install/mission/share/mission/control_interface/static
running install_egg_info
removing '/home/colin/dockerfile_playground/install/mission/lib/python3.10/site-packages/mission-0.0.0-py3.10.egg-info' (and everything under it)
Copying ../../../build/mission/mission.egg-info to /home/colin/dockerfile_playground/install/mission/lib/python3.10/site-packages/mission-0.0.0-py3.10.egg-info
running install_scripts
Installing abort script to /home/colin/dockerfile_playground/install/mission/lib/mission
Installing approach script to /home/colin/dockerfile_playground/install/mission/lib/mission
Installing approach_raw script to /home/colin/dockerfile_playground/install/mission/lib/mission
Installing camera script to /home/colin/dockerfile_playground/install/mission/lib/mission
Installing control script to /home/colin/dockerfile_playground/install/mission/lib/mission
Installing graph script to /home/colin/dockerfile_playground/install/mission/lib/mission
Installing state script to /home/colin/dockerfile_playground/install/mission/lib/mission
Installing targets script to /home/colin/dockerfile_playground/install/mission/lib/mission
Installing valve script to /home/colin/dockerfile_playground/install/mission/lib/mission
Installing vision script to /home/colin/dockerfile_playground/install/mission/lib/mission
Installing water script to /home/colin/dockerfile_playground/install/mission/lib/mission
writing list of installed files to '/home/colin/dockerfile_playground/build/mission/install.log'
