[1.376s] Invoking command in '/home/colin/dockerfile_playground/ros2_ws/src/mission': AMENT_PREFIX_PATH=/home/colin/dockerfile_playground/install/custom_interfaces:${AMENT_PREFIX_PATH} CMAKE_PREFIX_PATH=/home/colin/dockerfile_playground/install/custom_interfaces LD_LIBRARY_PATH=/home/colin/dockerfile_playground/install/custom_interfaces/lib:${LD_LIBRARY_PATH} PYTHONPATH=/home/colin/dockerfile_playground/build/mission/prefix_override:/usr/lib/python3/dist-packages/colcon_core/task/python/colcon_distutils_commands:/home/colin/dockerfile_playground/install/mission/lib/python3.10/site-packages:/home/colin/dockerfile_playground/install/custom_interfaces/local/lib/python3.10/dist-packages:${PYTHONPATH} /usr/bin/python3 -W ignore:setup.py install is deprecated -W ignore:easy_install command is deprecated setup.py egg_info --egg-base ../../../build/mission build --build-base /home/colin/dockerfile_playground/build/mission/build install --record /home/colin/dockerfile_playground/build/mission/install.log --single-version-externally-managed install_data
[1.582s] /home/colin/.local/lib/python3.10/site-packages/setuptools/_distutils/dist.py:289: UserWarning: Unknown distribution option: 'tests_require'
[1.582s]   warnings.warn(msg)
[1.697s] running egg_info
[1.719s] writing ../../../build/mission/mission.egg-info/PKG-INFO
[1.720s] writing dependency_links to ../../../build/mission/mission.egg-info/dependency_links.txt
[1.721s] writing entry points to ../../../build/mission/mission.egg-info/entry_points.txt
[1.721s] writing requirements to ../../../build/mission/mission.egg-info/requires.txt
[1.721s] writing top-level names to ../../../build/mission/mission.egg-info/top_level.txt
[1.743s] reading manifest file '../../../build/mission/mission.egg-info/SOURCES.txt'
[1.745s] writing manifest file '../../../build/mission/mission.egg-info/SOURCES.txt'
[1.746s] running build
[1.746s] running build_py
[1.746s] [DEBUG] Generating interface from: /home/colin/dockerfile_playground/ros2_ws/src/mission/mission/control_interface/control_config.json
[1.753s] [DEBUG] Successfully generated: /home/colin/dockerfile_playground/ros2_ws/src/mission/mission/control_interface/index.html
[1.754s] copying mission/abort_brake_node.py -> /home/colin/dockerfile_playground/build/mission/build/lib/mission
[1.754s] copying mission/web_manual_control_node.py -> /home/colin/dockerfile_playground/build/mission/build/lib/mission
[1.754s] copying mission/drop.py -> /home/colin/dockerfile_playground/build/mission/build/lib/mission
[1.755s] copying mission/machine_vision.py -> /home/colin/dockerfile_playground/build/mission/build/lib/mission
[1.755s] copying mission/state_node_advanced.py -> /home/colin/dockerfile_playground/build/mission/build/lib/mission
[1.755s] copying mission/approach_node_raw.py -> /home/colin/dockerfile_playground/build/mission/build/lib/mission
[1.755s] copying mission/other_machine_vision.py -> /home/colin/dockerfile_playground/build/mission/build/lib/mission
[1.756s] copying mission/__init__.py -> /home/colin/dockerfile_playground/build/mission/build/lib/mission
[1.756s] copying mission/cam2.py -> /home/colin/dockerfile_playground/build/mission/build/lib/mission
[1.756s] copying mission/graph_node.py -> /home/colin/dockerfile_playground/build/mission/build/lib/mission
[1.757s] copying mission/approach_node.py -> /home/colin/dockerfile_playground/build/mission/build/lib/mission
[1.757s] copying mission/valve_control.py -> /home/colin/dockerfile_playground/build/mission/build/lib/mission
[1.757s] copying mission/target_publisher_node.py -> /home/colin/dockerfile_playground/build/mission/build/lib/mission
[1.757s] copying mission/cam_pub.py -> /home/colin/dockerfile_playground/build/mission/build/lib/mission
[1.758s] copying mission/control_interface/index.html -> /home/colin/dockerfile_playground/build/mission/build/lib/mission/control_interface
[1.759s] copying mission/control_interface/control_config.json -> /home/colin/dockerfile_playground/build/mission/build/lib/mission/control_interface
[1.759s] copying mission/control_interface/static/style.css -> /home/colin/dockerfile_playground/build/mission/build/lib/mission/control_interface/static
[1.759s] copying mission/control_interface/static/index.js -> /home/colin/dockerfile_playground/build/mission/build/lib/mission/control_interface/static
[1.761s] running install
[1.765s] running install_lib
[1.786s] copying /home/colin/dockerfile_playground/build/mission/build/lib/mission/control_interface/index.html -> /home/colin/dockerfile_playground/install/mission/lib/python3.10/site-packages/mission/control_interface
[1.787s] running install_data
[1.788s] copying resource/mission -> /home/colin/dockerfile_playground/install/mission/share/ament_index/resource_index/packages
[1.788s] copying package.xml -> /home/colin/dockerfile_playground/install/mission/share/mission
[1.788s] copying mission/control_interface/index.html -> /home/colin/dockerfile_playground/install/mission/share/mission/control_interface
[1.789s] copying mission/control_interface/static/style.css -> /home/colin/dockerfile_playground/install/mission/share/mission/control_interface/static
[1.789s] copying mission/control_interface/static/index.js -> /home/colin/dockerfile_playground/install/mission/share/mission/control_interface/static
[1.789s] running install_egg_info
[1.813s] removing '/home/colin/dockerfile_playground/install/mission/lib/python3.10/site-packages/mission-0.0.0-py3.10.egg-info' (and everything under it)
[1.813s] Copying ../../../build/mission/mission.egg-info to /home/colin/dockerfile_playground/install/mission/lib/python3.10/site-packages/mission-0.0.0-py3.10.egg-info
[1.815s] running install_scripts
[1.856s] Installing abort script to /home/colin/dockerfile_playground/install/mission/lib/mission
[1.856s] Installing approach script to /home/colin/dockerfile_playground/install/mission/lib/mission
[1.857s] Installing approach_raw script to /home/colin/dockerfile_playground/install/mission/lib/mission
[1.857s] Installing camera script to /home/colin/dockerfile_playground/install/mission/lib/mission
[1.857s] Installing control script to /home/colin/dockerfile_playground/install/mission/lib/mission
[1.858s] Installing graph script to /home/colin/dockerfile_playground/install/mission/lib/mission
[1.858s] Installing state script to /home/colin/dockerfile_playground/install/mission/lib/mission
[1.858s] Installing targets script to /home/colin/dockerfile_playground/install/mission/lib/mission
[1.858s] Installing valve script to /home/colin/dockerfile_playground/install/mission/lib/mission
[1.859s] Installing vision script to /home/colin/dockerfile_playground/install/mission/lib/mission
[1.859s] Installing water script to /home/colin/dockerfile_playground/install/mission/lib/mission
[1.861s] writing list of installed files to '/home/colin/dockerfile_playground/build/mission/install.log'
[1.896s] Invoked command in '/home/colin/dockerfile_playground/ros2_ws/src/mission' returned '0': AMENT_PREFIX_PATH=/home/colin/dockerfile_playground/install/custom_interfaces:${AMENT_PREFIX_PATH} CMAKE_PREFIX_PATH=/home/colin/dockerfile_playground/install/custom_interfaces LD_LIBRARY_PATH=/home/colin/dockerfile_playground/install/custom_interfaces/lib:${LD_LIBRARY_PATH} PYTHONPATH=/home/colin/dockerfile_playground/build/mission/prefix_override:/usr/lib/python3/dist-packages/colcon_core/task/python/colcon_distutils_commands:/home/colin/dockerfile_playground/install/mission/lib/python3.10/site-packages:/home/colin/dockerfile_playground/install/custom_interfaces/local/lib/python3.10/dist-packages:${PYTHONPATH} /usr/bin/python3 -W ignore:setup.py install is deprecated -W ignore:easy_install command is deprecated setup.py egg_info --egg-base ../../../build/mission build --build-base /home/colin/dockerfile_playground/build/mission/build install --record /home/colin/dockerfile_playground/build/mission/install.log --single-version-externally-managed install_data
