[0.028s] Invoking command in '/home/colin/dockerfile_playground/build/custom_interfaces': CMAKE_PREFIX_PATH=/opt/ros/humble /usr/bin/cmake /home/colin/dockerfile_playground/ros2_ws/src/custom_interfaces -DCMAKE_INSTALL_PREFIX=/home/colin/dockerfile_playground/install/custom_interfaces
[0.427s] -- The C compiler identification is GNU 11.4.0
[1.010s] -- The CXX compiler identification is GNU 11.4.0
[1.317s] -- Detecting C compiler ABI info
[1.543s] -- Detecting C compiler ABI info - done
[1.550s] -- Check for working C compiler: /usr/lib/ccache/cc - skipped
[1.551s] -- Detecting C compile features
[1.552s] -- Detecting C compile features - done
[1.557s] -- Detecting CXX compiler ABI info
[1.784s] -- Detecting CXX compiler ABI info - done
[1.793s] -- Check for working CXX compiler: /usr/lib/ccache/c++ - skipped
[1.793s] -- Detecting CXX compile features
[1.794s] -- Detecting CXX compile features - done
[1.816s] -- Found ament_cmake: 1.3.11 (/opt/ros/humble/share/ament_cmake/cmake)
[2.217s] -- Found Python3: /usr/bin/python3 (found version "3.10.12") found components: Interpreter 
[2.352s] -- Found rosidl_default_generators: 1.2.0 (/opt/ros/humble/share/rosidl_default_generators/cmake)
[2.361s] -- Using all available rosidl_typesupport_c: rosidl_typesupport_fastrtps_c;rosidl_typesupport_introspection_c
[2.376s] -- Found rosidl_adapter: 3.1.6 (/opt/ros/humble/share/rosidl_adapter/cmake)
[2.603s] -- Using all available rosidl_typesupport_cpp: rosidl_typesupport_fastrtps_cpp;rosidl_typesupport_introspection_cpp
[2.666s] -- Found std_msgs: 4.2.4 (/opt/ros/humble/share/std_msgs/cmake)
[3.003s] -- Found ament_cmake_ros: 0.10.0 (/opt/ros/humble/share/ament_cmake_ros/cmake)
[3.265s] -- Using all available rosidl_typesupport_c: rosidl_typesupport_fastrtps_c;rosidl_typesupport_introspection_c
[3.604s] -- Using all available rosidl_typesupport_cpp: rosidl_typesupport_fastrtps_cpp;rosidl_typesupport_introspection_cpp
[3.752s] -- Found PythonInterp: /usr/bin/python3 (found suitable version "3.10.12", minimum required is "3.6") 
[3.758s] -- Found python_cmake_module: 0.10.0 (/opt/ros/humble/share/python_cmake_module/cmake)
[4.266s] -- Found PythonLibs: /usr/lib/x86_64-linux-gnu/libpython3.10.so (found suitable version "3.10.12", minimum required is "3.5") 
[4.267s] -- Using PYTHON_EXECUTABLE: /usr/bin/python3
[4.267s] -- Using PYTHON_INCLUDE_DIRS: /usr/include/python3.10
[4.267s] -- Using PYTHON_LIBRARIES: /usr/lib/x86_64-linux-gnu/libpython3.10.so
[4.294s] -- Found PythonExtra: .so  
[4.396s] -- Found ament_lint_auto: 0.12.11 (/opt/ros/humble/share/ament_lint_auto/cmake)
[4.427s] -- Added test 'lint_cmake' to check CMake code style
[4.429s] -- Added test 'xmllint' to check XML markup files
[4.433s] -- Configuring done
[4.539s] -- Generating done
[4.560s] -- Build files have been written to: /home/colin/dockerfile_playground/build/custom_interfaces
[4.576s] Invoked command in '/home/colin/dockerfile_playground/build/custom_interfaces' returned '0': CMAKE_PREFIX_PATH=/opt/ros/humble /usr/bin/cmake /home/colin/dockerfile_playground/ros2_ws/src/custom_interfaces -DCMAKE_INSTALL_PREFIX=/home/colin/dockerfile_playground/install/custom_interfaces
[4.576s] Invoking command in '/home/colin/dockerfile_playground/build/custom_interfaces': CMAKE_PREFIX_PATH=/opt/ros/humble /usr/bin/cmake --build /home/colin/dockerfile_playground/build/custom_interfaces -- -j12 -l12
[4.640s] [  3%] [34m[1mGenerating C code for ROS interfaces[0m
[4.662s] [  6%] [34m[1mGenerating C++ code for ROS interfaces[0m
[4.673s] [  6%] Built target ament_cmake_python_copy_custom_interfaces
[5.007s] [  6%] Built target custom_interfaces__cpp
[5.023s] [ 12%] [34m[1mGenerating C++ type support for eProsima Fast-RTPS[0m
[5.023s] [ 12%] [34m[1mGenerating C++ introspection for ROS interfaces[0m
[5.023s] [ 16%] [34m[1mGenerating C++ type support dispatch for ROS interfaces[0m
[5.029s] [ 19%] [32mBuilding C object CMakeFiles/custom_interfaces__rosidl_generator_c.dir/rosidl_generator_c/custom_interfaces/msg/detail/target_pose_polar__functions.c.o[0m
[5.038s] running egg_info
[5.069s] creating custom_interfaces.egg-info
[5.070s] writing custom_interfaces.egg-info/PKG-INFO
[5.070s] writing dependency_links to custom_interfaces.egg-info/dependency_links.txt
[5.071s] writing top-level names to custom_interfaces.egg-info/top_level.txt
[5.071s] writing manifest file 'custom_interfaces.egg-info/SOURCES.txt'
[5.166s] reading manifest file 'custom_interfaces.egg-info/SOURCES.txt'
[5.167s] writing manifest file 'custom_interfaces.egg-info/SOURCES.txt'
[5.221s] [ 19%] Built target ament_cmake_python_build_custom_interfaces_egg
[5.226s] [ 22%] [32m[1mLinking C shared library libcustom_interfaces__rosidl_generator_c.so[0m
[5.345s] [ 25%] [32mBuilding CXX object CMakeFiles/custom_interfaces__rosidl_typesupport_cpp.dir/rosidl_typesupport_cpp/custom_interfaces/msg/target_pose_polar__type_support.cpp.o[0m
[5.364s] [ 29%] [32mBuilding CXX object CMakeFiles/custom_interfaces__rosidl_typesupport_introspection_cpp.dir/rosidl_typesupport_introspection_cpp/custom_interfaces/msg/detail/target_pose_polar__type_support.cpp.o[0m
[5.382s] [ 32%] [32mBuilding CXX object CMakeFiles/custom_interfaces__rosidl_typesupport_fastrtps_cpp.dir/rosidl_typesupport_fastrtps_cpp/custom_interfaces/msg/detail/dds_fastrtps/target_pose_polar__type_support.cpp.o[0m
[5.488s] [ 32%] Built target custom_interfaces__rosidl_generator_c
[5.507s] [ 35%] [34m[1mGenerating C introspection for ROS interfaces[0m
[5.507s] [ 38%] [34m[1mGenerating C type support for eProsima Fast-RTPS[0m
[5.510s] [ 41%] [34m[1mGenerating C type support dispatch for ROS interfaces[0m
[5.911s] gmake[2]: Warning: File 'CMakeFiles/custom_interfaces__rosidl_typesupport_c.dir/progress.make' has modification time 0.022 s in the future
[5.931s] [ 45%] [32mBuilding CXX object CMakeFiles/custom_interfaces__rosidl_typesupport_c.dir/rosidl_typesupport_c/custom_interfaces/msg/target_pose_polar__type_support.cpp.o[0m
[5.960s] gmake[2]: Warning: File 'libcustom_interfaces__rosidl_generator_c.so' has modification time 0.9 s in the future
[5.971s] gmake[2]: Warning: File 'libcustom_interfaces__rosidl_generator_c.so' has modification time 0.89 s in the future
[5.974s] [ 48%] [32mBuilding C object CMakeFiles/custom_interfaces__rosidl_typesupport_introspection_c.dir/rosidl_typesupport_introspection_c/custom_interfaces/msg/detail/target_pose_polar__type_support.c.o[0m
[5.985s] [ 51%] [32mBuilding CXX object CMakeFiles/custom_interfaces__rosidl_typesupport_fastrtps_c.dir/rosidl_typesupport_fastrtps_c/custom_interfaces/msg/detail/target_pose_polar__type_support_c.cpp.o[0m
[6.054s] [ 54%] [32m[1mLinking CXX shared library libcustom_interfaces__rosidl_typesupport_c.so[0m
[6.073s] [ 58%] [32m[1mLinking CXX shared library libcustom_interfaces__rosidl_typesupport_cpp.so[0m
[6.097s] [ 61%] [32m[1mLinking C shared library libcustom_interfaces__rosidl_typesupport_introspection_c.so[0m
[6.283s] [ 64%] [32m[1mLinking CXX shared library libcustom_interfaces__rosidl_typesupport_introspection_cpp.so[0m
[6.315s] [ 67%] [32m[1mLinking CXX shared library libcustom_interfaces__rosidl_typesupport_fastrtps_cpp.so[0m
[6.424s] gmake[2]: warning:  Clock skew detected.  Your build may be incomplete.
[6.445s] [ 67%] Built target custom_interfaces__rosidl_typesupport_c
[6.452s] gmake[2]: warning:  Clock skew detected.  Your build may be incomplete.
[6.465s] [ 67%] Built target custom_interfaces__rosidl_typesupport_cpp
[6.467s] [ 67%] Built target custom_interfaces__rosidl_typesupport_introspection_c
[6.659s] [ 67%] Built target custom_interfaces__rosidl_typesupport_introspection_cpp
[6.725s] [ 67%] Built target custom_interfaces__rosidl_typesupport_fastrtps_cpp
[6.732s] [ 70%] [32m[1mLinking CXX shared library libcustom_interfaces__rosidl_typesupport_fastrtps_c.so[0m
[7.039s] gmake[2]: warning:  Clock skew detected.  Your build may be incomplete.
[7.051s] [ 70%] Built target custom_interfaces__rosidl_typesupport_fastrtps_c
[7.091s] [ 70%] Built target custom_interfaces
[7.133s] [ 74%] [34m[1mGenerating Python code for ROS interfaces[0m
[7.527s] [ 74%] Built target custom_interfaces__py
[7.560s] [ 77%] [32mBuilding C object CMakeFiles/custom_interfaces__rosidl_generator_py.dir/rosidl_generator_py/custom_interfaces/msg/_target_pose_polar_s.c.o[0m
[7.855s] [ 80%] [32m[1mLinking C shared library rosidl_generator_py/custom_interfaces/libcustom_interfaces__rosidl_generator_py.so[0m
[8.076s] [ 80%] Built target custom_interfaces__rosidl_generator_py
[8.105s] [ 87%] [32mBuilding C object CMakeFiles/custom_interfaces__rosidl_typesupport_c__pyext.dir/rosidl_generator_py/custom_interfaces/_custom_interfaces_s.ep.rosidl_typesupport_c.c.o[0m
[8.106s] [ 90%] [32mBuilding C object CMakeFiles/custom_interfaces__rosidl_typesupport_introspection_c__pyext.dir/rosidl_generator_py/custom_interfaces/_custom_interfaces_s.ep.rosidl_typesupport_introspection_c.c.o[0m
[8.106s] [ 90%] [32mBuilding C object CMakeFiles/custom_interfaces__rosidl_typesupport_fastrtps_c__pyext.dir/rosidl_generator_py/custom_interfaces/_custom_interfaces_s.ep.rosidl_typesupport_fastrtps_c.c.o[0m
[8.341s] [ 93%] [32m[1mLinking C shared library rosidl_generator_py/custom_interfaces/custom_interfaces_s__rosidl_typesupport_c.cpython-310-x86_64-linux-gnu.so[0m
[8.343s] [ 96%] [32m[1mLinking C shared library rosidl_generator_py/custom_interfaces/custom_interfaces_s__rosidl_typesupport_fastrtps_c.cpython-310-x86_64-linux-gnu.so[0m
[8.352s] [100%] [32m[1mLinking C shared library rosidl_generator_py/custom_interfaces/custom_interfaces_s__rosidl_typesupport_introspection_c.cpython-310-x86_64-linux-gnu.so[0m
[8.529s] [100%] Built target custom_interfaces__rosidl_typesupport_c__pyext
[8.538s] [100%] Built target custom_interfaces__rosidl_typesupport_fastrtps_c__pyext
[8.569s] [100%] Built target custom_interfaces__rosidl_typesupport_introspection_c__pyext
[8.587s] Invoked command in '/home/colin/dockerfile_playground/build/custom_interfaces' returned '0': CMAKE_PREFIX_PATH=/opt/ros/humble /usr/bin/cmake --build /home/colin/dockerfile_playground/build/custom_interfaces -- -j12 -l12
[8.589s] Invoking command in '/home/colin/dockerfile_playground/build/custom_interfaces': CMAKE_PREFIX_PATH=/opt/ros/humble /usr/bin/cmake --install /home/colin/dockerfile_playground/build/custom_interfaces
[8.601s] -- Install configuration: ""
[8.603s] -- Installing: /home/colin/dockerfile_playground/install/custom_interfaces/share/ament_index/resource_index/rosidl_interfaces/custom_interfaces
[8.604s] -- Installing: /home/colin/dockerfile_playground/install/custom_interfaces/include/custom_interfaces/custom_interfaces
[8.606s] -- Installing: /home/colin/dockerfile_playground/install/custom_interfaces/include/custom_interfaces/custom_interfaces/msg
[8.607s] -- Installing: /home/colin/dockerfile_playground/install/custom_interfaces/include/custom_interfaces/custom_interfaces/msg/target_pose_polar.h
[8.607s] -- Installing: /home/colin/dockerfile_playground/install/custom_interfaces/include/custom_interfaces/custom_interfaces/msg/detail
[8.608s] -- Installing: /home/colin/dockerfile_playground/install/custom_interfaces/include/custom_interfaces/custom_interfaces/msg/detail/target_pose_polar__type_support.h
[8.609s] -- Installing: /home/colin/dockerfile_playground/install/custom_interfaces/include/custom_interfaces/custom_interfaces/msg/detail/target_pose_polar__functions.c
[8.609s] -- Installing: /home/colin/dockerfile_playground/install/custom_interfaces/include/custom_interfaces/custom_interfaces/msg/detail/target_pose_polar__functions.h
[8.609s] -- Installing: /home/colin/dockerfile_playground/install/custom_interfaces/include/custom_interfaces/custom_interfaces/msg/detail/target_pose_polar__struct.h
[8.609s] -- Installing: /home/colin/dockerfile_playground/install/custom_interfaces/include/custom_interfaces/custom_interfaces/msg/rosidl_generator_c__visibility_control.h
[8.611s] -- Installing: /home/colin/dockerfile_playground/install/custom_interfaces/share/custom_interfaces/environment/library_path.sh
[8.611s] -- Installing: /home/colin/dockerfile_playground/install/custom_interfaces/share/custom_interfaces/environment/library_path.dsv
[8.612s] -- Installing: /home/colin/dockerfile_playground/install/custom_interfaces/lib/libcustom_interfaces__rosidl_generator_c.so
[8.613s] -- Set runtime path of "/home/colin/dockerfile_playground/install/custom_interfaces/lib/libcustom_interfaces__rosidl_generator_c.so" to ""
[8.613s] -- Up-to-date: /home/colin/dockerfile_playground/install/custom_interfaces/include/custom_interfaces/custom_interfaces
[8.613s] -- Up-to-date: /home/colin/dockerfile_playground/install/custom_interfaces/include/custom_interfaces/custom_interfaces/msg
[8.613s] -- Installing: /home/colin/dockerfile_playground/install/custom_interfaces/include/custom_interfaces/custom_interfaces/msg/rosidl_typesupport_fastrtps_c__visibility_control.h
[8.613s] -- Up-to-date: /home/colin/dockerfile_playground/install/custom_interfaces/include/custom_interfaces/custom_interfaces/msg/detail
[8.614s] -- Installing: /home/colin/dockerfile_playground/install/custom_interfaces/include/custom_interfaces/custom_interfaces/msg/detail/target_pose_polar__rosidl_typesupport_fastrtps_c.h
[8.614s] -- Installing: /home/colin/dockerfile_playground/install/custom_interfaces/lib/libcustom_interfaces__rosidl_typesupport_fastrtps_c.so
[8.614s] -- Set runtime path of "/home/colin/dockerfile_playground/install/custom_interfaces/lib/libcustom_interfaces__rosidl_typesupport_fastrtps_c.so" to ""
[8.615s] -- Up-to-date: /home/colin/dockerfile_playground/install/custom_interfaces/include/custom_interfaces/custom_interfaces
[8.615s] -- Up-to-date: /home/colin/dockerfile_playground/install/custom_interfaces/include/custom_interfaces/custom_interfaces/msg
[8.615s] -- Installing: /home/colin/dockerfile_playground/install/custom_interfaces/include/custom_interfaces/custom_interfaces/msg/rosidl_typesupport_introspection_c__visibility_control.h
[8.615s] -- Up-to-date: /home/colin/dockerfile_playground/install/custom_interfaces/include/custom_interfaces/custom_interfaces/msg/detail
[8.615s] -- Installing: /home/colin/dockerfile_playground/install/custom_interfaces/include/custom_interfaces/custom_interfaces/msg/detail/target_pose_polar__rosidl_typesupport_introspection_c.h
[8.616s] -- Installing: /home/colin/dockerfile_playground/install/custom_interfaces/include/custom_interfaces/custom_interfaces/msg/detail/target_pose_polar__type_support.c
[8.616s] -- Installing: /home/colin/dockerfile_playground/install/custom_interfaces/lib/libcustom_interfaces__rosidl_typesupport_introspection_c.so
[8.616s] -- Set runtime path of "/home/colin/dockerfile_playground/install/custom_interfaces/lib/libcustom_interfaces__rosidl_typesupport_introspection_c.so" to ""
[8.616s] -- Installing: /home/colin/dockerfile_playground/install/custom_interfaces/lib/libcustom_interfaces__rosidl_typesupport_c.so
[8.617s] -- Set runtime path of "/home/colin/dockerfile_playground/install/custom_interfaces/lib/libcustom_interfaces__rosidl_typesupport_c.so" to ""
[8.617s] -- Up-to-date: /home/colin/dockerfile_playground/install/custom_interfaces/include/custom_interfaces/custom_interfaces
[8.617s] -- Up-to-date: /home/colin/dockerfile_playground/install/custom_interfaces/include/custom_interfaces/custom_interfaces/msg
[8.618s] -- Installing: /home/colin/dockerfile_playground/install/custom_interfaces/include/custom_interfaces/custom_interfaces/msg/rosidl_generator_cpp__visibility_control.hpp
[8.618s] -- Up-to-date: /home/colin/dockerfile_playground/install/custom_interfaces/include/custom_interfaces/custom_interfaces/msg/detail
[8.618s] -- Installing: /home/colin/dockerfile_playground/install/custom_interfaces/include/custom_interfaces/custom_interfaces/msg/detail/target_pose_polar__traits.hpp
[8.618s] -- Installing: /home/colin/dockerfile_playground/install/custom_interfaces/include/custom_interfaces/custom_interfaces/msg/detail/target_pose_polar__builder.hpp
[8.618s] -- Installing: /home/colin/dockerfile_playground/install/custom_interfaces/include/custom_interfaces/custom_interfaces/msg/detail/target_pose_polar__struct.hpp
[8.619s] -- Installing: /home/colin/dockerfile_playground/install/custom_interfaces/include/custom_interfaces/custom_interfaces/msg/detail/target_pose_polar__type_support.hpp
[8.619s] -- Installing: /home/colin/dockerfile_playground/install/custom_interfaces/include/custom_interfaces/custom_interfaces/msg/target_pose_polar.hpp
[8.620s] -- Up-to-date: /home/colin/dockerfile_playground/install/custom_interfaces/include/custom_interfaces/custom_interfaces
[8.620s] -- Up-to-date: /home/colin/dockerfile_playground/install/custom_interfaces/include/custom_interfaces/custom_interfaces/msg
[8.620s] -- Installing: /home/colin/dockerfile_playground/install/custom_interfaces/include/custom_interfaces/custom_interfaces/msg/rosidl_typesupport_fastrtps_cpp__visibility_control.h
[8.620s] -- Up-to-date: /home/colin/dockerfile_playground/install/custom_interfaces/include/custom_interfaces/custom_interfaces/msg/detail
[8.620s] -- Installing: /home/colin/dockerfile_playground/install/custom_interfaces/include/custom_interfaces/custom_interfaces/msg/detail/dds_fastrtps
[8.622s] -- Installing: /home/colin/dockerfile_playground/install/custom_interfaces/include/custom_interfaces/custom_interfaces/msg/detail/target_pose_polar__rosidl_typesupport_fastrtps_cpp.hpp
[8.622s] -- Installing: /home/colin/dockerfile_playground/install/custom_interfaces/lib/libcustom_interfaces__rosidl_typesupport_fastrtps_cpp.so
[8.623s] -- Set runtime path of "/home/colin/dockerfile_playground/install/custom_interfaces/lib/libcustom_interfaces__rosidl_typesupport_fastrtps_cpp.so" to ""
[8.623s] -- Up-to-date: /home/colin/dockerfile_playground/install/custom_interfaces/include/custom_interfaces/custom_interfaces
[8.623s] -- Up-to-date: /home/colin/dockerfile_playground/install/custom_interfaces/include/custom_interfaces/custom_interfaces/msg
[8.623s] -- Up-to-date: /home/colin/dockerfile_playground/install/custom_interfaces/include/custom_interfaces/custom_interfaces/msg/detail
[8.624s] -- Installing: /home/colin/dockerfile_playground/install/custom_interfaces/include/custom_interfaces/custom_interfaces/msg/detail/target_pose_polar__rosidl_typesupport_introspection_cpp.hpp
[8.624s] -- Installing: /home/colin/dockerfile_playground/install/custom_interfaces/include/custom_interfaces/custom_interfaces/msg/detail/target_pose_polar__type_support.cpp
[8.624s] -- Installing: /home/colin/dockerfile_playground/install/custom_interfaces/lib/libcustom_interfaces__rosidl_typesupport_introspection_cpp.so
[8.624s] -- Set runtime path of "/home/colin/dockerfile_playground/install/custom_interfaces/lib/libcustom_interfaces__rosidl_typesupport_introspection_cpp.so" to ""
[8.624s] -- Installing: /home/colin/dockerfile_playground/install/custom_interfaces/lib/libcustom_interfaces__rosidl_typesupport_cpp.so
[8.625s] -- Set runtime path of "/home/colin/dockerfile_playground/install/custom_interfaces/lib/libcustom_interfaces__rosidl_typesupport_cpp.so" to ""
[8.625s] -- Installing: /home/colin/dockerfile_playground/install/custom_interfaces/share/custom_interfaces/environment/pythonpath.sh
[8.625s] -- Installing: /home/colin/dockerfile_playground/install/custom_interfaces/share/custom_interfaces/environment/pythonpath.dsv
[8.626s] -- Installing: /home/colin/dockerfile_playground/install/custom_interfaces/local/lib/python3.10/dist-packages/custom_interfaces-0.0.0-py3.10.egg-info
[8.629s] -- Installing: /home/colin/dockerfile_playground/install/custom_interfaces/local/lib/python3.10/dist-packages/custom_interfaces-0.0.0-py3.10.egg-info/PKG-INFO
[8.629s] -- Installing: /home/colin/dockerfile_playground/install/custom_interfaces/local/lib/python3.10/dist-packages/custom_interfaces-0.0.0-py3.10.egg-info/SOURCES.txt
[8.629s] -- Installing: /home/colin/dockerfile_playground/install/custom_interfaces/local/lib/python3.10/dist-packages/custom_interfaces-0.0.0-py3.10.egg-info/dependency_links.txt
[8.630s] -- Installing: /home/colin/dockerfile_playground/install/custom_interfaces/local/lib/python3.10/dist-packages/custom_interfaces-0.0.0-py3.10.egg-info/top_level.txt
[8.630s] -- Installing: /home/colin/dockerfile_playground/install/custom_interfaces/local/lib/python3.10/dist-packages/custom_interfaces
[8.631s] -- Installing: /home/colin/dockerfile_playground/install/custom_interfaces/local/lib/python3.10/dist-packages/custom_interfaces/msg
[8.631s] -- Installing: /home/colin/dockerfile_playground/install/custom_interfaces/local/lib/python3.10/dist-packages/custom_interfaces/msg/_target_pose_polar_s.c
[8.632s] -- Installing: /home/colin/dockerfile_playground/install/custom_interfaces/local/lib/python3.10/dist-packages/custom_interfaces/msg/__init__.py
[8.632s] -- Installing: /home/colin/dockerfile_playground/install/custom_interfaces/local/lib/python3.10/dist-packages/custom_interfaces/msg/_target_pose_polar.py
[8.632s] -- Installing: /home/colin/dockerfile_playground/install/custom_interfaces/local/lib/python3.10/dist-packages/custom_interfaces/custom_interfaces_s__rosidl_typesupport_fastrtps_c.cpython-310-x86_64-linux-gnu.so
[8.632s] -- Installing: /home/colin/dockerfile_playground/install/custom_interfaces/local/lib/python3.10/dist-packages/custom_interfaces/_custom_interfaces_s.ep.rosidl_typesupport_introspection_c.c
[8.633s] -- Installing: /home/colin/dockerfile_playground/install/custom_interfaces/local/lib/python3.10/dist-packages/custom_interfaces/_custom_interfaces_s.ep.rosidl_typesupport_fastrtps_c.c
[8.633s] -- Installing: /home/colin/dockerfile_playground/install/custom_interfaces/local/lib/python3.10/dist-packages/custom_interfaces/_custom_interfaces_s.ep.rosidl_typesupport_c.c
[8.633s] -- Installing: /home/colin/dockerfile_playground/install/custom_interfaces/local/lib/python3.10/dist-packages/custom_interfaces/libcustom_interfaces__rosidl_generator_py.so
[8.633s] -- Installing: /home/colin/dockerfile_playground/install/custom_interfaces/local/lib/python3.10/dist-packages/custom_interfaces/__init__.py
[8.634s] -- Installing: /home/colin/dockerfile_playground/install/custom_interfaces/local/lib/python3.10/dist-packages/custom_interfaces/custom_interfaces_s__rosidl_typesupport_c.cpython-310-x86_64-linux-gnu.so
[8.634s] -- Installing: /home/colin/dockerfile_playground/install/custom_interfaces/local/lib/python3.10/dist-packages/custom_interfaces/custom_interfaces_s__rosidl_typesupport_introspection_c.cpython-310-x86_64-linux-gnu.so
[8.674s] Listing '/home/colin/dockerfile_playground/install/custom_interfaces/local/lib/python3.10/dist-packages/custom_interfaces'...
[8.674s] Compiling '/home/colin/dockerfile_playground/install/custom_interfaces/local/lib/python3.10/dist-packages/custom_interfaces/__init__.py'...
[8.674s] Listing '/home/colin/dockerfile_playground/install/custom_interfaces/local/lib/python3.10/dist-packages/custom_interfaces/msg'...
[8.674s] Compiling '/home/colin/dockerfile_playground/install/custom_interfaces/local/lib/python3.10/dist-packages/custom_interfaces/msg/__init__.py'...
[8.674s] Compiling '/home/colin/dockerfile_playground/install/custom_interfaces/local/lib/python3.10/dist-packages/custom_interfaces/msg/_target_pose_polar.py'...
[8.679s] -- Installing: /home/colin/dockerfile_playground/install/custom_interfaces/local/lib/python3.10/dist-packages/custom_interfaces/custom_interfaces_s__rosidl_typesupport_fastrtps_c.cpython-310-x86_64-linux-gnu.so
[8.680s] -- Set runtime path of "/home/colin/dockerfile_playground/install/custom_interfaces/local/lib/python3.10/dist-packages/custom_interfaces/custom_interfaces_s__rosidl_typesupport_fastrtps_c.cpython-310-x86_64-linux-gnu.so" to ""
[8.680s] -- Installing: /home/colin/dockerfile_playground/install/custom_interfaces/local/lib/python3.10/dist-packages/custom_interfaces/custom_interfaces_s__rosidl_typesupport_introspection_c.cpython-310-x86_64-linux-gnu.so
[8.681s] -- Set runtime path of "/home/colin/dockerfile_playground/install/custom_interfaces/local/lib/python3.10/dist-packages/custom_interfaces/custom_interfaces_s__rosidl_typesupport_introspection_c.cpython-310-x86_64-linux-gnu.so" to ""
[8.681s] -- Installing: /home/colin/dockerfile_playground/install/custom_interfaces/local/lib/python3.10/dist-packages/custom_interfaces/custom_interfaces_s__rosidl_typesupport_c.cpython-310-x86_64-linux-gnu.so
[8.681s] -- Set runtime path of "/home/colin/dockerfile_playground/install/custom_interfaces/local/lib/python3.10/dist-packages/custom_interfaces/custom_interfaces_s__rosidl_typesupport_c.cpython-310-x86_64-linux-gnu.so" to ""
[8.682s] -- Installing: /home/colin/dockerfile_playground/install/custom_interfaces/lib/libcustom_interfaces__rosidl_generator_py.so
[8.682s] -- Set runtime path of "/home/colin/dockerfile_playground/install/custom_interfaces/lib/libcustom_interfaces__rosidl_generator_py.so" to ""
[8.683s] -- Installing: /home/colin/dockerfile_playground/install/custom_interfaces/share/custom_interfaces/msg/TargetPosePolar.idl
[8.683s] -- Installing: /home/colin/dockerfile_playground/install/custom_interfaces/share/custom_interfaces/msg/TargetPosePolar.msg
[8.684s] -- Installing: /home/colin/dockerfile_playground/install/custom_interfaces/share/ament_index/resource_index/package_run_dependencies/custom_interfaces
[8.685s] -- Installing: /home/colin/dockerfile_playground/install/custom_interfaces/share/ament_index/resource_index/parent_prefix_path/custom_interfaces
[8.686s] -- Installing: /home/colin/dockerfile_playground/install/custom_interfaces/share/custom_interfaces/environment/ament_prefix_path.sh
[8.686s] -- Installing: /home/colin/dockerfile_playground/install/custom_interfaces/share/custom_interfaces/environment/ament_prefix_path.dsv
[8.686s] -- Installing: /home/colin/dockerfile_playground/install/custom_interfaces/share/custom_interfaces/environment/path.sh
[8.687s] -- Installing: /home/colin/dockerfile_playground/install/custom_interfaces/share/custom_interfaces/environment/path.dsv
[8.687s] -- Installing: /home/colin/dockerfile_playground/install/custom_interfaces/share/custom_interfaces/local_setup.bash
[8.687s] -- Installing: /home/colin/dockerfile_playground/install/custom_interfaces/share/custom_interfaces/local_setup.sh
[8.687s] -- Installing: /home/colin/dockerfile_playground/install/custom_interfaces/share/custom_interfaces/local_setup.zsh
[8.688s] -- Installing: /home/colin/dockerfile_playground/install/custom_interfaces/share/custom_interfaces/local_setup.dsv
[8.688s] -- Installing: /home/colin/dockerfile_playground/install/custom_interfaces/share/custom_interfaces/package.dsv
[8.689s] -- Installing: /home/colin/dockerfile_playground/install/custom_interfaces/share/ament_index/resource_index/packages/custom_interfaces
[8.690s] -- Installing: /home/colin/dockerfile_playground/install/custom_interfaces/share/custom_interfaces/cmake/export_custom_interfaces__rosidl_generator_cExport.cmake
[8.690s] -- Installing: /home/colin/dockerfile_playground/install/custom_interfaces/share/custom_interfaces/cmake/export_custom_interfaces__rosidl_generator_cExport-noconfig.cmake
[8.690s] -- Installing: /home/colin/dockerfile_playground/install/custom_interfaces/share/custom_interfaces/cmake/export_custom_interfaces__rosidl_typesupport_fastrtps_cExport.cmake
[8.691s] -- Installing: /home/colin/dockerfile_playground/install/custom_interfaces/share/custom_interfaces/cmake/export_custom_interfaces__rosidl_typesupport_fastrtps_cExport-noconfig.cmake
[8.691s] -- Installing: /home/colin/dockerfile_playground/install/custom_interfaces/share/custom_interfaces/cmake/custom_interfaces__rosidl_typesupport_introspection_cExport.cmake
[8.691s] -- Installing: /home/colin/dockerfile_playground/install/custom_interfaces/share/custom_interfaces/cmake/custom_interfaces__rosidl_typesupport_introspection_cExport-noconfig.cmake
[8.691s] -- Installing: /home/colin/dockerfile_playground/install/custom_interfaces/share/custom_interfaces/cmake/custom_interfaces__rosidl_typesupport_cExport.cmake
[8.692s] -- Installing: /home/colin/dockerfile_playground/install/custom_interfaces/share/custom_interfaces/cmake/custom_interfaces__rosidl_typesupport_cExport-noconfig.cmake
[8.692s] -- Installing: /home/colin/dockerfile_playground/install/custom_interfaces/share/custom_interfaces/cmake/export_custom_interfaces__rosidl_generator_cppExport.cmake
[8.692s] -- Installing: /home/colin/dockerfile_playground/install/custom_interfaces/share/custom_interfaces/cmake/export_custom_interfaces__rosidl_typesupport_fastrtps_cppExport.cmake
[8.693s] -- Installing: /home/colin/dockerfile_playground/install/custom_interfaces/share/custom_interfaces/cmake/export_custom_interfaces__rosidl_typesupport_fastrtps_cppExport-noconfig.cmake
[8.693s] -- Installing: /home/colin/dockerfile_playground/install/custom_interfaces/share/custom_interfaces/cmake/custom_interfaces__rosidl_typesupport_introspection_cppExport.cmake
[8.694s] -- Installing: /home/colin/dockerfile_playground/install/custom_interfaces/share/custom_interfaces/cmake/custom_interfaces__rosidl_typesupport_introspection_cppExport-noconfig.cmake
[8.694s] -- Installing: /home/colin/dockerfile_playground/install/custom_interfaces/share/custom_interfaces/cmake/custom_interfaces__rosidl_typesupport_cppExport.cmake
[8.695s] -- Installing: /home/colin/dockerfile_playground/install/custom_interfaces/share/custom_interfaces/cmake/custom_interfaces__rosidl_typesupport_cppExport-noconfig.cmake
[8.695s] -- Installing: /home/colin/dockerfile_playground/install/custom_interfaces/share/custom_interfaces/cmake/export_custom_interfaces__rosidl_generator_pyExport.cmake
[8.695s] -- Installing: /home/colin/dockerfile_playground/install/custom_interfaces/share/custom_interfaces/cmake/export_custom_interfaces__rosidl_generator_pyExport-noconfig.cmake
[8.696s] -- Installing: /home/colin/dockerfile_playground/install/custom_interfaces/share/custom_interfaces/cmake/rosidl_cmake-extras.cmake
[8.696s] -- Installing: /home/colin/dockerfile_playground/install/custom_interfaces/share/custom_interfaces/cmake/ament_cmake_export_dependencies-extras.cmake
[8.696s] -- Installing: /home/colin/dockerfile_playground/install/custom_interfaces/share/custom_interfaces/cmake/ament_cmake_export_include_directories-extras.cmake
[8.696s] -- Installing: /home/colin/dockerfile_playground/install/custom_interfaces/share/custom_interfaces/cmake/ament_cmake_export_libraries-extras.cmake
[8.697s] -- Installing: /home/colin/dockerfile_playground/install/custom_interfaces/share/custom_interfaces/cmake/ament_cmake_export_targets-extras.cmake
[8.697s] -- Installing: /home/colin/dockerfile_playground/install/custom_interfaces/share/custom_interfaces/cmake/rosidl_cmake_export_typesupport_targets-extras.cmake
[8.697s] -- Installing: /home/colin/dockerfile_playground/install/custom_interfaces/share/custom_interfaces/cmake/rosidl_cmake_export_typesupport_libraries-extras.cmake
[8.697s] -- Installing: /home/colin/dockerfile_playground/install/custom_interfaces/share/custom_interfaces/cmake/custom_interfacesConfig.cmake
[8.698s] -- Installing: /home/colin/dockerfile_playground/install/custom_interfaces/share/custom_interfaces/cmake/custom_interfacesConfig-version.cmake
[8.698s] -- Installing: /home/colin/dockerfile_playground/install/custom_interfaces/share/custom_interfaces/package.xml
[8.702s] Invoked command in '/home/colin/dockerfile_playground/build/custom_interfaces' returned '0': CMAKE_PREFIX_PATH=/opt/ros/humble /usr/bin/cmake --install /home/colin/dockerfile_playground/build/custom_interfaces
