[0.425s] DEBUG:colcon:Command line arguments: ['/usr/bin/colcon', 'build']
[0.425s] DEBUG:colcon:Parsed command line arguments: Namespace(log_base=None, log_level=None, verb_name='build', build_base='build', install_base='install', merge_install=False, symlink_install=False, test_result_base=None, continue_on_error=False, executor='parallel', parallel_workers=12, event_handlers=None, ignore_user_meta=False, metas=['./colcon.meta'], base_paths=['.'], packages_ignore=None, packages_ignore_regex=None, paths=None, packages_up_to=None, packages_up_to_regex=None, packages_above=None, packages_above_and_dependencies=None, packages_above_depth=None, packages_select_by_dep=None, packages_skip_by_dep=None, packages_skip_up_to=None, packages_select_build_failed=False, packages_skip_build_finished=False, packages_select_test_failures=False, packages_skip_test_passed=False, packages_select=None, packages_skip=None, packages_select_regex=None, packages_skip_regex=None, packages_start=None, packages_end=None, allow_overriding=[], cmake_args=None, cmake_target=None, cmake_target_skip_unavailable=False, cmake_clean_cache=False, cmake_clean_first=False, cmake_force_configure=False, ament_cmake_args=None, catkin_cmake_args=None, catkin_skip_building_tests=False, mixin_files=None, mixin=None, verb_parser=<colcon_mixin.mixin.mixin_argument.MixinArgumentDecorator object at 0x7175b7f90af0>, verb_extension=<colcon_core.verb.build.BuildVerb object at 0x7175b808e110>, main=<bound method BuildVerb.main of <colcon_core.verb.build.BuildVerb object at 0x7175b808e110>>, mixin_verb=('build',))
[0.520s] Level 1:colcon.colcon_core.package_discovery:discover_packages(colcon_meta) check parameters
[0.520s] Level 1:colcon.colcon_core.package_discovery:discover_packages(recursive) check parameters
[0.520s] Level 1:colcon.colcon_core.package_discovery:discover_packages(ignore) check parameters
[0.520s] Level 1:colcon.colcon_core.package_discovery:discover_packages(path) check parameters
[0.520s] Level 1:colcon.colcon_core.package_discovery:discover_packages(colcon_meta) discover
[0.520s] Level 1:colcon.colcon_core.package_discovery:discover_packages(recursive) discover
[0.520s] INFO:colcon.colcon_core.package_discovery:Crawling recursively for packages in '/home/colin/dockerfile_playground'
[0.520s] Level 1:colcon.colcon_core.package_identification:_identify(.) by extensions ['ignore', 'ignore_ament_install']
[0.520s] Level 1:colcon.colcon_core.package_identification:_identify(.) by extension 'ignore'
[0.520s] Level 1:colcon.colcon_core.package_identification:_identify(.) by extension 'ignore_ament_install'
[0.521s] Level 1:colcon.colcon_core.package_identification:_identify(.) by extensions ['colcon_pkg']
[0.521s] Level 1:colcon.colcon_core.package_identification:_identify(.) by extension 'colcon_pkg'
[0.521s] Level 1:colcon.colcon_core.package_identification:_identify(.) by extensions ['colcon_meta']
[0.521s] Level 1:colcon.colcon_core.package_identification:_identify(.) by extension 'colcon_meta'
[0.521s] Level 1:colcon.colcon_core.package_identification:_identify(.) by extensions ['ros']
[0.521s] Level 1:colcon.colcon_core.package_identification:_identify(.) by extension 'ros'
[0.543s] Level 1:colcon.colcon_core.package_identification:_identify(.) by extensions ['cmake', 'python']
[0.544s] Level 1:colcon.colcon_core.package_identification:_identify(.) by extension 'cmake'
[0.544s] Level 1:colcon.colcon_core.package_identification:_identify(.) by extension 'python'
[0.544s] Level 1:colcon.colcon_core.package_identification:_identify(.) by extensions ['python_setup_py']
[0.544s] Level 1:colcon.colcon_core.package_identification:_identify(.) by extension 'python_setup_py'
[0.544s] Level 1:colcon.colcon_core.package_identification:_identify(build) by extensions ['ignore', 'ignore_ament_install']
[0.544s] Level 1:colcon.colcon_core.package_identification:_identify(build) by extension 'ignore'
[0.544s] Level 1:colcon.colcon_core.package_identification:_identify(build) ignored
[0.544s] Level 1:colcon.colcon_core.package_identification:_identify(install) by extensions ['ignore', 'ignore_ament_install']
[0.544s] Level 1:colcon.colcon_core.package_identification:_identify(install) by extension 'ignore'
[0.544s] Level 1:colcon.colcon_core.package_identification:_identify(install) ignored
[0.544s] Level 1:colcon.colcon_core.package_identification:_identify(log) by extensions ['ignore', 'ignore_ament_install']
[0.545s] Level 1:colcon.colcon_core.package_identification:_identify(log) by extension 'ignore'
[0.545s] Level 1:colcon.colcon_core.package_identification:_identify(log) ignored
[0.545s] Level 1:colcon.colcon_core.package_identification:_identify(ros2_ws) by extensions ['ignore', 'ignore_ament_install']
[0.545s] Level 1:colcon.colcon_core.package_identification:_identify(ros2_ws) by extension 'ignore'
[0.545s] Level 1:colcon.colcon_core.package_identification:_identify(ros2_ws) by extension 'ignore_ament_install'
[0.545s] Level 1:colcon.colcon_core.package_identification:_identify(ros2_ws) by extensions ['colcon_pkg']
[0.545s] Level 1:colcon.colcon_core.package_identification:_identify(ros2_ws) by extension 'colcon_pkg'
[0.545s] Level 1:colcon.colcon_core.package_identification:_identify(ros2_ws) by extensions ['colcon_meta']
[0.545s] Level 1:colcon.colcon_core.package_identification:_identify(ros2_ws) by extension 'colcon_meta'
[0.545s] Level 1:colcon.colcon_core.package_identification:_identify(ros2_ws) by extensions ['ros']
[0.545s] Level 1:colcon.colcon_core.package_identification:_identify(ros2_ws) by extension 'ros'
[0.545s] Level 1:colcon.colcon_core.package_identification:_identify(ros2_ws) by extensions ['cmake', 'python']
[0.545s] Level 1:colcon.colcon_core.package_identification:_identify(ros2_ws) by extension 'cmake'
[0.545s] Level 1:colcon.colcon_core.package_identification:_identify(ros2_ws) by extension 'python'
[0.545s] Level 1:colcon.colcon_core.package_identification:_identify(ros2_ws) by extensions ['python_setup_py']
[0.545s] Level 1:colcon.colcon_core.package_identification:_identify(ros2_ws) by extension 'python_setup_py'
[0.545s] Level 1:colcon.colcon_core.package_identification:_identify(ros2_ws/build) by extensions ['ignore', 'ignore_ament_install']
[0.545s] Level 1:colcon.colcon_core.package_identification:_identify(ros2_ws/build) by extension 'ignore'
[0.545s] Level 1:colcon.colcon_core.package_identification:_identify(ros2_ws/build) ignored
[0.546s] Level 1:colcon.colcon_core.package_identification:_identify(ros2_ws/install) by extensions ['ignore', 'ignore_ament_install']
[0.546s] Level 1:colcon.colcon_core.package_identification:_identify(ros2_ws/install) by extension 'ignore'
[0.546s] Level 1:colcon.colcon_core.package_identification:_identify(ros2_ws/install) ignored
[0.546s] Level 1:colcon.colcon_core.package_identification:_identify(ros2_ws/log) by extensions ['ignore', 'ignore_ament_install']
[0.546s] Level 1:colcon.colcon_core.package_identification:_identify(ros2_ws/log) by extension 'ignore'
[0.546s] Level 1:colcon.colcon_core.package_identification:_identify(ros2_ws/log) ignored
[0.546s] Level 1:colcon.colcon_core.package_identification:_identify(ros2_ws/src) by extensions ['ignore', 'ignore_ament_install']
[0.546s] Level 1:colcon.colcon_core.package_identification:_identify(ros2_ws/src) by extension 'ignore'
[0.546s] Level 1:colcon.colcon_core.package_identification:_identify(ros2_ws/src) by extension 'ignore_ament_install'
[0.546s] Level 1:colcon.colcon_core.package_identification:_identify(ros2_ws/src) by extensions ['colcon_pkg']
[0.546s] Level 1:colcon.colcon_core.package_identification:_identify(ros2_ws/src) by extension 'colcon_pkg'
[0.546s] Level 1:colcon.colcon_core.package_identification:_identify(ros2_ws/src) by extensions ['colcon_meta']
[0.546s] Level 1:colcon.colcon_core.package_identification:_identify(ros2_ws/src) by extension 'colcon_meta'
[0.547s] Level 1:colcon.colcon_core.package_identification:_identify(ros2_ws/src) by extensions ['ros']
[0.547s] Level 1:colcon.colcon_core.package_identification:_identify(ros2_ws/src) by extension 'ros'
[0.547s] Level 1:colcon.colcon_core.package_identification:_identify(ros2_ws/src) by extensions ['cmake', 'python']
[0.547s] Level 1:colcon.colcon_core.package_identification:_identify(ros2_ws/src) by extension 'cmake'
[0.547s] Level 1:colcon.colcon_core.package_identification:_identify(ros2_ws/src) by extension 'python'
[0.547s] Level 1:colcon.colcon_core.package_identification:_identify(ros2_ws/src) by extensions ['python_setup_py']
[0.547s] Level 1:colcon.colcon_core.package_identification:_identify(ros2_ws/src) by extension 'python_setup_py'
[0.547s] Level 1:colcon.colcon_core.package_identification:_identify(ros2_ws/src/custom_interfaces) by extensions ['ignore', 'ignore_ament_install']
[0.547s] Level 1:colcon.colcon_core.package_identification:_identify(ros2_ws/src/custom_interfaces) by extension 'ignore'
[0.547s] Level 1:colcon.colcon_core.package_identification:_identify(ros2_ws/src/custom_interfaces) by extension 'ignore_ament_install'
[0.547s] Level 1:colcon.colcon_core.package_identification:_identify(ros2_ws/src/custom_interfaces) by extensions ['colcon_pkg']
[0.547s] Level 1:colcon.colcon_core.package_identification:_identify(ros2_ws/src/custom_interfaces) by extension 'colcon_pkg'
[0.547s] Level 1:colcon.colcon_core.package_identification:_identify(ros2_ws/src/custom_interfaces) by extensions ['colcon_meta']
[0.547s] Level 1:colcon.colcon_core.package_identification:_identify(ros2_ws/src/custom_interfaces) by extension 'colcon_meta'
[0.547s] Level 1:colcon.colcon_core.package_identification:_identify(ros2_ws/src/custom_interfaces) by extensions ['ros']
[0.547s] Level 1:colcon.colcon_core.package_identification:_identify(ros2_ws/src/custom_interfaces) by extension 'ros'
[0.553s] DEBUG:colcon.colcon_core.package_identification:Package 'ros2_ws/src/custom_interfaces' with type 'ros.ament_cmake' and name 'custom_interfaces'
[0.553s] Level 1:colcon.colcon_core.package_identification:_identify(ros2_ws/src/mission) by extensions ['ignore', 'ignore_ament_install']
[0.554s] Level 1:colcon.colcon_core.package_identification:_identify(ros2_ws/src/mission) by extension 'ignore'
[0.554s] Level 1:colcon.colcon_core.package_identification:_identify(ros2_ws/src/mission) by extension 'ignore_ament_install'
[0.554s] Level 1:colcon.colcon_core.package_identification:_identify(ros2_ws/src/mission) by extensions ['colcon_pkg']
[0.554s] Level 1:colcon.colcon_core.package_identification:_identify(ros2_ws/src/mission) by extension 'colcon_pkg'
[0.554s] Level 1:colcon.colcon_core.package_identification:_identify(ros2_ws/src/mission) by extensions ['colcon_meta']
[0.554s] Level 1:colcon.colcon_core.package_identification:_identify(ros2_ws/src/mission) by extension 'colcon_meta'
[0.554s] Level 1:colcon.colcon_core.package_identification:_identify(ros2_ws/src/mission) by extensions ['ros']
[0.554s] Level 1:colcon.colcon_core.package_identification:_identify(ros2_ws/src/mission) by extension 'ros'
[0.554s] DEBUG:colcon.colcon_core.package_identification:Package 'ros2_ws/src/mission' with type 'ros.ament_python' and name 'mission'
[0.555s] Level 1:colcon.colcon_core.package_identification:_identify(ros2_ws/src/polar) by extensions ['ignore', 'ignore_ament_install']
[0.555s] Level 1:colcon.colcon_core.package_identification:_identify(ros2_ws/src/polar) by extension 'ignore'
[0.555s] Level 1:colcon.colcon_core.package_identification:_identify(ros2_ws/src/polar) by extension 'ignore_ament_install'
[0.555s] Level 1:colcon.colcon_core.package_identification:_identify(ros2_ws/src/polar) by extensions ['colcon_pkg']
[0.555s] Level 1:colcon.colcon_core.package_identification:_identify(ros2_ws/src/polar) by extension 'colcon_pkg'
[0.555s] Level 1:colcon.colcon_core.package_identification:_identify(ros2_ws/src/polar) by extensions ['colcon_meta']
[0.555s] Level 1:colcon.colcon_core.package_identification:_identify(ros2_ws/src/polar) by extension 'colcon_meta'
[0.555s] Level 1:colcon.colcon_core.package_identification:_identify(ros2_ws/src/polar) by extensions ['ros']
[0.555s] Level 1:colcon.colcon_core.package_identification:_identify(ros2_ws/src/polar) by extension 'ros'
[0.555s] DEBUG:colcon.colcon_core.package_identification:Package 'ros2_ws/src/polar' with type 'ros.ament_python' and name 'polar'
[0.556s] Level 1:colcon.colcon_core.package_identification:_identify(ros2_ws/src/start_mission) by extensions ['ignore', 'ignore_ament_install']
[0.556s] Level 1:colcon.colcon_core.package_identification:_identify(ros2_ws/src/start_mission) by extension 'ignore'
[0.556s] Level 1:colcon.colcon_core.package_identification:_identify(ros2_ws/src/start_mission) by extension 'ignore_ament_install'
[0.556s] Level 1:colcon.colcon_core.package_identification:_identify(ros2_ws/src/start_mission) by extensions ['colcon_pkg']
[0.556s] Level 1:colcon.colcon_core.package_identification:_identify(ros2_ws/src/start_mission) by extension 'colcon_pkg'
[0.556s] Level 1:colcon.colcon_core.package_identification:_identify(ros2_ws/src/start_mission) by extensions ['colcon_meta']
[0.556s] Level 1:colcon.colcon_core.package_identification:_identify(ros2_ws/src/start_mission) by extension 'colcon_meta'
[0.556s] Level 1:colcon.colcon_core.package_identification:_identify(ros2_ws/src/start_mission) by extensions ['ros']
[0.556s] Level 1:colcon.colcon_core.package_identification:_identify(ros2_ws/src/start_mission) by extension 'ros'
[0.556s] DEBUG:colcon.colcon_core.package_identification:Package 'ros2_ws/src/start_mission' with type 'ros.ament_cmake' and name 'start_mission'
[0.556s] Level 1:colcon.colcon_core.package_discovery:discover_packages(recursive) using defaults
[0.556s] Level 1:colcon.colcon_core.package_discovery:discover_packages(ignore) discover
[0.556s] Level 1:colcon.colcon_core.package_discovery:discover_packages(ignore) using defaults
[0.557s] Level 1:colcon.colcon_core.package_discovery:discover_packages(path) discover
[0.557s] Level 1:colcon.colcon_core.package_discovery:discover_packages(path) using defaults
[0.598s] Level 1:colcon.colcon_core.package_discovery:discover_packages(prefix_path) check parameters
[0.598s] Level 1:colcon.colcon_core.package_discovery:discover_packages(prefix_path) discover
[0.603s] DEBUG:colcon.colcon_installed_package_information.package_discovery:Found 298 installed packages in /opt/ros/humble
[0.604s] Level 1:colcon.colcon_core.package_discovery:discover_packages(prefix_path) using defaults
[0.650s] Level 5:colcon.colcon_core.verb:set package 'custom_interfaces' build argument 'cmake_args' from command line to 'None'
[0.650s] Level 5:colcon.colcon_core.verb:set package 'custom_interfaces' build argument 'cmake_target' from command line to 'None'
[0.651s] Level 5:colcon.colcon_core.verb:set package 'custom_interfaces' build argument 'cmake_target_skip_unavailable' from command line to 'False'
[0.651s] Level 5:colcon.colcon_core.verb:set package 'custom_interfaces' build argument 'cmake_clean_cache' from command line to 'False'
[0.651s] Level 5:colcon.colcon_core.verb:set package 'custom_interfaces' build argument 'cmake_clean_first' from command line to 'False'
[0.651s] Level 5:colcon.colcon_core.verb:set package 'custom_interfaces' build argument 'cmake_force_configure' from command line to 'False'
[0.651s] Level 5:colcon.colcon_core.verb:set package 'custom_interfaces' build argument 'ament_cmake_args' from command line to 'None'
[0.651s] Level 5:colcon.colcon_core.verb:set package 'custom_interfaces' build argument 'catkin_cmake_args' from command line to 'None'
[0.651s] Level 5:colcon.colcon_core.verb:set package 'custom_interfaces' build argument 'catkin_skip_building_tests' from command line to 'False'
[0.651s] DEBUG:colcon.colcon_core.verb:Building package 'custom_interfaces' with the following arguments: {'ament_cmake_args': None, 'build_base': '/home/colin/dockerfile_playground/build/custom_interfaces', 'catkin_cmake_args': None, 'catkin_skip_building_tests': False, 'cmake_args': None, 'cmake_clean_cache': False, 'cmake_clean_first': False, 'cmake_force_configure': False, 'cmake_target': None, 'cmake_target_skip_unavailable': False, 'install_base': '/home/colin/dockerfile_playground/install/custom_interfaces', 'merge_install': False, 'path': '/home/colin/dockerfile_playground/ros2_ws/src/custom_interfaces', 'symlink_install': False, 'test_result_base': None}
[0.651s] Level 5:colcon.colcon_core.verb:set package 'start_mission' build argument 'cmake_args' from command line to 'None'
[0.651s] Level 5:colcon.colcon_core.verb:set package 'start_mission' build argument 'cmake_target' from command line to 'None'
[0.651s] Level 5:colcon.colcon_core.verb:set package 'start_mission' build argument 'cmake_target_skip_unavailable' from command line to 'False'
[0.651s] Level 5:colcon.colcon_core.verb:set package 'start_mission' build argument 'cmake_clean_cache' from command line to 'False'
[0.651s] Level 5:colcon.colcon_core.verb:set package 'start_mission' build argument 'cmake_clean_first' from command line to 'False'
[0.651s] Level 5:colcon.colcon_core.verb:set package 'start_mission' build argument 'cmake_force_configure' from command line to 'False'
[0.651s] Level 5:colcon.colcon_core.verb:set package 'start_mission' build argument 'ament_cmake_args' from command line to 'None'
[0.651s] Level 5:colcon.colcon_core.verb:set package 'start_mission' build argument 'catkin_cmake_args' from command line to 'None'
[0.651s] Level 5:colcon.colcon_core.verb:set package 'start_mission' build argument 'catkin_skip_building_tests' from command line to 'False'
[0.651s] DEBUG:colcon.colcon_core.verb:Building package 'start_mission' with the following arguments: {'ament_cmake_args': None, 'build_base': '/home/colin/dockerfile_playground/build/start_mission', 'catkin_cmake_args': None, 'catkin_skip_building_tests': False, 'cmake_args': None, 'cmake_clean_cache': False, 'cmake_clean_first': False, 'cmake_force_configure': False, 'cmake_target': None, 'cmake_target_skip_unavailable': False, 'install_base': '/home/colin/dockerfile_playground/install/start_mission', 'merge_install': False, 'path': '/home/colin/dockerfile_playground/ros2_ws/src/start_mission', 'symlink_install': False, 'test_result_base': None}
[0.652s] Level 5:colcon.colcon_core.verb:set package 'mission' build argument 'cmake_args' from command line to 'None'
[0.652s] Level 5:colcon.colcon_core.verb:set package 'mission' build argument 'cmake_target' from command line to 'None'
[0.652s] Level 5:colcon.colcon_core.verb:set package 'mission' build argument 'cmake_target_skip_unavailable' from command line to 'False'
[0.652s] Level 5:colcon.colcon_core.verb:set package 'mission' build argument 'cmake_clean_cache' from command line to 'False'
[0.652s] Level 5:colcon.colcon_core.verb:set package 'mission' build argument 'cmake_clean_first' from command line to 'False'
[0.652s] Level 5:colcon.colcon_core.verb:set package 'mission' build argument 'cmake_force_configure' from command line to 'False'
[0.652s] Level 5:colcon.colcon_core.verb:set package 'mission' build argument 'ament_cmake_args' from command line to 'None'
[0.652s] Level 5:colcon.colcon_core.verb:set package 'mission' build argument 'catkin_cmake_args' from command line to 'None'
[0.652s] Level 5:colcon.colcon_core.verb:set package 'mission' build argument 'catkin_skip_building_tests' from command line to 'False'
[0.652s] DEBUG:colcon.colcon_core.verb:Building package 'mission' with the following arguments: {'ament_cmake_args': None, 'build_base': '/home/colin/dockerfile_playground/build/mission', 'catkin_cmake_args': None, 'catkin_skip_building_tests': False, 'cmake_args': None, 'cmake_clean_cache': False, 'cmake_clean_first': False, 'cmake_force_configure': False, 'cmake_target': None, 'cmake_target_skip_unavailable': False, 'install_base': '/home/colin/dockerfile_playground/install/mission', 'merge_install': False, 'path': '/home/colin/dockerfile_playground/ros2_ws/src/mission', 'symlink_install': False, 'test_result_base': None}
[0.652s] Level 5:colcon.colcon_core.verb:set package 'polar' build argument 'cmake_args' from command line to 'None'
[0.652s] Level 5:colcon.colcon_core.verb:set package 'polar' build argument 'cmake_target' from command line to 'None'
[0.652s] Level 5:colcon.colcon_core.verb:set package 'polar' build argument 'cmake_target_skip_unavailable' from command line to 'False'
[0.652s] Level 5:colcon.colcon_core.verb:set package 'polar' build argument 'cmake_clean_cache' from command line to 'False'
[0.652s] Level 5:colcon.colcon_core.verb:set package 'polar' build argument 'cmake_clean_first' from command line to 'False'
[0.652s] Level 5:colcon.colcon_core.verb:set package 'polar' build argument 'cmake_force_configure' from command line to 'False'
[0.652s] Level 5:colcon.colcon_core.verb:set package 'polar' build argument 'ament_cmake_args' from command line to 'None'
[0.652s] Level 5:colcon.colcon_core.verb:set package 'polar' build argument 'catkin_cmake_args' from command line to 'None'
[0.652s] Level 5:colcon.colcon_core.verb:set package 'polar' build argument 'catkin_skip_building_tests' from command line to 'False'
[0.652s] DEBUG:colcon.colcon_core.verb:Building package 'polar' with the following arguments: {'ament_cmake_args': None, 'build_base': '/home/colin/dockerfile_playground/build/polar', 'catkin_cmake_args': None, 'catkin_skip_building_tests': False, 'cmake_args': None, 'cmake_clean_cache': False, 'cmake_clean_first': False, 'cmake_force_configure': False, 'cmake_target': None, 'cmake_target_skip_unavailable': False, 'install_base': '/home/colin/dockerfile_playground/install/polar', 'merge_install': False, 'path': '/home/colin/dockerfile_playground/ros2_ws/src/polar', 'symlink_install': False, 'test_result_base': None}
[0.652s] INFO:colcon.colcon_core.executor:Executing jobs using 'parallel' executor
[0.654s] DEBUG:colcon.colcon_parallel_executor.executor.parallel:run_until_complete
[0.654s] INFO:colcon.colcon_ros.task.ament_cmake.build:Building ROS package in '/home/colin/dockerfile_playground/ros2_ws/src/custom_interfaces' with build type 'ament_cmake'
[0.654s] INFO:colcon.colcon_cmake.task.cmake.build:Building CMake package in '/home/colin/dockerfile_playground/ros2_ws/src/custom_interfaces'
[0.661s] INFO:colcon.colcon_core.plugin_system:Skipping extension 'colcon_core.shell.bat': Not used on non-Windows systems
[0.661s] INFO:colcon.colcon_core.shell:Skip shell extension 'powershell' for command environment: Not usable outside of PowerShell
[0.661s] DEBUG:colcon.colcon_core.shell:Skip shell extension 'dsv' for command environment
[0.667s] INFO:colcon.colcon_ros.task.ament_cmake.build:Building ROS package in '/home/colin/dockerfile_playground/ros2_ws/src/start_mission' with build type 'ament_cmake'
[0.667s] INFO:colcon.colcon_cmake.task.cmake.build:Building CMake package in '/home/colin/dockerfile_playground/ros2_ws/src/start_mission'
[0.668s] INFO:colcon.colcon_core.shell:Skip shell extension 'powershell' for command environment: Not usable outside of PowerShell
[0.668s] DEBUG:colcon.colcon_core.shell:Skip shell extension 'dsv' for command environment
[0.685s] DEBUG:colcon.colcon_core.event_handler.log_command:Invoking command in '/home/colin/dockerfile_playground/build/custom_interfaces': CMAKE_PREFIX_PATH=/opt/ros/humble /usr/bin/cmake /home/colin/dockerfile_playground/ros2_ws/src/custom_interfaces -DCMAKE_INSTALL_PREFIX=/home/colin/dockerfile_playground/install/custom_interfaces
[0.696s] DEBUG:colcon.colcon_core.event_handler.log_command:Invoking command in '/home/colin/dockerfile_playground/build/start_mission': CMAKE_PREFIX_PATH=/opt/ros/humble /usr/bin/cmake /home/colin/dockerfile_playground/ros2_ws/src/start_mission -DCMAKE_INSTALL_PREFIX=/home/colin/dockerfile_playground/install/start_mission
[3.141s] DEBUG:colcon.colcon_core.event_handler.log_command:Invoked command in '/home/colin/dockerfile_playground/build/start_mission' returned '0': CMAKE_PREFIX_PATH=/opt/ros/humble /usr/bin/cmake /home/colin/dockerfile_playground/ros2_ws/src/start_mission -DCMAKE_INSTALL_PREFIX=/home/colin/dockerfile_playground/install/start_mission
[3.144s] DEBUG:colcon.colcon_core.event_handler.log_command:Invoking command in '/home/colin/dockerfile_playground/build/start_mission': CMAKE_PREFIX_PATH=/opt/ros/humble /usr/bin/cmake --build /home/colin/dockerfile_playground/build/start_mission -- -j12 -l12
[3.200s] DEBUG:colcon.colcon_core.event_handler.log_command:Invoked command in '/home/colin/dockerfile_playground/build/start_mission' returned '0': CMAKE_PREFIX_PATH=/opt/ros/humble /usr/bin/cmake --build /home/colin/dockerfile_playground/build/start_mission -- -j12 -l12
[3.215s] DEBUG:colcon.colcon_core.event_handler.log_command:Invoking command in '/home/colin/dockerfile_playground/build/start_mission': CMAKE_PREFIX_PATH=/opt/ros/humble /usr/bin/cmake --install /home/colin/dockerfile_playground/build/start_mission
[3.237s] Level 1:colcon.colcon_core.environment:create_environment_scripts_only(start_mission)
[3.239s] DEBUG:colcon.colcon_core.event_handler.log_command:Invoked command in '/home/colin/dockerfile_playground/build/start_mission' returned '0': CMAKE_PREFIX_PATH=/opt/ros/humble /usr/bin/cmake --install /home/colin/dockerfile_playground/build/start_mission
[3.246s] Level 1:colcon.colcon_core.environment:checking '/home/colin/dockerfile_playground/install/start_mission' for CMake module files
[3.247s] Level 1:colcon.colcon_core.environment:checking '/home/colin/dockerfile_playground/install/start_mission' for CMake config files
[3.247s] Level 1:colcon.colcon_core.shell:create_environment_hook('start_mission', 'cmake_prefix_path')
[3.247s] INFO:colcon.colcon_core.shell:Creating environment hook '/home/colin/dockerfile_playground/install/start_mission/share/start_mission/hook/cmake_prefix_path.ps1'
[3.249s] INFO:colcon.colcon_core.shell:Creating environment descriptor '/home/colin/dockerfile_playground/install/start_mission/share/start_mission/hook/cmake_prefix_path.dsv'
[3.249s] INFO:colcon.colcon_core.shell:Creating environment hook '/home/colin/dockerfile_playground/install/start_mission/share/start_mission/hook/cmake_prefix_path.sh'
[3.251s] Level 1:colcon.colcon_core.environment:checking '/home/colin/dockerfile_playground/install/start_mission/bin'
[3.251s] Level 1:colcon.colcon_core.environment:checking '/home/colin/dockerfile_playground/install/start_mission/lib/pkgconfig/start_mission.pc'
[3.251s] Level 1:colcon.colcon_core.environment:checking '/home/colin/dockerfile_playground/install/start_mission/lib/python3.10/site-packages'
[3.251s] Level 1:colcon.colcon_core.environment:checking '/home/colin/dockerfile_playground/install/start_mission/bin'
[3.252s] INFO:colcon.colcon_core.shell:Creating package script '/home/colin/dockerfile_playground/install/start_mission/share/start_mission/package.ps1'
[3.253s] INFO:colcon.colcon_core.shell:Creating package descriptor '/home/colin/dockerfile_playground/install/start_mission/share/start_mission/package.dsv'
[3.253s] INFO:colcon.colcon_core.shell:Creating package script '/home/colin/dockerfile_playground/install/start_mission/share/start_mission/package.sh'
[3.255s] INFO:colcon.colcon_core.shell:Creating package script '/home/colin/dockerfile_playground/install/start_mission/share/start_mission/package.bash'
[3.256s] INFO:colcon.colcon_core.shell:Creating package script '/home/colin/dockerfile_playground/install/start_mission/share/start_mission/package.zsh'
[3.257s] Level 1:colcon.colcon_core.environment:create_file_with_runtime_dependencies(/home/colin/dockerfile_playground/install/start_mission/share/colcon-core/packages/start_mission)
[3.260s] Level 1:colcon.colcon_core.environment:create_environment_scripts_only(start_mission)
[3.260s] Level 1:colcon.colcon_core.environment:checking '/home/colin/dockerfile_playground/install/start_mission' for CMake module files
[3.261s] Level 1:colcon.colcon_core.environment:checking '/home/colin/dockerfile_playground/install/start_mission' for CMake config files
[3.261s] Level 1:colcon.colcon_core.shell:create_environment_hook('start_mission', 'cmake_prefix_path')
[3.261s] INFO:colcon.colcon_core.shell:Creating environment hook '/home/colin/dockerfile_playground/install/start_mission/share/start_mission/hook/cmake_prefix_path.ps1'
[3.262s] INFO:colcon.colcon_core.shell:Creating environment descriptor '/home/colin/dockerfile_playground/install/start_mission/share/start_mission/hook/cmake_prefix_path.dsv'
[3.262s] INFO:colcon.colcon_core.shell:Creating environment hook '/home/colin/dockerfile_playground/install/start_mission/share/start_mission/hook/cmake_prefix_path.sh'
[3.262s] Level 1:colcon.colcon_core.environment:checking '/home/colin/dockerfile_playground/install/start_mission/bin'
[3.263s] Level 1:colcon.colcon_core.environment:checking '/home/colin/dockerfile_playground/install/start_mission/lib/pkgconfig/start_mission.pc'
[3.263s] Level 1:colcon.colcon_core.environment:checking '/home/colin/dockerfile_playground/install/start_mission/lib/python3.10/site-packages'
[3.263s] Level 1:colcon.colcon_core.environment:checking '/home/colin/dockerfile_playground/install/start_mission/bin'
[3.263s] INFO:colcon.colcon_core.shell:Creating package script '/home/colin/dockerfile_playground/install/start_mission/share/start_mission/package.ps1'
[3.264s] INFO:colcon.colcon_core.shell:Creating package descriptor '/home/colin/dockerfile_playground/install/start_mission/share/start_mission/package.dsv'
[3.264s] INFO:colcon.colcon_core.shell:Creating package script '/home/colin/dockerfile_playground/install/start_mission/share/start_mission/package.sh'
[3.265s] INFO:colcon.colcon_core.shell:Creating package script '/home/colin/dockerfile_playground/install/start_mission/share/start_mission/package.bash'
[3.265s] INFO:colcon.colcon_core.shell:Creating package script '/home/colin/dockerfile_playground/install/start_mission/share/start_mission/package.zsh'
[3.266s] Level 1:colcon.colcon_core.environment:create_file_with_runtime_dependencies(/home/colin/dockerfile_playground/install/start_mission/share/colcon-core/packages/start_mission)
[5.232s] DEBUG:colcon.colcon_core.event_handler.log_command:Invoked command in '/home/colin/dockerfile_playground/build/custom_interfaces' returned '0': CMAKE_PREFIX_PATH=/opt/ros/humble /usr/bin/cmake /home/colin/dockerfile_playground/ros2_ws/src/custom_interfaces -DCMAKE_INSTALL_PREFIX=/home/colin/dockerfile_playground/install/custom_interfaces
[5.233s] DEBUG:colcon.colcon_core.event_handler.log_command:Invoking command in '/home/colin/dockerfile_playground/build/custom_interfaces': CMAKE_PREFIX_PATH=/opt/ros/humble /usr/bin/cmake --build /home/colin/dockerfile_playground/build/custom_interfaces -- -j12 -l12
[7.846s] DEBUG:colcon.colcon_core.event_handler.log_command:Invoked command in '/home/colin/dockerfile_playground/build/custom_interfaces' returned '0': CMAKE_PREFIX_PATH=/opt/ros/humble /usr/bin/cmake --build /home/colin/dockerfile_playground/build/custom_interfaces -- -j12 -l12
[7.849s] DEBUG:colcon.colcon_core.event_handler.log_command:Invoking command in '/home/colin/dockerfile_playground/build/custom_interfaces': CMAKE_PREFIX_PATH=/opt/ros/humble /usr/bin/cmake --install /home/colin/dockerfile_playground/build/custom_interfaces
[7.961s] Level 1:colcon.colcon_core.environment:create_environment_scripts_only(custom_interfaces)
[7.961s] Level 1:colcon.colcon_core.environment:checking '/home/colin/dockerfile_playground/install/custom_interfaces' for CMake module files
[7.962s] DEBUG:colcon.colcon_core.event_handler.log_command:Invoked command in '/home/colin/dockerfile_playground/build/custom_interfaces' returned '0': CMAKE_PREFIX_PATH=/opt/ros/humble /usr/bin/cmake --install /home/colin/dockerfile_playground/build/custom_interfaces
[7.962s] Level 1:colcon.colcon_core.environment:checking '/home/colin/dockerfile_playground/install/custom_interfaces' for CMake config files
[7.963s] Level 1:colcon.colcon_core.shell:create_environment_hook('custom_interfaces', 'cmake_prefix_path')
[7.963s] INFO:colcon.colcon_core.shell:Creating environment hook '/home/colin/dockerfile_playground/install/custom_interfaces/share/custom_interfaces/hook/cmake_prefix_path.ps1'
[7.964s] INFO:colcon.colcon_core.shell:Creating environment descriptor '/home/colin/dockerfile_playground/install/custom_interfaces/share/custom_interfaces/hook/cmake_prefix_path.dsv'
[7.964s] INFO:colcon.colcon_core.shell:Creating environment hook '/home/colin/dockerfile_playground/install/custom_interfaces/share/custom_interfaces/hook/cmake_prefix_path.sh'
[7.965s] Level 1:colcon.colcon_core.environment:checking '/home/colin/dockerfile_playground/install/custom_interfaces/lib'
[7.965s] Level 1:colcon.colcon_core.shell:create_environment_hook('custom_interfaces', 'ld_library_path_lib')
[7.966s] INFO:colcon.colcon_core.shell:Creating environment hook '/home/colin/dockerfile_playground/install/custom_interfaces/share/custom_interfaces/hook/ld_library_path_lib.ps1'
[7.966s] INFO:colcon.colcon_core.shell:Creating environment descriptor '/home/colin/dockerfile_playground/install/custom_interfaces/share/custom_interfaces/hook/ld_library_path_lib.dsv'
[7.966s] INFO:colcon.colcon_core.shell:Creating environment hook '/home/colin/dockerfile_playground/install/custom_interfaces/share/custom_interfaces/hook/ld_library_path_lib.sh'
[7.967s] Level 1:colcon.colcon_core.environment:checking '/home/colin/dockerfile_playground/install/custom_interfaces/bin'
[7.967s] Level 1:colcon.colcon_core.environment:checking '/home/colin/dockerfile_playground/install/custom_interfaces/lib/pkgconfig/custom_interfaces.pc'
[7.967s] Level 1:colcon.colcon_core.environment:checking '/home/colin/dockerfile_playground/install/custom_interfaces/lib/python3.10/site-packages'
[7.967s] Level 1:colcon.colcon_core.environment:checking '/home/colin/dockerfile_playground/install/custom_interfaces/bin'
[7.967s] INFO:colcon.colcon_core.shell:Creating package script '/home/colin/dockerfile_playground/install/custom_interfaces/share/custom_interfaces/package.ps1'
[7.968s] INFO:colcon.colcon_core.shell:Creating package descriptor '/home/colin/dockerfile_playground/install/custom_interfaces/share/custom_interfaces/package.dsv'
[7.968s] INFO:colcon.colcon_core.shell:Creating package script '/home/colin/dockerfile_playground/install/custom_interfaces/share/custom_interfaces/package.sh'
[7.969s] INFO:colcon.colcon_core.shell:Creating package script '/home/colin/dockerfile_playground/install/custom_interfaces/share/custom_interfaces/package.bash'
[7.970s] INFO:colcon.colcon_core.shell:Creating package script '/home/colin/dockerfile_playground/install/custom_interfaces/share/custom_interfaces/package.zsh'
[7.970s] Level 1:colcon.colcon_core.environment:create_file_with_runtime_dependencies(/home/colin/dockerfile_playground/install/custom_interfaces/share/colcon-core/packages/custom_interfaces)
[7.972s] Level 1:colcon.colcon_core.environment:create_environment_scripts_only(custom_interfaces)
[7.972s] Level 1:colcon.colcon_core.environment:checking '/home/colin/dockerfile_playground/install/custom_interfaces' for CMake module files
[7.973s] Level 1:colcon.colcon_core.environment:checking '/home/colin/dockerfile_playground/install/custom_interfaces' for CMake config files
[7.973s] Level 1:colcon.colcon_core.shell:create_environment_hook('custom_interfaces', 'cmake_prefix_path')
[7.974s] INFO:colcon.colcon_core.shell:Creating environment hook '/home/colin/dockerfile_playground/install/custom_interfaces/share/custom_interfaces/hook/cmake_prefix_path.ps1'
[7.974s] INFO:colcon.colcon_core.shell:Creating environment descriptor '/home/colin/dockerfile_playground/install/custom_interfaces/share/custom_interfaces/hook/cmake_prefix_path.dsv'
[7.974s] INFO:colcon.colcon_core.shell:Creating environment hook '/home/colin/dockerfile_playground/install/custom_interfaces/share/custom_interfaces/hook/cmake_prefix_path.sh'
[7.975s] Level 1:colcon.colcon_core.environment:checking '/home/colin/dockerfile_playground/install/custom_interfaces/lib'
[7.975s] Level 1:colcon.colcon_core.shell:create_environment_hook('custom_interfaces', 'ld_library_path_lib')
[7.975s] INFO:colcon.colcon_core.shell:Creating environment hook '/home/colin/dockerfile_playground/install/custom_interfaces/share/custom_interfaces/hook/ld_library_path_lib.ps1'
[7.976s] INFO:colcon.colcon_core.shell:Creating environment descriptor '/home/colin/dockerfile_playground/install/custom_interfaces/share/custom_interfaces/hook/ld_library_path_lib.dsv'
[7.976s] INFO:colcon.colcon_core.shell:Creating environment hook '/home/colin/dockerfile_playground/install/custom_interfaces/share/custom_interfaces/hook/ld_library_path_lib.sh'
[7.977s] Level 1:colcon.colcon_core.environment:checking '/home/colin/dockerfile_playground/install/custom_interfaces/bin'
[7.977s] Level 1:colcon.colcon_core.environment:checking '/home/colin/dockerfile_playground/install/custom_interfaces/lib/pkgconfig/custom_interfaces.pc'
[7.977s] Level 1:colcon.colcon_core.environment:checking '/home/colin/dockerfile_playground/install/custom_interfaces/lib/python3.10/site-packages'
[7.977s] Level 1:colcon.colcon_core.environment:checking '/home/colin/dockerfile_playground/install/custom_interfaces/bin'
[7.978s] INFO:colcon.colcon_core.shell:Creating package script '/home/colin/dockerfile_playground/install/custom_interfaces/share/custom_interfaces/package.ps1'
[7.978s] INFO:colcon.colcon_core.shell:Creating package descriptor '/home/colin/dockerfile_playground/install/custom_interfaces/share/custom_interfaces/package.dsv'
[7.979s] INFO:colcon.colcon_core.shell:Creating package script '/home/colin/dockerfile_playground/install/custom_interfaces/share/custom_interfaces/package.sh'
[7.979s] INFO:colcon.colcon_core.shell:Creating package script '/home/colin/dockerfile_playground/install/custom_interfaces/share/custom_interfaces/package.bash'
[7.979s] INFO:colcon.colcon_core.shell:Creating package script '/home/colin/dockerfile_playground/install/custom_interfaces/share/custom_interfaces/package.zsh'
[7.980s] Level 1:colcon.colcon_core.environment:create_file_with_runtime_dependencies(/home/colin/dockerfile_playground/install/custom_interfaces/share/colcon-core/packages/custom_interfaces)
[7.980s] INFO:colcon.colcon_ros.task.ament_python.build:Building ROS package in '/home/colin/dockerfile_playground/ros2_ws/src/mission' with build type 'ament_python'
[7.981s] Level 1:colcon.colcon_core.shell:create_environment_hook('mission', 'ament_prefix_path')
[7.981s] INFO:colcon.colcon_core.shell:Creating environment hook '/home/colin/dockerfile_playground/install/mission/share/mission/hook/ament_prefix_path.ps1'
[7.984s] INFO:colcon.colcon_core.shell:Creating environment descriptor '/home/colin/dockerfile_playground/install/mission/share/mission/hook/ament_prefix_path.dsv'
[7.984s] INFO:colcon.colcon_core.shell:Creating environment hook '/home/colin/dockerfile_playground/install/mission/share/mission/hook/ament_prefix_path.sh'
[7.985s] INFO:colcon.colcon_core.shell:Skip shell extension 'powershell' for command environment: Not usable outside of PowerShell
[7.985s] DEBUG:colcon.colcon_core.shell:Skip shell extension 'dsv' for command environment
[7.989s] INFO:colcon.colcon_ros.task.ament_python.build:Building ROS package in '/home/colin/dockerfile_playground/ros2_ws/src/polar' with build type 'ament_python'
[7.989s] Level 1:colcon.colcon_core.shell:create_environment_hook('polar', 'ament_prefix_path')
[7.989s] INFO:colcon.colcon_core.shell:Creating environment hook '/home/colin/dockerfile_playground/install/polar/share/polar/hook/ament_prefix_path.ps1'
[7.994s] INFO:colcon.colcon_core.shell:Creating environment descriptor '/home/colin/dockerfile_playground/install/polar/share/polar/hook/ament_prefix_path.dsv'
[7.994s] INFO:colcon.colcon_core.shell:Creating environment hook '/home/colin/dockerfile_playground/install/polar/share/polar/hook/ament_prefix_path.sh'
[7.995s] INFO:colcon.colcon_core.shell:Skip shell extension 'powershell' for command environment: Not usable outside of PowerShell
[7.995s] DEBUG:colcon.colcon_core.shell:Skip shell extension 'dsv' for command environment
[8.508s] INFO:colcon.colcon_core.task.python.build:Building Python package in '/home/colin/dockerfile_playground/ros2_ws/src/mission'
[8.509s] INFO:colcon.colcon_core.shell:Skip shell extension 'powershell' for command environment: Not usable outside of PowerShell
[8.509s] DEBUG:colcon.colcon_core.shell:Skip shell extension 'dsv' for command environment
[8.820s] INFO:colcon.colcon_core.task.python.build:Building Python package in '/home/colin/dockerfile_playground/ros2_ws/src/polar'
[8.821s] INFO:colcon.colcon_core.shell:Skip shell extension 'powershell' for command environment: Not usable outside of PowerShell
[8.821s] DEBUG:colcon.colcon_core.shell:Skip shell extension 'dsv' for command environment
[9.614s] DEBUG:colcon.colcon_core.event_handler.log_command:Invoking command in '/home/colin/dockerfile_playground/ros2_ws/src/mission': AMENT_PREFIX_PATH=/home/colin/dockerfile_playground/install/custom_interfaces:${AMENT_PREFIX_PATH} CMAKE_PREFIX_PATH=/home/colin/dockerfile_playground/install/custom_interfaces LD_LIBRARY_PATH=/home/colin/dockerfile_playground/install/custom_interfaces/lib:${LD_LIBRARY_PATH} PYTHONPATH=/home/colin/dockerfile_playground/build/mission/prefix_override:/usr/lib/python3/dist-packages/colcon_core/task/python/colcon_distutils_commands:/home/colin/dockerfile_playground/install/mission/lib/python3.10/site-packages:/home/colin/dockerfile_playground/install/custom_interfaces/local/lib/python3.10/dist-packages:${PYTHONPATH} /usr/bin/python3 -W ignore:setup.py install is deprecated -W ignore:easy_install command is deprecated setup.py egg_info --egg-base ../../../build/mission build --build-base /home/colin/dockerfile_playground/build/mission/build install --record /home/colin/dockerfile_playground/build/mission/install.log --single-version-externally-managed install_data
[9.709s] DEBUG:colcon.colcon_core.event_handler.log_command:Invoking command in '/home/colin/dockerfile_playground/ros2_ws/src/polar': AMENT_PREFIX_PATH=/home/colin/dockerfile_playground/install/custom_interfaces:${AMENT_PREFIX_PATH} CMAKE_PREFIX_PATH=/home/colin/dockerfile_playground/install/custom_interfaces LD_LIBRARY_PATH=/home/colin/dockerfile_playground/install/custom_interfaces/lib:${LD_LIBRARY_PATH} PYTHONPATH=/home/colin/dockerfile_playground/build/polar/prefix_override:/usr/lib/python3/dist-packages/colcon_core/task/python/colcon_distutils_commands:/home/colin/dockerfile_playground/install/polar/lib/python3.10/site-packages:/home/colin/dockerfile_playground/install/custom_interfaces/local/lib/python3.10/dist-packages:${PYTHONPATH} /usr/bin/python3 -W ignore:setup.py install is deprecated -W ignore:easy_install command is deprecated setup.py egg_info --egg-base ../../../build/polar build --build-base /home/colin/dockerfile_playground/build/polar/build install --record /home/colin/dockerfile_playground/build/polar/install.log --single-version-externally-managed install_data
[10.221s] Level 1:colcon.colcon_core.environment:checking '/home/colin/dockerfile_playground/install/mission' for CMake module files
[10.222s] DEBUG:colcon.colcon_core.event_handler.log_command:Invoked command in '/home/colin/dockerfile_playground/ros2_ws/src/mission' returned '0': AMENT_PREFIX_PATH=/home/colin/dockerfile_playground/install/custom_interfaces:${AMENT_PREFIX_PATH} CMAKE_PREFIX_PATH=/home/colin/dockerfile_playground/install/custom_interfaces LD_LIBRARY_PATH=/home/colin/dockerfile_playground/install/custom_interfaces/lib:${LD_LIBRARY_PATH} PYTHONPATH=/home/colin/dockerfile_playground/build/mission/prefix_override:/usr/lib/python3/dist-packages/colcon_core/task/python/colcon_distutils_commands:/home/colin/dockerfile_playground/install/mission/lib/python3.10/site-packages:/home/colin/dockerfile_playground/install/custom_interfaces/local/lib/python3.10/dist-packages:${PYTHONPATH} /usr/bin/python3 -W ignore:setup.py install is deprecated -W ignore:easy_install command is deprecated setup.py egg_info --egg-base ../../../build/mission build --build-base /home/colin/dockerfile_playground/build/mission/build install --record /home/colin/dockerfile_playground/build/mission/install.log --single-version-externally-managed install_data
[10.222s] Level 1:colcon.colcon_core.environment:checking '/home/colin/dockerfile_playground/install/mission' for CMake config files
[10.223s] Level 1:colcon.colcon_core.environment:checking '/home/colin/dockerfile_playground/install/mission/lib'
[10.223s] Level 1:colcon.colcon_core.environment:checking '/home/colin/dockerfile_playground/install/mission/bin'
[10.223s] Level 1:colcon.colcon_core.environment:checking '/home/colin/dockerfile_playground/install/mission/lib/pkgconfig/mission.pc'
[10.223s] Level 1:colcon.colcon_core.environment:checking '/home/colin/dockerfile_playground/install/mission/lib/python3.10/site-packages'
[10.224s] Level 1:colcon.colcon_core.shell:create_environment_hook('mission', 'pythonpath')
[10.224s] INFO:colcon.colcon_core.shell:Creating environment hook '/home/colin/dockerfile_playground/install/mission/share/mission/hook/pythonpath.ps1'
[10.224s] INFO:colcon.colcon_core.shell:Creating environment descriptor '/home/colin/dockerfile_playground/install/mission/share/mission/hook/pythonpath.dsv'
[10.225s] INFO:colcon.colcon_core.shell:Creating environment hook '/home/colin/dockerfile_playground/install/mission/share/mission/hook/pythonpath.sh'
[10.225s] Level 1:colcon.colcon_core.environment:checking '/home/colin/dockerfile_playground/install/mission/bin'
[10.225s] Level 1:colcon.colcon_core.environment:create_environment_scripts_only(mission)
[10.226s] INFO:colcon.colcon_core.shell:Creating package script '/home/colin/dockerfile_playground/install/mission/share/mission/package.ps1'
[10.226s] INFO:colcon.colcon_core.shell:Creating package descriptor '/home/colin/dockerfile_playground/install/mission/share/mission/package.dsv'
[10.227s] INFO:colcon.colcon_core.shell:Creating package script '/home/colin/dockerfile_playground/install/mission/share/mission/package.sh'
[10.227s] INFO:colcon.colcon_core.shell:Creating package script '/home/colin/dockerfile_playground/install/mission/share/mission/package.bash'
[10.227s] INFO:colcon.colcon_core.shell:Creating package script '/home/colin/dockerfile_playground/install/mission/share/mission/package.zsh'
[10.228s] Level 1:colcon.colcon_core.environment:create_file_with_runtime_dependencies(/home/colin/dockerfile_playground/install/mission/share/colcon-core/packages/mission)
[10.282s] Level 1:colcon.colcon_core.environment:checking '/home/colin/dockerfile_playground/install/polar' for CMake module files
[10.282s] DEBUG:colcon.colcon_core.event_handler.log_command:Invoked command in '/home/colin/dockerfile_playground/ros2_ws/src/polar' returned '0': AMENT_PREFIX_PATH=/home/colin/dockerfile_playground/install/custom_interfaces:${AMENT_PREFIX_PATH} CMAKE_PREFIX_PATH=/home/colin/dockerfile_playground/install/custom_interfaces LD_LIBRARY_PATH=/home/colin/dockerfile_playground/install/custom_interfaces/lib:${LD_LIBRARY_PATH} PYTHONPATH=/home/colin/dockerfile_playground/build/polar/prefix_override:/usr/lib/python3/dist-packages/colcon_core/task/python/colcon_distutils_commands:/home/colin/dockerfile_playground/install/polar/lib/python3.10/site-packages:/home/colin/dockerfile_playground/install/custom_interfaces/local/lib/python3.10/dist-packages:${PYTHONPATH} /usr/bin/python3 -W ignore:setup.py install is deprecated -W ignore:easy_install command is deprecated setup.py egg_info --egg-base ../../../build/polar build --build-base /home/colin/dockerfile_playground/build/polar/build install --record /home/colin/dockerfile_playground/build/polar/install.log --single-version-externally-managed install_data
[10.283s] Level 1:colcon.colcon_core.environment:checking '/home/colin/dockerfile_playground/install/polar' for CMake config files
[10.283s] Level 1:colcon.colcon_core.environment:checking '/home/colin/dockerfile_playground/install/polar/lib'
[10.283s] Level 1:colcon.colcon_core.environment:checking '/home/colin/dockerfile_playground/install/polar/bin'
[10.283s] Level 1:colcon.colcon_core.environment:checking '/home/colin/dockerfile_playground/install/polar/lib/pkgconfig/polar.pc'
[10.284s] Level 1:colcon.colcon_core.environment:checking '/home/colin/dockerfile_playground/install/polar/lib/python3.10/site-packages'
[10.284s] Level 1:colcon.colcon_core.shell:create_environment_hook('polar', 'pythonpath')
[10.284s] INFO:colcon.colcon_core.shell:Creating environment hook '/home/colin/dockerfile_playground/install/polar/share/polar/hook/pythonpath.ps1'
[10.285s] INFO:colcon.colcon_core.shell:Creating environment descriptor '/home/colin/dockerfile_playground/install/polar/share/polar/hook/pythonpath.dsv'
[10.286s] INFO:colcon.colcon_core.shell:Creating environment hook '/home/colin/dockerfile_playground/install/polar/share/polar/hook/pythonpath.sh'
[10.286s] Level 1:colcon.colcon_core.environment:checking '/home/colin/dockerfile_playground/install/polar/bin'
[10.286s] Level 1:colcon.colcon_core.environment:create_environment_scripts_only(polar)
[10.287s] INFO:colcon.colcon_core.shell:Creating package script '/home/colin/dockerfile_playground/install/polar/share/polar/package.ps1'
[10.287s] INFO:colcon.colcon_core.shell:Creating package descriptor '/home/colin/dockerfile_playground/install/polar/share/polar/package.dsv'
[10.287s] INFO:colcon.colcon_core.shell:Creating package script '/home/colin/dockerfile_playground/install/polar/share/polar/package.sh'
[10.288s] INFO:colcon.colcon_core.shell:Creating package script '/home/colin/dockerfile_playground/install/polar/share/polar/package.bash'
[10.288s] INFO:colcon.colcon_core.shell:Creating package script '/home/colin/dockerfile_playground/install/polar/share/polar/package.zsh'
[10.289s] Level 1:colcon.colcon_core.environment:create_file_with_runtime_dependencies(/home/colin/dockerfile_playground/install/polar/share/colcon-core/packages/polar)
[10.291s] DEBUG:colcon.colcon_parallel_executor.executor.parallel:closing loop
[10.292s] DEBUG:colcon.colcon_parallel_executor.executor.parallel:loop closed
[10.292s] DEBUG:colcon.colcon_parallel_executor.executor.parallel:run_until_complete finished with '0'
[10.292s] DEBUG:colcon.colcon_core.event_reactor:joining thread
[10.366s] INFO:colcon.colcon_core.plugin_system:Skipping extension 'colcon_notification.desktop_notification.notify_send': Could not find 'notify-send'
[10.366s] INFO:colcon.colcon_core.plugin_system:Skipping extension 'colcon_notification.desktop_notification.terminal_notifier': Not used on non-Darwin systems
[10.367s] INFO:colcon.colcon_core.plugin_system:Skipping extension 'colcon_notification.desktop_notification.win32': Not used on non-Windows systems
[10.367s] INFO:colcon.colcon_notification.desktop_notification:Sending desktop notification using 'notify2'
[10.438s] DEBUG:colcon.colcon_notification.desktop_notification.notify2:Failed to initialize notify2: org.freedesktop.DBus.Error.ServiceUnknown: The name org.freedesktop.Notifications was not provided by any .service files
[10.438s] DEBUG:colcon.colcon_core.event_reactor:joined thread
[10.439s] INFO:colcon.colcon_core.shell:Creating prefix script '/home/colin/dockerfile_playground/install/local_setup.ps1'
[10.440s] INFO:colcon.colcon_core.shell:Creating prefix util module '/home/colin/dockerfile_playground/install/_local_setup_util_ps1.py'
[10.443s] INFO:colcon.colcon_core.shell:Creating prefix chain script '/home/colin/dockerfile_playground/install/setup.ps1'
[10.445s] INFO:colcon.colcon_core.shell:Creating prefix script '/home/colin/dockerfile_playground/install/local_setup.sh'
[10.446s] INFO:colcon.colcon_core.shell:Creating prefix util module '/home/colin/dockerfile_playground/install/_local_setup_util_sh.py'
[10.446s] INFO:colcon.colcon_core.shell:Creating prefix chain script '/home/colin/dockerfile_playground/install/setup.sh'
[10.447s] INFO:colcon.colcon_core.shell:Creating prefix script '/home/colin/dockerfile_playground/install/local_setup.bash'
[10.448s] INFO:colcon.colcon_core.shell:Creating prefix chain script '/home/colin/dockerfile_playground/install/setup.bash'
[10.449s] INFO:colcon.colcon_core.shell:Creating prefix script '/home/colin/dockerfile_playground/install/local_setup.zsh'
[10.450s] INFO:colcon.colcon_core.shell:Creating prefix chain script '/home/colin/dockerfile_playground/install/setup.zsh'
