/home/colin/dockerfile_playground/install/mission/lib/python3.10/site-packages/mission/abort_brake_node.py
/home/colin/dockerfile_playground/install/mission/lib/python3.10/site-packages/mission/web_manual_control_node.py
/home/colin/dockerfile_playground/install/mission/lib/python3.10/site-packages/mission/drop.py
/home/colin/dockerfile_playground/install/mission/lib/python3.10/site-packages/mission/machine_vision.py
/home/colin/dockerfile_playground/install/mission/lib/python3.10/site-packages/mission/state_node_advanced.py
/home/colin/dockerfile_playground/install/mission/lib/python3.10/site-packages/mission/approach_node_raw.py
/home/colin/dockerfile_playground/install/mission/lib/python3.10/site-packages/mission/other_machine_vision.py
/home/colin/dockerfile_playground/install/mission/lib/python3.10/site-packages/mission/__init__.py
/home/colin/dockerfile_playground/install/mission/lib/python3.10/site-packages/mission/cam2.py
/home/colin/dockerfile_playground/install/mission/lib/python3.10/site-packages/mission/graph_node.py
/home/colin/dockerfile_playground/install/mission/lib/python3.10/site-packages/mission/approach_node.py
/home/colin/dockerfile_playground/install/mission/lib/python3.10/site-packages/mission/valve_control.py
/home/colin/dockerfile_playground/install/mission/lib/python3.10/site-packages/mission/target_publisher_node.py
/home/colin/dockerfile_playground/install/mission/lib/python3.10/site-packages/mission/cam_pub.py
/home/colin/dockerfile_playground/install/mission/lib/python3.10/site-packages/mission/control_interface/index.html
/home/colin/dockerfile_playground/install/mission/lib/python3.10/site-packages/mission/control_interface/control_config.json
/home/colin/dockerfile_playground/install/mission/lib/python3.10/site-packages/mission/control_interface/static/style.css
/home/colin/dockerfile_playground/install/mission/lib/python3.10/site-packages/mission/control_interface/static/index.js
/home/colin/dockerfile_playground/install/mission/lib/python3.10/site-packages/mission/__pycache__/abort_brake_node.cpython-310.pyc
/home/colin/dockerfile_playground/install/mission/lib/python3.10/site-packages/mission/__pycache__/web_manual_control_node.cpython-310.pyc
/home/colin/dockerfile_playground/install/mission/lib/python3.10/site-packages/mission/__pycache__/drop.cpython-310.pyc
/home/colin/dockerfile_playground/install/mission/lib/python3.10/site-packages/mission/__pycache__/machine_vision.cpython-310.pyc
/home/colin/dockerfile_playground/install/mission/lib/python3.10/site-packages/mission/__pycache__/state_node_advanced.cpython-310.pyc
/home/colin/dockerfile_playground/install/mission/lib/python3.10/site-packages/mission/__pycache__/approach_node_raw.cpython-310.pyc
/home/colin/dockerfile_playground/install/mission/lib/python3.10/site-packages/mission/__pycache__/other_machine_vision.cpython-310.pyc
/home/colin/dockerfile_playground/install/mission/lib/python3.10/site-packages/mission/__pycache__/__init__.cpython-310.pyc
/home/colin/dockerfile_playground/install/mission/lib/python3.10/site-packages/mission/__pycache__/cam2.cpython-310.pyc
/home/colin/dockerfile_playground/install/mission/lib/python3.10/site-packages/mission/__pycache__/graph_node.cpython-310.pyc
/home/colin/dockerfile_playground/install/mission/lib/python3.10/site-packages/mission/__pycache__/approach_node.cpython-310.pyc
/home/colin/dockerfile_playground/install/mission/lib/python3.10/site-packages/mission/__pycache__/valve_control.cpython-310.pyc
/home/colin/dockerfile_playground/install/mission/lib/python3.10/site-packages/mission/__pycache__/target_publisher_node.cpython-310.pyc
/home/colin/dockerfile_playground/install/mission/lib/python3.10/site-packages/mission/__pycache__/cam_pub.cpython-310.pyc
/home/colin/dockerfile_playground/install/mission/share/ament_index/resource_index/packages/mission
/home/colin/dockerfile_playground/install/mission/share/mission/package.xml
/home/colin/dockerfile_playground/install/mission/share/mission/msg
/home/colin/dockerfile_playground/install/mission/share/mission/control_interface/index.html
/home/colin/dockerfile_playground/install/mission/share/mission/control_interface/static/style.css
/home/colin/dockerfile_playground/install/mission/share/mission/control_interface/static/index.js
/home/colin/dockerfile_playground/install/mission/lib/python3.10/site-packages/mission-0.0.0-py3.10.egg-info/PKG-INFO
/home/colin/dockerfile_playground/install/mission/lib/python3.10/site-packages/mission-0.0.0-py3.10.egg-info/SOURCES.txt
/home/colin/dockerfile_playground/install/mission/lib/python3.10/site-packages/mission-0.0.0-py3.10.egg-info/not-zip-safe
/home/colin/dockerfile_playground/install/mission/lib/python3.10/site-packages/mission-0.0.0-py3.10.egg-info/requires.txt
/home/colin/dockerfile_playground/install/mission/lib/python3.10/site-packages/mission-0.0.0-py3.10.egg-info/dependency_links.txt
/home/colin/dockerfile_playground/install/mission/lib/python3.10/site-packages/mission-0.0.0-py3.10.egg-info/top_level.txt
/home/colin/dockerfile_playground/install/mission/lib/python3.10/site-packages/mission-0.0.0-py3.10.egg-info/entry_points.txt
/home/colin/dockerfile_playground/install/mission/lib/mission/abort
/home/colin/dockerfile_playground/install/mission/lib/mission/approach
/home/colin/dockerfile_playground/install/mission/lib/mission/approach_raw
/home/colin/dockerfile_playground/install/mission/lib/mission/camera
/home/colin/dockerfile_playground/install/mission/lib/mission/control
/home/colin/dockerfile_playground/install/mission/lib/mission/graph
/home/colin/dockerfile_playground/install/mission/lib/mission/state
/home/colin/dockerfile_playground/install/mission/lib/mission/targets
/home/colin/dockerfile_playground/install/mission/lib/mission/valve
/home/colin/dockerfile_playground/install/mission/lib/mission/vision
/home/colin/dockerfile_playground/install/mission/lib/mission/water
