running egg_info
creating ../../../build/polar/polar.egg-info
writing ../../../build/polar/polar.egg-info/PKG-INFO
writing dependency_links to ../../../build/polar/polar.egg-info/dependency_links.txt
writing entry points to ../../../build/polar/polar.egg-info/entry_points.txt
writing requirements to ../../../build/polar/polar.egg-info/requires.txt
writing top-level names to ../../../build/polar/polar.egg-info/top_level.txt
writing manifest file '../../../build/polar/polar.egg-info/SOURCES.txt'
reading manifest file '../../../build/polar/polar.egg-info/SOURCES.txt'
writing manifest file '../../../build/polar/polar.egg-info/SOURCES.txt'
running build
running build_py
creating /home/colin/dockerfile_playground/build/polar/build/lib/polar
copying polar/target_pose_estimator.py -> /home/colin/dockerfile_playground/build/polar/build/lib/polar
copying polar/position.py -> /home/colin/dockerfile_playground/build/polar/build/lib/polar
copying polar/teleop.py -> /home/colin/dockerfile_playground/build/polar/build/lib/polar
copying polar/__init__.py -> /home/colin/dockerfile_playground/build/polar/build/lib/polar
copying polar/look_target.py -> /home/colin/dockerfile_playground/build/polar/build/lib/polar
running install
running install_lib
creating /home/colin/dockerfile_playground/install/polar/lib/python3.10/site-packages/polar
copying /home/colin/dockerfile_playground/build/polar/build/lib/polar/target_pose_estimator.py -> /home/colin/dockerfile_playground/install/polar/lib/python3.10/site-packages/polar
copying /home/colin/dockerfile_playground/build/polar/build/lib/polar/position.py -> /home/colin/dockerfile_playground/install/polar/lib/python3.10/site-packages/polar
copying /home/colin/dockerfile_playground/build/polar/build/lib/polar/teleop.py -> /home/colin/dockerfile_playground/install/polar/lib/python3.10/site-packages/polar
copying /home/colin/dockerfile_playground/build/polar/build/lib/polar/__init__.py -> /home/colin/dockerfile_playground/install/polar/lib/python3.10/site-packages/polar
copying /home/colin/dockerfile_playground/build/polar/build/lib/polar/look_target.py -> /home/colin/dockerfile_playground/install/polar/lib/python3.10/site-packages/polar
byte-compiling /home/colin/dockerfile_playground/install/polar/lib/python3.10/site-packages/polar/target_pose_estimator.py to target_pose_estimator.cpython-310.pyc
byte-compiling /home/colin/dockerfile_playground/install/polar/lib/python3.10/site-packages/polar/position.py to position.cpython-310.pyc
byte-compiling /home/colin/dockerfile_playground/install/polar/lib/python3.10/site-packages/polar/teleop.py to teleop.cpython-310.pyc
byte-compiling /home/colin/dockerfile_playground/install/polar/lib/python3.10/site-packages/polar/__init__.py to __init__.cpython-310.pyc
byte-compiling /home/colin/dockerfile_playground/install/polar/lib/python3.10/site-packages/polar/look_target.py to look_target.cpython-310.pyc
running install_data
creating /home/colin/dockerfile_playground/install/polar/share/ament_index/resource_index/packages
copying resource/polar -> /home/colin/dockerfile_playground/install/polar/share/ament_index/resource_index/packages
copying package.xml -> /home/colin/dockerfile_playground/install/polar/share/polar
running install_egg_info
Copying ../../../build/polar/polar.egg-info to /home/colin/dockerfile_playground/install/polar/lib/python3.10/site-packages/polar-0.0.0-py3.10.egg-info
running install_scripts
Installing look_inwards script to /home/colin/dockerfile_playground/install/polar/lib/polar
Installing position script to /home/colin/dockerfile_playground/install/polar/lib/polar
Installing teleop script to /home/colin/dockerfile_playground/install/polar/lib/polar
writing list of installed files to '/home/colin/dockerfile_playground/build/polar/install.log'
