[1.719s] Invoking command in '/home/colin/dockerfile_playground/ros2_ws/src/polar': AMENT_PREFIX_PATH=/home/colin/dockerfile_playground/install/custom_interfaces:${AMENT_PREFIX_PATH} CMAKE_PREFIX_PATH=/home/colin/dockerfile_playground/install/custom_interfaces LD_LIBRARY_PATH=/home/colin/dockerfile_playground/install/custom_interfaces/lib:${LD_LIBRARY_PATH} PYTHONPATH=/home/colin/dockerfile_playground/build/polar/prefix_override:/usr/lib/python3/dist-packages/colcon_core/task/python/colcon_distutils_commands:/home/colin/dockerfile_playground/install/polar/lib/python3.10/site-packages:/home/colin/dockerfile_playground/install/custom_interfaces/local/lib/python3.10/dist-packages:${PYTHONPATH} /usr/bin/python3 -W ignore:setup.py install is deprecated -W ignore:easy_install command is deprecated setup.py egg_info --egg-base ../../../build/polar build --build-base /home/colin/dockerfile_playground/build/polar/build install --record /home/colin/dockerfile_playground/build/polar/install.log --single-version-externally-managed install_data
[1.912s] /home/colin/.local/lib/python3.10/site-packages/setuptools/_distutils/dist.py:289: UserWarning: Unknown distribution option: 'tests_require'
[1.912s]   warnings.warn(msg)
[2.056s] running egg_info
[2.077s] creating ../../../build/polar/polar.egg-info
[2.078s] writing ../../../build/polar/polar.egg-info/PKG-INFO
[2.079s] writing dependency_links to ../../../build/polar/polar.egg-info/dependency_links.txt
[2.079s] writing entry points to ../../../build/polar/polar.egg-info/entry_points.txt
[2.080s] writing requirements to ../../../build/polar/polar.egg-info/requires.txt
[2.080s] writing top-level names to ../../../build/polar/polar.egg-info/top_level.txt
[2.080s] writing manifest file '../../../build/polar/polar.egg-info/SOURCES.txt'
[2.134s] reading manifest file '../../../build/polar/polar.egg-info/SOURCES.txt'
[2.135s] writing manifest file '../../../build/polar/polar.egg-info/SOURCES.txt'
[2.135s] running build
[2.135s] running build_py
[2.136s] creating /home/colin/dockerfile_playground/build/polar/build/lib/polar
[2.139s] copying polar/target_pose_estimator.py -> /home/colin/dockerfile_playground/build/polar/build/lib/polar
[2.140s] copying polar/position.py -> /home/colin/dockerfile_playground/build/polar/build/lib/polar
[2.140s] copying polar/teleop.py -> /home/colin/dockerfile_playground/build/polar/build/lib/polar
[2.140s] copying polar/__init__.py -> /home/colin/dockerfile_playground/build/polar/build/lib/polar
[2.140s] copying polar/look_target.py -> /home/colin/dockerfile_playground/build/polar/build/lib/polar
[2.141s] running install
[2.145s] running install_lib
[2.173s] creating /home/colin/dockerfile_playground/install/polar/lib/python3.10/site-packages/polar
[2.174s] copying /home/colin/dockerfile_playground/build/polar/build/lib/polar/target_pose_estimator.py -> /home/colin/dockerfile_playground/install/polar/lib/python3.10/site-packages/polar
[2.174s] copying /home/colin/dockerfile_playground/build/polar/build/lib/polar/position.py -> /home/colin/dockerfile_playground/install/polar/lib/python3.10/site-packages/polar
[2.174s] copying /home/colin/dockerfile_playground/build/polar/build/lib/polar/teleop.py -> /home/colin/dockerfile_playground/install/polar/lib/python3.10/site-packages/polar
[2.174s] copying /home/colin/dockerfile_playground/build/polar/build/lib/polar/__init__.py -> /home/colin/dockerfile_playground/install/polar/lib/python3.10/site-packages/polar
[2.175s] copying /home/colin/dockerfile_playground/build/polar/build/lib/polar/look_target.py -> /home/colin/dockerfile_playground/install/polar/lib/python3.10/site-packages/polar
[2.175s] byte-compiling /home/colin/dockerfile_playground/install/polar/lib/python3.10/site-packages/polar/target_pose_estimator.py to target_pose_estimator.cpython-310.pyc
[2.177s] byte-compiling /home/colin/dockerfile_playground/install/polar/lib/python3.10/site-packages/polar/position.py to position.cpython-310.pyc
[2.179s] byte-compiling /home/colin/dockerfile_playground/install/polar/lib/python3.10/site-packages/polar/teleop.py to teleop.cpython-310.pyc
[2.180s] byte-compiling /home/colin/dockerfile_playground/install/polar/lib/python3.10/site-packages/polar/__init__.py to __init__.cpython-310.pyc
[2.180s] byte-compiling /home/colin/dockerfile_playground/install/polar/lib/python3.10/site-packages/polar/look_target.py to look_target.cpython-310.pyc
[2.181s]   File "/home/colin/dockerfile_playground/install/polar/lib/python3.10/site-packages/polar/look_target.py", line 3
[2.181s]     from mavros_msgs.msg import AttitudeTarget  à
[2.181s]                                                 ^^
[2.181s] SyntaxError: invalid syntax
[2.181s] 
[2.181s] running install_data
[2.181s] creating /home/colin/dockerfile_playground/install/polar/share/ament_index/resource_index/packages
[2.183s] copying resource/polar -> /home/colin/dockerfile_playground/install/polar/share/ament_index/resource_index/packages
[2.183s] copying package.xml -> /home/colin/dockerfile_playground/install/polar/share/polar
[2.183s] running install_egg_info
[2.206s] Copying ../../../build/polar/polar.egg-info to /home/colin/dockerfile_playground/install/polar/lib/python3.10/site-packages/polar-0.0.0-py3.10.egg-info
[2.209s] running install_scripts
[2.263s] Installing look_inwards script to /home/colin/dockerfile_playground/install/polar/lib/polar
[2.263s] Installing position script to /home/colin/dockerfile_playground/install/polar/lib/polar
[2.264s] Installing teleop script to /home/colin/dockerfile_playground/install/polar/lib/polar
[2.265s] writing list of installed files to '/home/colin/dockerfile_playground/build/polar/install.log'
[2.293s] Invoked command in '/home/colin/dockerfile_playground/ros2_ws/src/polar' returned '0': AMENT_PREFIX_PATH=/home/colin/dockerfile_playground/install/custom_interfaces:${AMENT_PREFIX_PATH} CMAKE_PREFIX_PATH=/home/colin/dockerfile_playground/install/custom_interfaces LD_LIBRARY_PATH=/home/colin/dockerfile_playground/install/custom_interfaces/lib:${LD_LIBRARY_PATH} PYTHONPATH=/home/colin/dockerfile_playground/build/polar/prefix_override:/usr/lib/python3/dist-packages/colcon_core/task/python/colcon_distutils_commands:/home/colin/dockerfile_playground/install/polar/lib/python3.10/site-packages:/home/colin/dockerfile_playground/install/custom_interfaces/local/lib/python3.10/dist-packages:${PYTHONPATH} /usr/bin/python3 -W ignore:setup.py install is deprecated -W ignore:easy_install command is deprecated setup.py egg_info --egg-base ../../../build/polar build --build-base /home/colin/dockerfile_playground/build/polar/build install --record /home/colin/dockerfile_playground/build/polar/install.log --single-version-externally-managed install_data
