[0.224s] DEBUG:colcon:Command line arguments: ['/usr/bin/colcon', 'build']
[0.224s] DEBUG:colcon:Parsed command line arguments: Namespace(log_base=None, log_level=None, verb_name='build', build_base='build', install_base='install', merge_install=False, symlink_install=False, test_result_base=None, continue_on_error=False, executor='parallel', parallel_workers=12, event_handlers=None, ignore_user_meta=False, metas=['./colcon.meta'], base_paths=['.'], packages_ignore=None, packages_ignore_regex=None, paths=None, packages_up_to=None, packages_up_to_regex=None, packages_above=None, packages_above_and_dependencies=None, packages_above_depth=None, packages_select_by_dep=None, packages_skip_by_dep=None, packages_skip_up_to=None, packages_select_build_failed=False, packages_skip_build_finished=False, packages_select_test_failures=False, packages_skip_test_passed=False, packages_select=None, packages_skip=None, packages_select_regex=None, packages_skip_regex=None, packages_start=None, packages_end=None, allow_overriding=[], cmake_args=None, cmake_target=None, cmake_target_skip_unavailable=False, cmake_clean_cache=False, cmake_clean_first=False, cmake_force_configure=False, ament_cmake_args=None, catkin_cmake_args=None, catkin_skip_building_tests=False, mixin_files=None, mixin=None, verb_parser=<colcon_mixin.mixin.mixin_argument.MixinArgumentDecorator object at 0x7eee5c954af0>, verb_extension=<colcon_core.verb.build.BuildVerb object at 0x7eee5ca96110>, main=<bound method BuildVerb.main of <colcon_core.verb.build.BuildVerb object at 0x7eee5ca96110>>, mixin_verb=('build',))
[0.267s] Level 1:colcon.colcon_core.package_discovery:discover_packages(colcon_meta) check parameters
[0.268s] Level 1:colcon.colcon_core.package_discovery:discover_packages(recursive) check parameters
[0.268s] Level 1:colcon.colcon_core.package_discovery:discover_packages(ignore) check parameters
[0.268s] Level 1:colcon.colcon_core.package_discovery:discover_packages(path) check parameters
[0.268s] Level 1:colcon.colcon_core.package_discovery:discover_packages(colcon_meta) discover
[0.268s] Level 1:colcon.colcon_core.package_discovery:discover_packages(recursive) discover
[0.268s] INFO:colcon.colcon_core.package_discovery:Crawling recursively for packages in '/home/colin/dockerfile_playground'
[0.268s] Level 1:colcon.colcon_core.package_identification:_identify(.) by extensions ['ignore', 'ignore_ament_install']
[0.268s] Level 1:colcon.colcon_core.package_identification:_identify(.) by extension 'ignore'
[0.269s] Level 1:colcon.colcon_core.package_identification:_identify(.) by extension 'ignore_ament_install'
[0.269s] Level 1:colcon.colcon_core.package_identification:_identify(.) by extensions ['colcon_pkg']
[0.269s] Level 1:colcon.colcon_core.package_identification:_identify(.) by extension 'colcon_pkg'
[0.269s] Level 1:colcon.colcon_core.package_identification:_identify(.) by extensions ['colcon_meta']
[0.269s] Level 1:colcon.colcon_core.package_identification:_identify(.) by extension 'colcon_meta'
[0.269s] Level 1:colcon.colcon_core.package_identification:_identify(.) by extensions ['ros']
[0.269s] Level 1:colcon.colcon_core.package_identification:_identify(.) by extension 'ros'
[0.287s] Level 1:colcon.colcon_core.package_identification:_identify(.) by extensions ['cmake', 'python']
[0.287s] Level 1:colcon.colcon_core.package_identification:_identify(.) by extension 'cmake'
[0.287s] Level 1:colcon.colcon_core.package_identification:_identify(.) by extension 'python'
[0.287s] Level 1:colcon.colcon_core.package_identification:_identify(.) by extensions ['python_setup_py']
[0.287s] Level 1:colcon.colcon_core.package_identification:_identify(.) by extension 'python_setup_py'
[0.287s] Level 1:colcon.colcon_core.package_identification:_identify(build) by extensions ['ignore', 'ignore_ament_install']
[0.287s] Level 1:colcon.colcon_core.package_identification:_identify(build) by extension 'ignore'
[0.287s] Level 1:colcon.colcon_core.package_identification:_identify(build) ignored
[0.287s] Level 1:colcon.colcon_core.package_identification:_identify(install) by extensions ['ignore', 'ignore_ament_install']
[0.287s] Level 1:colcon.colcon_core.package_identification:_identify(install) by extension 'ignore'
[0.287s] Level 1:colcon.colcon_core.package_identification:_identify(install) ignored
[0.287s] Level 1:colcon.colcon_core.package_identification:_identify(log) by extensions ['ignore', 'ignore_ament_install']
[0.288s] Level 1:colcon.colcon_core.package_identification:_identify(log) by extension 'ignore'
[0.288s] Level 1:colcon.colcon_core.package_identification:_identify(log) ignored
[0.288s] Level 1:colcon.colcon_core.package_identification:_identify(ros2_ws) by extensions ['ignore', 'ignore_ament_install']
[0.288s] Level 1:colcon.colcon_core.package_identification:_identify(ros2_ws) by extension 'ignore'
[0.288s] Level 1:colcon.colcon_core.package_identification:_identify(ros2_ws) by extension 'ignore_ament_install'
[0.288s] Level 1:colcon.colcon_core.package_identification:_identify(ros2_ws) by extensions ['colcon_pkg']
[0.288s] Level 1:colcon.colcon_core.package_identification:_identify(ros2_ws) by extension 'colcon_pkg'
[0.288s] Level 1:colcon.colcon_core.package_identification:_identify(ros2_ws) by extensions ['colcon_meta']
[0.288s] Level 1:colcon.colcon_core.package_identification:_identify(ros2_ws) by extension 'colcon_meta'
[0.288s] Level 1:colcon.colcon_core.package_identification:_identify(ros2_ws) by extensions ['ros']
[0.288s] Level 1:colcon.colcon_core.package_identification:_identify(ros2_ws) by extension 'ros'
[0.288s] Level 1:colcon.colcon_core.package_identification:_identify(ros2_ws) by extensions ['cmake', 'python']
[0.288s] Level 1:colcon.colcon_core.package_identification:_identify(ros2_ws) by extension 'cmake'
[0.288s] Level 1:colcon.colcon_core.package_identification:_identify(ros2_ws) by extension 'python'
[0.288s] Level 1:colcon.colcon_core.package_identification:_identify(ros2_ws) by extensions ['python_setup_py']
[0.288s] Level 1:colcon.colcon_core.package_identification:_identify(ros2_ws) by extension 'python_setup_py'
[0.288s] Level 1:colcon.colcon_core.package_identification:_identify(ros2_ws/build) by extensions ['ignore', 'ignore_ament_install']
[0.288s] Level 1:colcon.colcon_core.package_identification:_identify(ros2_ws/build) by extension 'ignore'
[0.288s] Level 1:colcon.colcon_core.package_identification:_identify(ros2_ws/build) ignored
[0.289s] Level 1:colcon.colcon_core.package_identification:_identify(ros2_ws/install) by extensions ['ignore', 'ignore_ament_install']
[0.289s] Level 1:colcon.colcon_core.package_identification:_identify(ros2_ws/install) by extension 'ignore'
[0.289s] Level 1:colcon.colcon_core.package_identification:_identify(ros2_ws/install) ignored
[0.289s] Level 1:colcon.colcon_core.package_identification:_identify(ros2_ws/log) by extensions ['ignore', 'ignore_ament_install']
[0.289s] Level 1:colcon.colcon_core.package_identification:_identify(ros2_ws/log) by extension 'ignore'
[0.289s] Level 1:colcon.colcon_core.package_identification:_identify(ros2_ws/log) ignored
[0.289s] Level 1:colcon.colcon_core.package_identification:_identify(ros2_ws/src) by extensions ['ignore', 'ignore_ament_install']
[0.289s] Level 1:colcon.colcon_core.package_identification:_identify(ros2_ws/src) by extension 'ignore'
[0.289s] Level 1:colcon.colcon_core.package_identification:_identify(ros2_ws/src) by extension 'ignore_ament_install'
[0.289s] Level 1:colcon.colcon_core.package_identification:_identify(ros2_ws/src) by extensions ['colcon_pkg']
[0.289s] Level 1:colcon.colcon_core.package_identification:_identify(ros2_ws/src) by extension 'colcon_pkg'
[0.289s] Level 1:colcon.colcon_core.package_identification:_identify(ros2_ws/src) by extensions ['colcon_meta']
[0.289s] Level 1:colcon.colcon_core.package_identification:_identify(ros2_ws/src) by extension 'colcon_meta'
[0.289s] Level 1:colcon.colcon_core.package_identification:_identify(ros2_ws/src) by extensions ['ros']
[0.289s] Level 1:colcon.colcon_core.package_identification:_identify(ros2_ws/src) by extension 'ros'
[0.290s] Level 1:colcon.colcon_core.package_identification:_identify(ros2_ws/src) by extensions ['cmake', 'python']
[0.290s] Level 1:colcon.colcon_core.package_identification:_identify(ros2_ws/src) by extension 'cmake'
[0.290s] Level 1:colcon.colcon_core.package_identification:_identify(ros2_ws/src) by extension 'python'
[0.290s] Level 1:colcon.colcon_core.package_identification:_identify(ros2_ws/src) by extensions ['python_setup_py']
[0.290s] Level 1:colcon.colcon_core.package_identification:_identify(ros2_ws/src) by extension 'python_setup_py'
[0.290s] Level 1:colcon.colcon_core.package_identification:_identify(ros2_ws/src/custom_interfaces) by extensions ['ignore', 'ignore_ament_install']
[0.290s] Level 1:colcon.colcon_core.package_identification:_identify(ros2_ws/src/custom_interfaces) by extension 'ignore'
[0.290s] Level 1:colcon.colcon_core.package_identification:_identify(ros2_ws/src/custom_interfaces) by extension 'ignore_ament_install'
[0.290s] Level 1:colcon.colcon_core.package_identification:_identify(ros2_ws/src/custom_interfaces) by extensions ['colcon_pkg']
[0.290s] Level 1:colcon.colcon_core.package_identification:_identify(ros2_ws/src/custom_interfaces) by extension 'colcon_pkg'
[0.290s] Level 1:colcon.colcon_core.package_identification:_identify(ros2_ws/src/custom_interfaces) by extensions ['colcon_meta']
[0.290s] Level 1:colcon.colcon_core.package_identification:_identify(ros2_ws/src/custom_interfaces) by extension 'colcon_meta'
[0.290s] Level 1:colcon.colcon_core.package_identification:_identify(ros2_ws/src/custom_interfaces) by extensions ['ros']
[0.290s] Level 1:colcon.colcon_core.package_identification:_identify(ros2_ws/src/custom_interfaces) by extension 'ros'
[0.292s] DEBUG:colcon.colcon_core.package_identification:Package 'ros2_ws/src/custom_interfaces' with type 'ros.ament_cmake' and name 'custom_interfaces'
[0.292s] Level 1:colcon.colcon_core.package_identification:_identify(ros2_ws/src/mission) by extensions ['ignore', 'ignore_ament_install']
[0.292s] Level 1:colcon.colcon_core.package_identification:_identify(ros2_ws/src/mission) by extension 'ignore'
[0.293s] Level 1:colcon.colcon_core.package_identification:_identify(ros2_ws/src/mission) by extension 'ignore_ament_install'
[0.293s] Level 1:colcon.colcon_core.package_identification:_identify(ros2_ws/src/mission) by extensions ['colcon_pkg']
[0.293s] Level 1:colcon.colcon_core.package_identification:_identify(ros2_ws/src/mission) by extension 'colcon_pkg'
[0.293s] Level 1:colcon.colcon_core.package_identification:_identify(ros2_ws/src/mission) by extensions ['colcon_meta']
[0.293s] Level 1:colcon.colcon_core.package_identification:_identify(ros2_ws/src/mission) by extension 'colcon_meta'
[0.293s] Level 1:colcon.colcon_core.package_identification:_identify(ros2_ws/src/mission) by extensions ['ros']
[0.293s] Level 1:colcon.colcon_core.package_identification:_identify(ros2_ws/src/mission) by extension 'ros'
[0.294s] DEBUG:colcon.colcon_core.package_identification:Package 'ros2_ws/src/mission' with type 'ros.ament_python' and name 'mission'
[0.294s] Level 1:colcon.colcon_core.package_identification:_identify(ros2_ws/src/polar) by extensions ['ignore', 'ignore_ament_install']
[0.294s] Level 1:colcon.colcon_core.package_identification:_identify(ros2_ws/src/polar) by extension 'ignore'
[0.294s] Level 1:colcon.colcon_core.package_identification:_identify(ros2_ws/src/polar) by extension 'ignore_ament_install'
[0.294s] Level 1:colcon.colcon_core.package_identification:_identify(ros2_ws/src/polar) by extensions ['colcon_pkg']
[0.294s] Level 1:colcon.colcon_core.package_identification:_identify(ros2_ws/src/polar) by extension 'colcon_pkg'
[0.294s] Level 1:colcon.colcon_core.package_identification:_identify(ros2_ws/src/polar) by extensions ['colcon_meta']
[0.294s] Level 1:colcon.colcon_core.package_identification:_identify(ros2_ws/src/polar) by extension 'colcon_meta'
[0.294s] Level 1:colcon.colcon_core.package_identification:_identify(ros2_ws/src/polar) by extensions ['ros']
[0.294s] Level 1:colcon.colcon_core.package_identification:_identify(ros2_ws/src/polar) by extension 'ros'
[0.295s] DEBUG:colcon.colcon_core.package_identification:Package 'ros2_ws/src/polar' with type 'ros.ament_python' and name 'polar'
[0.295s] Level 1:colcon.colcon_core.package_identification:_identify(ros2_ws/src/start_mission) by extensions ['ignore', 'ignore_ament_install']
[0.295s] Level 1:colcon.colcon_core.package_identification:_identify(ros2_ws/src/start_mission) by extension 'ignore'
[0.295s] Level 1:colcon.colcon_core.package_identification:_identify(ros2_ws/src/start_mission) by extension 'ignore_ament_install'
[0.295s] Level 1:colcon.colcon_core.package_identification:_identify(ros2_ws/src/start_mission) by extensions ['colcon_pkg']
[0.295s] Level 1:colcon.colcon_core.package_identification:_identify(ros2_ws/src/start_mission) by extension 'colcon_pkg'
[0.295s] Level 1:colcon.colcon_core.package_identification:_identify(ros2_ws/src/start_mission) by extensions ['colcon_meta']
[0.295s] Level 1:colcon.colcon_core.package_identification:_identify(ros2_ws/src/start_mission) by extension 'colcon_meta'
[0.295s] Level 1:colcon.colcon_core.package_identification:_identify(ros2_ws/src/start_mission) by extensions ['ros']
[0.295s] Level 1:colcon.colcon_core.package_identification:_identify(ros2_ws/src/start_mission) by extension 'ros'
[0.296s] DEBUG:colcon.colcon_core.package_identification:Package 'ros2_ws/src/start_mission' with type 'ros.ament_cmake' and name 'start_mission'
[0.296s] Level 1:colcon.colcon_core.package_discovery:discover_packages(recursive) using defaults
[0.296s] Level 1:colcon.colcon_core.package_discovery:discover_packages(ignore) discover
[0.296s] Level 1:colcon.colcon_core.package_discovery:discover_packages(ignore) using defaults
[0.296s] Level 1:colcon.colcon_core.package_discovery:discover_packages(path) discover
[0.296s] Level 1:colcon.colcon_core.package_discovery:discover_packages(path) using defaults
[0.324s] Level 1:colcon.colcon_core.package_discovery:discover_packages(prefix_path) check parameters
[0.324s] Level 1:colcon.colcon_core.package_discovery:discover_packages(prefix_path) discover
[0.328s] DEBUG:colcon.colcon_installed_package_information.package_discovery:Found 298 installed packages in /opt/ros/humble
[0.330s] Level 1:colcon.colcon_core.package_discovery:discover_packages(prefix_path) using defaults
[0.377s] Level 5:colcon.colcon_core.verb:set package 'custom_interfaces' build argument 'cmake_args' from command line to 'None'
[0.377s] Level 5:colcon.colcon_core.verb:set package 'custom_interfaces' build argument 'cmake_target' from command line to 'None'
[0.378s] Level 5:colcon.colcon_core.verb:set package 'custom_interfaces' build argument 'cmake_target_skip_unavailable' from command line to 'False'
[0.378s] Level 5:colcon.colcon_core.verb:set package 'custom_interfaces' build argument 'cmake_clean_cache' from command line to 'False'
[0.378s] Level 5:colcon.colcon_core.verb:set package 'custom_interfaces' build argument 'cmake_clean_first' from command line to 'False'
[0.378s] Level 5:colcon.colcon_core.verb:set package 'custom_interfaces' build argument 'cmake_force_configure' from command line to 'False'
[0.378s] Level 5:colcon.colcon_core.verb:set package 'custom_interfaces' build argument 'ament_cmake_args' from command line to 'None'
[0.378s] Level 5:colcon.colcon_core.verb:set package 'custom_interfaces' build argument 'catkin_cmake_args' from command line to 'None'
[0.378s] Level 5:colcon.colcon_core.verb:set package 'custom_interfaces' build argument 'catkin_skip_building_tests' from command line to 'False'
[0.378s] DEBUG:colcon.colcon_core.verb:Building package 'custom_interfaces' with the following arguments: {'ament_cmake_args': None, 'build_base': '/home/colin/dockerfile_playground/build/custom_interfaces', 'catkin_cmake_args': None, 'catkin_skip_building_tests': False, 'cmake_args': None, 'cmake_clean_cache': False, 'cmake_clean_first': False, 'cmake_force_configure': False, 'cmake_target': None, 'cmake_target_skip_unavailable': False, 'install_base': '/home/colin/dockerfile_playground/install/custom_interfaces', 'merge_install': False, 'path': '/home/colin/dockerfile_playground/ros2_ws/src/custom_interfaces', 'symlink_install': False, 'test_result_base': None}
[0.378s] Level 5:colcon.colcon_core.verb:set package 'start_mission' build argument 'cmake_args' from command line to 'None'
[0.378s] Level 5:colcon.colcon_core.verb:set package 'start_mission' build argument 'cmake_target' from command line to 'None'
[0.378s] Level 5:colcon.colcon_core.verb:set package 'start_mission' build argument 'cmake_target_skip_unavailable' from command line to 'False'
[0.378s] Level 5:colcon.colcon_core.verb:set package 'start_mission' build argument 'cmake_clean_cache' from command line to 'False'
[0.378s] Level 5:colcon.colcon_core.verb:set package 'start_mission' build argument 'cmake_clean_first' from command line to 'False'
[0.378s] Level 5:colcon.colcon_core.verb:set package 'start_mission' build argument 'cmake_force_configure' from command line to 'False'
[0.378s] Level 5:colcon.colcon_core.verb:set package 'start_mission' build argument 'ament_cmake_args' from command line to 'None'
[0.378s] Level 5:colcon.colcon_core.verb:set package 'start_mission' build argument 'catkin_cmake_args' from command line to 'None'
[0.378s] Level 5:colcon.colcon_core.verb:set package 'start_mission' build argument 'catkin_skip_building_tests' from command line to 'False'
[0.378s] DEBUG:colcon.colcon_core.verb:Building package 'start_mission' with the following arguments: {'ament_cmake_args': None, 'build_base': '/home/colin/dockerfile_playground/build/start_mission', 'catkin_cmake_args': None, 'catkin_skip_building_tests': False, 'cmake_args': None, 'cmake_clean_cache': False, 'cmake_clean_first': False, 'cmake_force_configure': False, 'cmake_target': None, 'cmake_target_skip_unavailable': False, 'install_base': '/home/colin/dockerfile_playground/install/start_mission', 'merge_install': False, 'path': '/home/colin/dockerfile_playground/ros2_ws/src/start_mission', 'symlink_install': False, 'test_result_base': None}
[0.379s] Level 5:colcon.colcon_core.verb:set package 'mission' build argument 'cmake_args' from command line to 'None'
[0.379s] Level 5:colcon.colcon_core.verb:set package 'mission' build argument 'cmake_target' from command line to 'None'
[0.379s] Level 5:colcon.colcon_core.verb:set package 'mission' build argument 'cmake_target_skip_unavailable' from command line to 'False'
[0.379s] Level 5:colcon.colcon_core.verb:set package 'mission' build argument 'cmake_clean_cache' from command line to 'False'
[0.379s] Level 5:colcon.colcon_core.verb:set package 'mission' build argument 'cmake_clean_first' from command line to 'False'
[0.379s] Level 5:colcon.colcon_core.verb:set package 'mission' build argument 'cmake_force_configure' from command line to 'False'
[0.379s] Level 5:colcon.colcon_core.verb:set package 'mission' build argument 'ament_cmake_args' from command line to 'None'
[0.379s] Level 5:colcon.colcon_core.verb:set package 'mission' build argument 'catkin_cmake_args' from command line to 'None'
[0.379s] Level 5:colcon.colcon_core.verb:set package 'mission' build argument 'catkin_skip_building_tests' from command line to 'False'
[0.379s] DEBUG:colcon.colcon_core.verb:Building package 'mission' with the following arguments: {'ament_cmake_args': None, 'build_base': '/home/colin/dockerfile_playground/build/mission', 'catkin_cmake_args': None, 'catkin_skip_building_tests': False, 'cmake_args': None, 'cmake_clean_cache': False, 'cmake_clean_first': False, 'cmake_force_configure': False, 'cmake_target': None, 'cmake_target_skip_unavailable': False, 'install_base': '/home/colin/dockerfile_playground/install/mission', 'merge_install': False, 'path': '/home/colin/dockerfile_playground/ros2_ws/src/mission', 'symlink_install': False, 'test_result_base': None}
[0.379s] Level 5:colcon.colcon_core.verb:set package 'polar' build argument 'cmake_args' from command line to 'None'
[0.379s] Level 5:colcon.colcon_core.verb:set package 'polar' build argument 'cmake_target' from command line to 'None'
[0.379s] Level 5:colcon.colcon_core.verb:set package 'polar' build argument 'cmake_target_skip_unavailable' from command line to 'False'
[0.379s] Level 5:colcon.colcon_core.verb:set package 'polar' build argument 'cmake_clean_cache' from command line to 'False'
[0.379s] Level 5:colcon.colcon_core.verb:set package 'polar' build argument 'cmake_clean_first' from command line to 'False'
[0.379s] Level 5:colcon.colcon_core.verb:set package 'polar' build argument 'cmake_force_configure' from command line to 'False'
[0.379s] Level 5:colcon.colcon_core.verb:set package 'polar' build argument 'ament_cmake_args' from command line to 'None'
[0.379s] Level 5:colcon.colcon_core.verb:set package 'polar' build argument 'catkin_cmake_args' from command line to 'None'
[0.379s] Level 5:colcon.colcon_core.verb:set package 'polar' build argument 'catkin_skip_building_tests' from command line to 'False'
[0.379s] DEBUG:colcon.colcon_core.verb:Building package 'polar' with the following arguments: {'ament_cmake_args': None, 'build_base': '/home/colin/dockerfile_playground/build/polar', 'catkin_cmake_args': None, 'catkin_skip_building_tests': False, 'cmake_args': None, 'cmake_clean_cache': False, 'cmake_clean_first': False, 'cmake_force_configure': False, 'cmake_target': None, 'cmake_target_skip_unavailable': False, 'install_base': '/home/colin/dockerfile_playground/install/polar', 'merge_install': False, 'path': '/home/colin/dockerfile_playground/ros2_ws/src/polar', 'symlink_install': False, 'test_result_base': None}
[0.379s] INFO:colcon.colcon_core.executor:Executing jobs using 'parallel' executor
[0.381s] DEBUG:colcon.colcon_parallel_executor.executor.parallel:run_until_complete
[0.381s] INFO:colcon.colcon_ros.task.ament_cmake.build:Building ROS package in '/home/colin/dockerfile_playground/ros2_ws/src/custom_interfaces' with build type 'ament_cmake'
[0.382s] INFO:colcon.colcon_cmake.task.cmake.build:Building CMake package in '/home/colin/dockerfile_playground/ros2_ws/src/custom_interfaces'
[0.384s] INFO:colcon.colcon_core.plugin_system:Skipping extension 'colcon_core.shell.bat': Not used on non-Windows systems
[0.384s] INFO:colcon.colcon_core.shell:Skip shell extension 'powershell' for command environment: Not usable outside of PowerShell
[0.384s] DEBUG:colcon.colcon_core.shell:Skip shell extension 'dsv' for command environment
[0.387s] INFO:colcon.colcon_ros.task.ament_cmake.build:Building ROS package in '/home/colin/dockerfile_playground/ros2_ws/src/start_mission' with build type 'ament_cmake'
[0.388s] INFO:colcon.colcon_cmake.task.cmake.build:Building CMake package in '/home/colin/dockerfile_playground/ros2_ws/src/start_mission'
[0.388s] INFO:colcon.colcon_core.shell:Skip shell extension 'powershell' for command environment: Not usable outside of PowerShell
[0.388s] DEBUG:colcon.colcon_core.shell:Skip shell extension 'dsv' for command environment
[0.401s] DEBUG:colcon.colcon_core.event_handler.log_command:Invoking command in '/home/colin/dockerfile_playground/build/custom_interfaces': CMAKE_PREFIX_PATH=/opt/ros/humble /usr/bin/cmake --build /home/colin/dockerfile_playground/build/custom_interfaces -- -j12 -l12
[0.407s] DEBUG:colcon.colcon_core.event_handler.log_command:Invoking command in '/home/colin/dockerfile_playground/build/start_mission': CMAKE_PREFIX_PATH=/opt/ros/humble /usr/bin/cmake --build /home/colin/dockerfile_playground/build/start_mission -- -j12 -l12
[0.463s] DEBUG:colcon.colcon_core.event_handler.log_command:Invoked command in '/home/colin/dockerfile_playground/build/start_mission' returned '0': CMAKE_PREFIX_PATH=/opt/ros/humble /usr/bin/cmake --build /home/colin/dockerfile_playground/build/start_mission -- -j12 -l12
[0.477s] DEBUG:colcon.colcon_core.event_handler.log_command:Invoking command in '/home/colin/dockerfile_playground/build/start_mission': CMAKE_PREFIX_PATH=/opt/ros/humble /usr/bin/cmake --install /home/colin/dockerfile_playground/build/start_mission
[0.493s] Level 1:colcon.colcon_core.environment:create_environment_scripts_only(start_mission)
[0.494s] DEBUG:colcon.colcon_core.event_handler.log_command:Invoked command in '/home/colin/dockerfile_playground/build/start_mission' returned '0': CMAKE_PREFIX_PATH=/opt/ros/humble /usr/bin/cmake --install /home/colin/dockerfile_playground/build/start_mission
[0.501s] Level 1:colcon.colcon_core.environment:checking '/home/colin/dockerfile_playground/install/start_mission' for CMake module files
[0.502s] Level 1:colcon.colcon_core.environment:checking '/home/colin/dockerfile_playground/install/start_mission' for CMake config files
[0.502s] Level 1:colcon.colcon_core.shell:create_environment_hook('start_mission', 'cmake_prefix_path')
[0.503s] INFO:colcon.colcon_core.shell:Creating environment hook '/home/colin/dockerfile_playground/install/start_mission/share/start_mission/hook/cmake_prefix_path.ps1'
[0.503s] INFO:colcon.colcon_core.shell:Creating environment descriptor '/home/colin/dockerfile_playground/install/start_mission/share/start_mission/hook/cmake_prefix_path.dsv'
[0.504s] INFO:colcon.colcon_core.shell:Creating environment hook '/home/colin/dockerfile_playground/install/start_mission/share/start_mission/hook/cmake_prefix_path.sh'
[0.505s] Level 1:colcon.colcon_core.environment:checking '/home/colin/dockerfile_playground/install/start_mission/bin'
[0.505s] Level 1:colcon.colcon_core.environment:checking '/home/colin/dockerfile_playground/install/start_mission/lib/pkgconfig/start_mission.pc'
[0.506s] Level 1:colcon.colcon_core.environment:checking '/home/colin/dockerfile_playground/install/start_mission/lib/python3.10/site-packages'
[0.506s] Level 1:colcon.colcon_core.environment:checking '/home/colin/dockerfile_playground/install/start_mission/bin'
[0.506s] INFO:colcon.colcon_core.shell:Creating package script '/home/colin/dockerfile_playground/install/start_mission/share/start_mission/package.ps1'
[0.507s] INFO:colcon.colcon_core.shell:Creating package descriptor '/home/colin/dockerfile_playground/install/start_mission/share/start_mission/package.dsv'
[0.509s] INFO:colcon.colcon_core.shell:Creating package script '/home/colin/dockerfile_playground/install/start_mission/share/start_mission/package.sh'
[0.510s] INFO:colcon.colcon_core.shell:Creating package script '/home/colin/dockerfile_playground/install/start_mission/share/start_mission/package.bash'
[0.511s] INFO:colcon.colcon_core.shell:Creating package script '/home/colin/dockerfile_playground/install/start_mission/share/start_mission/package.zsh'
[0.512s] Level 1:colcon.colcon_core.environment:create_file_with_runtime_dependencies(/home/colin/dockerfile_playground/install/start_mission/share/colcon-core/packages/start_mission)
[0.513s] Level 1:colcon.colcon_core.environment:create_environment_scripts_only(start_mission)
[0.513s] Level 1:colcon.colcon_core.environment:checking '/home/colin/dockerfile_playground/install/start_mission' for CMake module files
[0.514s] Level 1:colcon.colcon_core.environment:checking '/home/colin/dockerfile_playground/install/start_mission' for CMake config files
[0.515s] Level 1:colcon.colcon_core.shell:create_environment_hook('start_mission', 'cmake_prefix_path')
[0.515s] INFO:colcon.colcon_core.shell:Creating environment hook '/home/colin/dockerfile_playground/install/start_mission/share/start_mission/hook/cmake_prefix_path.ps1'
[0.516s] INFO:colcon.colcon_core.shell:Creating environment descriptor '/home/colin/dockerfile_playground/install/start_mission/share/start_mission/hook/cmake_prefix_path.dsv'
[0.516s] INFO:colcon.colcon_core.shell:Creating environment hook '/home/colin/dockerfile_playground/install/start_mission/share/start_mission/hook/cmake_prefix_path.sh'
[0.517s] Level 1:colcon.colcon_core.environment:checking '/home/colin/dockerfile_playground/install/start_mission/bin'
[0.517s] Level 1:colcon.colcon_core.environment:checking '/home/colin/dockerfile_playground/install/start_mission/lib/pkgconfig/start_mission.pc'
[0.517s] Level 1:colcon.colcon_core.environment:checking '/home/colin/dockerfile_playground/install/start_mission/lib/python3.10/site-packages'
[0.518s] Level 1:colcon.colcon_core.environment:checking '/home/colin/dockerfile_playground/install/start_mission/bin'
[0.518s] INFO:colcon.colcon_core.shell:Creating package script '/home/colin/dockerfile_playground/install/start_mission/share/start_mission/package.ps1'
[0.521s] INFO:colcon.colcon_core.shell:Creating package descriptor '/home/colin/dockerfile_playground/install/start_mission/share/start_mission/package.dsv'
[0.522s] INFO:colcon.colcon_core.shell:Creating package script '/home/colin/dockerfile_playground/install/start_mission/share/start_mission/package.sh'
[0.523s] INFO:colcon.colcon_core.shell:Creating package script '/home/colin/dockerfile_playground/install/start_mission/share/start_mission/package.bash'
[0.524s] INFO:colcon.colcon_core.shell:Creating package script '/home/colin/dockerfile_playground/install/start_mission/share/start_mission/package.zsh'
[0.524s] Level 1:colcon.colcon_core.environment:create_file_with_runtime_dependencies(/home/colin/dockerfile_playground/install/start_mission/share/colcon-core/packages/start_mission)
[1.649s] DEBUG:colcon.colcon_core.event_handler.log_command:Invoked command in '/home/colin/dockerfile_playground/build/custom_interfaces' returned '0': CMAKE_PREFIX_PATH=/opt/ros/humble /usr/bin/cmake --build /home/colin/dockerfile_playground/build/custom_interfaces -- -j12 -l12
[1.652s] DEBUG:colcon.colcon_core.event_handler.log_command:Invoking command in '/home/colin/dockerfile_playground/build/custom_interfaces': CMAKE_PREFIX_PATH=/opt/ros/humble /usr/bin/cmake --install /home/colin/dockerfile_playground/build/custom_interfaces
[1.733s] Level 1:colcon.colcon_core.environment:create_environment_scripts_only(custom_interfaces)
[1.733s] Level 1:colcon.colcon_core.environment:checking '/home/colin/dockerfile_playground/install/custom_interfaces' for CMake module files
[1.734s] DEBUG:colcon.colcon_core.event_handler.log_command:Invoked command in '/home/colin/dockerfile_playground/build/custom_interfaces' returned '0': CMAKE_PREFIX_PATH=/opt/ros/humble /usr/bin/cmake --install /home/colin/dockerfile_playground/build/custom_interfaces
[1.734s] Level 1:colcon.colcon_core.environment:checking '/home/colin/dockerfile_playground/install/custom_interfaces' for CMake config files
[1.735s] Level 1:colcon.colcon_core.shell:create_environment_hook('custom_interfaces', 'cmake_prefix_path')
[1.735s] INFO:colcon.colcon_core.shell:Creating environment hook '/home/colin/dockerfile_playground/install/custom_interfaces/share/custom_interfaces/hook/cmake_prefix_path.ps1'
[1.736s] INFO:colcon.colcon_core.shell:Creating environment descriptor '/home/colin/dockerfile_playground/install/custom_interfaces/share/custom_interfaces/hook/cmake_prefix_path.dsv'
[1.736s] INFO:colcon.colcon_core.shell:Creating environment hook '/home/colin/dockerfile_playground/install/custom_interfaces/share/custom_interfaces/hook/cmake_prefix_path.sh'
[1.737s] Level 1:colcon.colcon_core.environment:checking '/home/colin/dockerfile_playground/install/custom_interfaces/lib'
[1.737s] Level 1:colcon.colcon_core.shell:create_environment_hook('custom_interfaces', 'ld_library_path_lib')
[1.737s] INFO:colcon.colcon_core.shell:Creating environment hook '/home/colin/dockerfile_playground/install/custom_interfaces/share/custom_interfaces/hook/ld_library_path_lib.ps1'
[1.738s] INFO:colcon.colcon_core.shell:Creating environment descriptor '/home/colin/dockerfile_playground/install/custom_interfaces/share/custom_interfaces/hook/ld_library_path_lib.dsv'
[1.739s] INFO:colcon.colcon_core.shell:Creating environment hook '/home/colin/dockerfile_playground/install/custom_interfaces/share/custom_interfaces/hook/ld_library_path_lib.sh'
[1.739s] Level 1:colcon.colcon_core.environment:checking '/home/colin/dockerfile_playground/install/custom_interfaces/bin'
[1.739s] Level 1:colcon.colcon_core.environment:checking '/home/colin/dockerfile_playground/install/custom_interfaces/lib/pkgconfig/custom_interfaces.pc'
[1.740s] Level 1:colcon.colcon_core.environment:checking '/home/colin/dockerfile_playground/install/custom_interfaces/lib/python3.10/site-packages'
[1.740s] Level 1:colcon.colcon_core.environment:checking '/home/colin/dockerfile_playground/install/custom_interfaces/bin'
[1.740s] INFO:colcon.colcon_core.shell:Creating package script '/home/colin/dockerfile_playground/install/custom_interfaces/share/custom_interfaces/package.ps1'
[1.741s] INFO:colcon.colcon_core.shell:Creating package descriptor '/home/colin/dockerfile_playground/install/custom_interfaces/share/custom_interfaces/package.dsv'
[1.742s] INFO:colcon.colcon_core.shell:Creating package script '/home/colin/dockerfile_playground/install/custom_interfaces/share/custom_interfaces/package.sh'
[1.742s] INFO:colcon.colcon_core.shell:Creating package script '/home/colin/dockerfile_playground/install/custom_interfaces/share/custom_interfaces/package.bash'
[1.743s] INFO:colcon.colcon_core.shell:Creating package script '/home/colin/dockerfile_playground/install/custom_interfaces/share/custom_interfaces/package.zsh'
[1.743s] Level 1:colcon.colcon_core.environment:create_file_with_runtime_dependencies(/home/colin/dockerfile_playground/install/custom_interfaces/share/colcon-core/packages/custom_interfaces)
[1.744s] Level 1:colcon.colcon_core.environment:create_environment_scripts_only(custom_interfaces)
[1.744s] Level 1:colcon.colcon_core.environment:checking '/home/colin/dockerfile_playground/install/custom_interfaces' for CMake module files
[1.745s] Level 1:colcon.colcon_core.environment:checking '/home/colin/dockerfile_playground/install/custom_interfaces' for CMake config files
[1.745s] Level 1:colcon.colcon_core.shell:create_environment_hook('custom_interfaces', 'cmake_prefix_path')
[1.746s] INFO:colcon.colcon_core.shell:Creating environment hook '/home/colin/dockerfile_playground/install/custom_interfaces/share/custom_interfaces/hook/cmake_prefix_path.ps1'
[1.746s] INFO:colcon.colcon_core.shell:Creating environment descriptor '/home/colin/dockerfile_playground/install/custom_interfaces/share/custom_interfaces/hook/cmake_prefix_path.dsv'
[1.747s] INFO:colcon.colcon_core.shell:Creating environment hook '/home/colin/dockerfile_playground/install/custom_interfaces/share/custom_interfaces/hook/cmake_prefix_path.sh'
[1.747s] Level 1:colcon.colcon_core.environment:checking '/home/colin/dockerfile_playground/install/custom_interfaces/lib'
[1.747s] Level 1:colcon.colcon_core.shell:create_environment_hook('custom_interfaces', 'ld_library_path_lib')
[1.748s] INFO:colcon.colcon_core.shell:Creating environment hook '/home/colin/dockerfile_playground/install/custom_interfaces/share/custom_interfaces/hook/ld_library_path_lib.ps1'
[1.748s] INFO:colcon.colcon_core.shell:Creating environment descriptor '/home/colin/dockerfile_playground/install/custom_interfaces/share/custom_interfaces/hook/ld_library_path_lib.dsv'
[1.749s] INFO:colcon.colcon_core.shell:Creating environment hook '/home/colin/dockerfile_playground/install/custom_interfaces/share/custom_interfaces/hook/ld_library_path_lib.sh'
[1.749s] Level 1:colcon.colcon_core.environment:checking '/home/colin/dockerfile_playground/install/custom_interfaces/bin'
[1.749s] Level 1:colcon.colcon_core.environment:checking '/home/colin/dockerfile_playground/install/custom_interfaces/lib/pkgconfig/custom_interfaces.pc'
[1.749s] Level 1:colcon.colcon_core.environment:checking '/home/colin/dockerfile_playground/install/custom_interfaces/lib/python3.10/site-packages'
[1.749s] Level 1:colcon.colcon_core.environment:checking '/home/colin/dockerfile_playground/install/custom_interfaces/bin'
[1.750s] INFO:colcon.colcon_core.shell:Creating package script '/home/colin/dockerfile_playground/install/custom_interfaces/share/custom_interfaces/package.ps1'
[1.750s] INFO:colcon.colcon_core.shell:Creating package descriptor '/home/colin/dockerfile_playground/install/custom_interfaces/share/custom_interfaces/package.dsv'
[1.751s] INFO:colcon.colcon_core.shell:Creating package script '/home/colin/dockerfile_playground/install/custom_interfaces/share/custom_interfaces/package.sh'
[1.751s] INFO:colcon.colcon_core.shell:Creating package script '/home/colin/dockerfile_playground/install/custom_interfaces/share/custom_interfaces/package.bash'
[1.752s] INFO:colcon.colcon_core.shell:Creating package script '/home/colin/dockerfile_playground/install/custom_interfaces/share/custom_interfaces/package.zsh'
[1.752s] Level 1:colcon.colcon_core.environment:create_file_with_runtime_dependencies(/home/colin/dockerfile_playground/install/custom_interfaces/share/colcon-core/packages/custom_interfaces)
[1.753s] INFO:colcon.colcon_ros.task.ament_python.build:Building ROS package in '/home/colin/dockerfile_playground/ros2_ws/src/mission' with build type 'ament_python'
[1.753s] Level 1:colcon.colcon_core.shell:create_environment_hook('mission', 'ament_prefix_path')
[1.754s] INFO:colcon.colcon_core.shell:Creating environment hook '/home/colin/dockerfile_playground/install/mission/share/mission/hook/ament_prefix_path.ps1'
[1.755s] INFO:colcon.colcon_core.shell:Creating environment descriptor '/home/colin/dockerfile_playground/install/mission/share/mission/hook/ament_prefix_path.dsv'
[1.757s] INFO:colcon.colcon_core.shell:Creating environment hook '/home/colin/dockerfile_playground/install/mission/share/mission/hook/ament_prefix_path.sh'
[1.757s] INFO:colcon.colcon_core.shell:Skip shell extension 'powershell' for command environment: Not usable outside of PowerShell
[1.757s] DEBUG:colcon.colcon_core.shell:Skip shell extension 'dsv' for command environment
[1.761s] INFO:colcon.colcon_ros.task.ament_python.build:Building ROS package in '/home/colin/dockerfile_playground/ros2_ws/src/polar' with build type 'ament_python'
[1.761s] Level 1:colcon.colcon_core.shell:create_environment_hook('polar', 'ament_prefix_path')
[1.762s] INFO:colcon.colcon_core.shell:Creating environment hook '/home/colin/dockerfile_playground/install/polar/share/polar/hook/ament_prefix_path.ps1'
[1.763s] INFO:colcon.colcon_core.shell:Creating environment descriptor '/home/colin/dockerfile_playground/install/polar/share/polar/hook/ament_prefix_path.dsv'
[1.763s] INFO:colcon.colcon_core.shell:Creating environment hook '/home/colin/dockerfile_playground/install/polar/share/polar/hook/ament_prefix_path.sh'
[1.764s] INFO:colcon.colcon_core.shell:Skip shell extension 'powershell' for command environment: Not usable outside of PowerShell
[1.764s] DEBUG:colcon.colcon_core.shell:Skip shell extension 'dsv' for command environment
[2.271s] INFO:colcon.colcon_core.task.python.build:Building Python package in '/home/colin/dockerfile_playground/ros2_ws/src/mission'
[2.271s] INFO:colcon.colcon_core.shell:Skip shell extension 'powershell' for command environment: Not usable outside of PowerShell
[2.271s] DEBUG:colcon.colcon_core.shell:Skip shell extension 'dsv' for command environment
[2.539s] INFO:colcon.colcon_core.task.python.build:Building Python package in '/home/colin/dockerfile_playground/ros2_ws/src/polar'
[2.540s] INFO:colcon.colcon_core.shell:Skip shell extension 'powershell' for command environment: Not usable outside of PowerShell
[2.540s] DEBUG:colcon.colcon_core.shell:Skip shell extension 'dsv' for command environment
[3.132s] DEBUG:colcon.colcon_core.event_handler.log_command:Invoking command in '/home/colin/dockerfile_playground/ros2_ws/src/mission': AMENT_PREFIX_PATH=/home/colin/dockerfile_playground/install/custom_interfaces:${AMENT_PREFIX_PATH} CMAKE_PREFIX_PATH=/home/colin/dockerfile_playground/install/custom_interfaces LD_LIBRARY_PATH=/home/colin/dockerfile_playground/install/custom_interfaces/lib:${LD_LIBRARY_PATH} PYTHONPATH=/home/colin/dockerfile_playground/build/mission/prefix_override:/usr/lib/python3/dist-packages/colcon_core/task/python/colcon_distutils_commands:/home/colin/dockerfile_playground/install/mission/lib/python3.10/site-packages:/home/colin/dockerfile_playground/install/custom_interfaces/local/lib/python3.10/dist-packages:${PYTHONPATH} /usr/bin/python3 -W ignore:setup.py install is deprecated -W ignore:easy_install command is deprecated setup.py egg_info --egg-base ../../../build/mission build --build-base /home/colin/dockerfile_playground/build/mission/build install --record /home/colin/dockerfile_playground/build/mission/install.log --single-version-externally-managed install_data
[3.290s] DEBUG:colcon.colcon_core.event_handler.log_command:Invoking command in '/home/colin/dockerfile_playground/ros2_ws/src/polar': AMENT_PREFIX_PATH=/home/colin/dockerfile_playground/install/custom_interfaces:${AMENT_PREFIX_PATH} CMAKE_PREFIX_PATH=/home/colin/dockerfile_playground/install/custom_interfaces LD_LIBRARY_PATH=/home/colin/dockerfile_playground/install/custom_interfaces/lib:${LD_LIBRARY_PATH} PYTHONPATH=/home/colin/dockerfile_playground/build/polar/prefix_override:/usr/lib/python3/dist-packages/colcon_core/task/python/colcon_distutils_commands:/home/colin/dockerfile_playground/install/polar/lib/python3.10/site-packages:/home/colin/dockerfile_playground/install/custom_interfaces/local/lib/python3.10/dist-packages:${PYTHONPATH} /usr/bin/python3 -W ignore:setup.py install is deprecated -W ignore:easy_install command is deprecated setup.py egg_info --egg-base ../../../build/polar build --build-base /home/colin/dockerfile_playground/build/polar/build install --record /home/colin/dockerfile_playground/build/polar/install.log --single-version-externally-managed install_data
[3.651s] Level 1:colcon.colcon_core.environment:checking '/home/colin/dockerfile_playground/install/mission' for CMake module files
[3.652s] DEBUG:colcon.colcon_core.event_handler.log_command:Invoked command in '/home/colin/dockerfile_playground/ros2_ws/src/mission' returned '0': AMENT_PREFIX_PATH=/home/colin/dockerfile_playground/install/custom_interfaces:${AMENT_PREFIX_PATH} CMAKE_PREFIX_PATH=/home/colin/dockerfile_playground/install/custom_interfaces LD_LIBRARY_PATH=/home/colin/dockerfile_playground/install/custom_interfaces/lib:${LD_LIBRARY_PATH} PYTHONPATH=/home/colin/dockerfile_playground/build/mission/prefix_override:/usr/lib/python3/dist-packages/colcon_core/task/python/colcon_distutils_commands:/home/colin/dockerfile_playground/install/mission/lib/python3.10/site-packages:/home/colin/dockerfile_playground/install/custom_interfaces/local/lib/python3.10/dist-packages:${PYTHONPATH} /usr/bin/python3 -W ignore:setup.py install is deprecated -W ignore:easy_install command is deprecated setup.py egg_info --egg-base ../../../build/mission build --build-base /home/colin/dockerfile_playground/build/mission/build install --record /home/colin/dockerfile_playground/build/mission/install.log --single-version-externally-managed install_data
[3.652s] Level 1:colcon.colcon_core.environment:checking '/home/colin/dockerfile_playground/install/mission' for CMake config files
[3.653s] Level 1:colcon.colcon_core.environment:checking '/home/colin/dockerfile_playground/install/mission/lib'
[3.653s] Level 1:colcon.colcon_core.environment:checking '/home/colin/dockerfile_playground/install/mission/bin'
[3.653s] Level 1:colcon.colcon_core.environment:checking '/home/colin/dockerfile_playground/install/mission/lib/pkgconfig/mission.pc'
[3.654s] Level 1:colcon.colcon_core.environment:checking '/home/colin/dockerfile_playground/install/mission/lib/python3.10/site-packages'
[3.654s] Level 1:colcon.colcon_core.shell:create_environment_hook('mission', 'pythonpath')
[3.654s] INFO:colcon.colcon_core.shell:Creating environment hook '/home/colin/dockerfile_playground/install/mission/share/mission/hook/pythonpath.ps1'
[3.654s] INFO:colcon.colcon_core.shell:Creating environment descriptor '/home/colin/dockerfile_playground/install/mission/share/mission/hook/pythonpath.dsv'
[3.655s] INFO:colcon.colcon_core.shell:Creating environment hook '/home/colin/dockerfile_playground/install/mission/share/mission/hook/pythonpath.sh'
[3.655s] Level 1:colcon.colcon_core.environment:checking '/home/colin/dockerfile_playground/install/mission/bin'
[3.655s] Level 1:colcon.colcon_core.environment:create_environment_scripts_only(mission)
[3.656s] INFO:colcon.colcon_core.shell:Creating package script '/home/colin/dockerfile_playground/install/mission/share/mission/package.ps1'
[3.656s] INFO:colcon.colcon_core.shell:Creating package descriptor '/home/colin/dockerfile_playground/install/mission/share/mission/package.dsv'
[3.657s] INFO:colcon.colcon_core.shell:Creating package script '/home/colin/dockerfile_playground/install/mission/share/mission/package.sh'
[3.657s] INFO:colcon.colcon_core.shell:Creating package script '/home/colin/dockerfile_playground/install/mission/share/mission/package.bash'
[3.657s] INFO:colcon.colcon_core.shell:Creating package script '/home/colin/dockerfile_playground/install/mission/share/mission/package.zsh'
[3.658s] Level 1:colcon.colcon_core.environment:create_file_with_runtime_dependencies(/home/colin/dockerfile_playground/install/mission/share/colcon-core/packages/mission)
[3.818s] Level 1:colcon.colcon_core.environment:checking '/home/colin/dockerfile_playground/install/polar' for CMake module files
[3.819s] DEBUG:colcon.colcon_core.event_handler.log_command:Invoked command in '/home/colin/dockerfile_playground/ros2_ws/src/polar' returned '0': AMENT_PREFIX_PATH=/home/colin/dockerfile_playground/install/custom_interfaces:${AMENT_PREFIX_PATH} CMAKE_PREFIX_PATH=/home/colin/dockerfile_playground/install/custom_interfaces LD_LIBRARY_PATH=/home/colin/dockerfile_playground/install/custom_interfaces/lib:${LD_LIBRARY_PATH} PYTHONPATH=/home/colin/dockerfile_playground/build/polar/prefix_override:/usr/lib/python3/dist-packages/colcon_core/task/python/colcon_distutils_commands:/home/colin/dockerfile_playground/install/polar/lib/python3.10/site-packages:/home/colin/dockerfile_playground/install/custom_interfaces/local/lib/python3.10/dist-packages:${PYTHONPATH} /usr/bin/python3 -W ignore:setup.py install is deprecated -W ignore:easy_install command is deprecated setup.py egg_info --egg-base ../../../build/polar build --build-base /home/colin/dockerfile_playground/build/polar/build install --record /home/colin/dockerfile_playground/build/polar/install.log --single-version-externally-managed install_data
[3.819s] Level 1:colcon.colcon_core.environment:checking '/home/colin/dockerfile_playground/install/polar' for CMake config files
[3.820s] Level 1:colcon.colcon_core.environment:checking '/home/colin/dockerfile_playground/install/polar/lib'
[3.820s] Level 1:colcon.colcon_core.environment:checking '/home/colin/dockerfile_playground/install/polar/bin'
[3.820s] Level 1:colcon.colcon_core.environment:checking '/home/colin/dockerfile_playground/install/polar/lib/pkgconfig/polar.pc'
[3.820s] Level 1:colcon.colcon_core.environment:checking '/home/colin/dockerfile_playground/install/polar/lib/python3.10/site-packages'
[3.820s] Level 1:colcon.colcon_core.shell:create_environment_hook('polar', 'pythonpath')
[3.820s] INFO:colcon.colcon_core.shell:Creating environment hook '/home/colin/dockerfile_playground/install/polar/share/polar/hook/pythonpath.ps1'
[3.821s] INFO:colcon.colcon_core.shell:Creating environment descriptor '/home/colin/dockerfile_playground/install/polar/share/polar/hook/pythonpath.dsv'
[3.821s] INFO:colcon.colcon_core.shell:Creating environment hook '/home/colin/dockerfile_playground/install/polar/share/polar/hook/pythonpath.sh'
[3.822s] Level 1:colcon.colcon_core.environment:checking '/home/colin/dockerfile_playground/install/polar/bin'
[3.822s] Level 1:colcon.colcon_core.environment:create_environment_scripts_only(polar)
[3.822s] INFO:colcon.colcon_core.shell:Creating package script '/home/colin/dockerfile_playground/install/polar/share/polar/package.ps1'
[3.822s] INFO:colcon.colcon_core.shell:Creating package descriptor '/home/colin/dockerfile_playground/install/polar/share/polar/package.dsv'
[3.823s] INFO:colcon.colcon_core.shell:Creating package script '/home/colin/dockerfile_playground/install/polar/share/polar/package.sh'
[3.823s] INFO:colcon.colcon_core.shell:Creating package script '/home/colin/dockerfile_playground/install/polar/share/polar/package.bash'
[3.824s] INFO:colcon.colcon_core.shell:Creating package script '/home/colin/dockerfile_playground/install/polar/share/polar/package.zsh'
[3.824s] Level 1:colcon.colcon_core.environment:create_file_with_runtime_dependencies(/home/colin/dockerfile_playground/install/polar/share/colcon-core/packages/polar)
[3.824s] DEBUG:colcon.colcon_parallel_executor.executor.parallel:closing loop
[3.825s] DEBUG:colcon.colcon_parallel_executor.executor.parallel:loop closed
[3.825s] DEBUG:colcon.colcon_parallel_executor.executor.parallel:run_until_complete finished with '0'
[3.825s] DEBUG:colcon.colcon_core.event_reactor:joining thread
[3.879s] INFO:colcon.colcon_core.plugin_system:Skipping extension 'colcon_notification.desktop_notification.notify_send': Could not find 'notify-send'
[3.879s] INFO:colcon.colcon_core.plugin_system:Skipping extension 'colcon_notification.desktop_notification.terminal_notifier': Not used on non-Darwin systems
[3.879s] INFO:colcon.colcon_core.plugin_system:Skipping extension 'colcon_notification.desktop_notification.win32': Not used on non-Windows systems
[3.880s] INFO:colcon.colcon_notification.desktop_notification:Sending desktop notification using 'notify2'
[3.881s] DEBUG:colcon.colcon_notification.desktop_notification.notify2:Failed to initialize notify2: org.freedesktop.DBus.Error.ServiceUnknown: The name org.freedesktop.Notifications was not provided by any .service files
[3.881s] DEBUG:colcon.colcon_core.event_reactor:joined thread
[3.882s] INFO:colcon.colcon_core.shell:Creating prefix script '/home/colin/dockerfile_playground/install/local_setup.ps1'
[3.883s] INFO:colcon.colcon_core.shell:Creating prefix util module '/home/colin/dockerfile_playground/install/_local_setup_util_ps1.py'
[3.884s] INFO:colcon.colcon_core.shell:Creating prefix chain script '/home/colin/dockerfile_playground/install/setup.ps1'
[3.885s] INFO:colcon.colcon_core.shell:Creating prefix script '/home/colin/dockerfile_playground/install/local_setup.sh'
[3.885s] INFO:colcon.colcon_core.shell:Creating prefix util module '/home/colin/dockerfile_playground/install/_local_setup_util_sh.py'
[3.886s] INFO:colcon.colcon_core.shell:Creating prefix chain script '/home/colin/dockerfile_playground/install/setup.sh'
[3.887s] INFO:colcon.colcon_core.shell:Creating prefix script '/home/colin/dockerfile_playground/install/local_setup.bash'
[3.887s] INFO:colcon.colcon_core.shell:Creating prefix chain script '/home/colin/dockerfile_playground/install/setup.bash'
[3.888s] INFO:colcon.colcon_core.shell:Creating prefix script '/home/colin/dockerfile_playground/install/local_setup.zsh'
[3.888s] INFO:colcon.colcon_core.shell:Creating prefix chain script '/home/colin/dockerfile_playground/install/setup.zsh'
